2024-08-11T14:49:56.1872027Z ##[group]Run distrho/dpf-makefile-action@v1
2024-08-11T14:49:56.1872443Z with:
2024-08-11T14:49:56.1872662Z   target: source
2024-08-11T14:49:56.1872907Z   debug: false
2024-08-11T14:49:56.1873127Z   lto: false
2024-08-11T14:49:56.1873349Z   dpf_path: dpf
2024-08-11T14:49:56.1873584Z   faust: false
2024-08-11T14:49:56.1873824Z   pawpaw: false
2024-08-11T14:49:56.1874079Z   release: true
2024-08-11T14:49:56.1874293Z env:
2024-08-11T14:49:56.1874501Z   PAWPAW_SKIP_LV2: 0
2024-08-11T14:49:56.1874752Z ##[endgroup]
2024-08-11T14:49:56.2100166Z ##[group]Run echo "DEBIAN_FRONTEND=noninteractive" >> $GITHUB_ENV
2024-08-11T14:49:56.2100848Z [36;1mecho "DEBIAN_FRONTEND=noninteractive" >> $GITHUB_ENV[0m
2024-08-11T14:49:56.2101372Z [36;1mecho "HOMEBREW_NO_AUTO_UPDATE=1" >> $GITHUB_ENV[0m
2024-08-11T14:49:56.2101858Z [36;1mecho "HOMEBREW_NO_INSTALL_CLEANUP=1" >> $GITHUB_ENV[0m
2024-08-11T14:49:56.2102354Z [36;1mecho "LIBGL_ALWAYS_SOFTWARE=true" >> $GITHUB_ENV[0m
2024-08-11T14:49:56.2102911Z [36;1mecho "PAWPAW_CACHE_VERSION=${PAWPAW_CACHE_VERSION:=8}" >> $GITHUB_ENV[0m
2024-08-11T14:49:56.2103751Z [36;1mecho "PAWPAW_COMMIT_HASH=${PAWPAW_COMMIT_HASH:=80607a764da0b5a6b2daa4d5dd165beafa0535bc}" >> $GITHUB_ENV[0m
2024-08-11T14:49:56.2104502Z [36;1mecho "PAWPAW_SKIP_GLIB=${PAWPAW_SKIP_GLIB:=1}" >> $GITHUB_ENV[0m
2024-08-11T14:49:56.2105075Z [36;1mecho "PAWPAW_SKIP_LV2=${PAWPAW_SKIP_LV2:=1}" >> $GITHUB_ENV[0m
2024-08-11T14:49:56.2236231Z shell: /usr/bin/bash --noprofile --norc -e -o pipefail {0}
2024-08-11T14:49:56.2236719Z env:
2024-08-11T14:49:56.2236956Z   PAWPAW_SKIP_LV2: 0
2024-08-11T14:49:56.2237219Z ##[endgroup]
2024-08-11T14:49:56.2422587Z ##[group]Run echo "UBUNTU_CODENAME=$(lsb_release -sc)" >> $GITHUB_ENV
2024-08-11T14:49:56.2423245Z [36;1mecho "UBUNTU_CODENAME=$(lsb_release -sc)" >> $GITHUB_ENV[0m
2024-08-11T14:49:56.2423789Z [36;1mecho "UBUNTU_VERSION=$(lsb_release -sr)" >> $GITHUB_ENV[0m
2024-08-11T14:49:56.2469718Z shell: /usr/bin/bash --noprofile --norc -e -o pipefail {0}
2024-08-11T14:49:56.2470160Z env:
2024-08-11T14:49:56.2470385Z   PAWPAW_SKIP_LV2: 0
2024-08-11T14:49:56.2470669Z   DEBIAN_FRONTEND: noninteractive
2024-08-11T14:49:56.2470986Z   HOMEBREW_NO_AUTO_UPDATE: 1
2024-08-11T14:49:56.2471291Z   HOMEBREW_NO_INSTALL_CLEANUP: 1
2024-08-11T14:49:56.2471603Z   LIBGL_ALWAYS_SOFTWARE: true
2024-08-11T14:49:56.2471892Z   PAWPAW_CACHE_VERSION: 8
2024-08-11T14:49:56.2472278Z   PAWPAW_COMMIT_HASH: 80607a764da0b5a6b2daa4d5dd165beafa0535bc
2024-08-11T14:49:56.2472715Z   PAWPAW_SKIP_GLIB: 1
2024-08-11T14:49:56.2472968Z ##[endgroup]
2024-08-11T14:49:56.3101026Z ##[group]Run sudo rm /etc/apt/sources.list.d/*.list
2024-08-11T14:49:56.3101508Z [36;1msudo rm /etc/apt/sources.list.d/*.list[0m
2024-08-11T14:49:56.3101899Z [36;1msudo apt-get update -qq[0m
2024-08-11T14:49:56.3102750Z [36;1msudo apt-get purge -yqq git-man libclang* libgbm* libllvm* libmono* libnginx* moby* mono* nginx* perl php* libgdiplus libpcre2-posix3 libselinux1-dev libzip4[0m
2024-08-11T14:49:56.3104587Z [36;1msudo apt-get install -yqq --allow-downgrades autoconf/focal automake/focal build-essential/focal git/focal libgd3/focal libglib2.0-0/focal libglib2.0-dev/focal libpcre2-8-0/focal libpcre2-16-0/focal libpcre2-32-0/focal libpcre2-posix2/focal pkg-config/focal[0m
2024-08-11T14:49:56.3105906Z [36;1msudo apt-get clean[0m
2024-08-11T14:49:56.3154993Z shell: /usr/bin/bash --noprofile --norc -e -o pipefail {0}
2024-08-11T14:49:56.3155433Z env:
2024-08-11T14:49:56.3155654Z   PAWPAW_SKIP_LV2: 0
2024-08-11T14:49:56.3155932Z   DEBIAN_FRONTEND: noninteractive
2024-08-11T14:49:56.3156253Z   HOMEBREW_NO_AUTO_UPDATE: 1
2024-08-11T14:49:56.3156551Z   HOMEBREW_NO_INSTALL_CLEANUP: 1
2024-08-11T14:49:56.3156856Z   LIBGL_ALWAYS_SOFTWARE: true
2024-08-11T14:49:56.3157153Z   PAWPAW_CACHE_VERSION: 8
2024-08-11T14:49:56.3157529Z   PAWPAW_COMMIT_HASH: 80607a764da0b5a6b2daa4d5dd165beafa0535bc
2024-08-11T14:49:56.3157948Z   PAWPAW_SKIP_GLIB: 1
2024-08-11T14:49:56.3158218Z   UBUNTU_CODENAME: focal
2024-08-11T14:49:56.3158490Z   UBUNTU_VERSION: 20.04
2024-08-11T14:49:56.3158969Z ##[endgroup]
2024-08-11T14:50:04.4473902Z (Reading database ... 
2024-08-11T14:50:04.4474701Z (Reading database ... 5%
2024-08-11T14:50:04.4475085Z (Reading database ... 10%
2024-08-11T14:50:04.4475427Z (Reading database ... 15%
2024-08-11T14:50:04.4475766Z (Reading database ... 20%
2024-08-11T14:50:04.4476094Z (Reading database ... 25%
2024-08-11T14:50:04.4476434Z (Reading database ... 30%
2024-08-11T14:50:04.4476757Z (Reading database ... 35%
2024-08-11T14:50:04.4477079Z (Reading database ... 40%
2024-08-11T14:50:04.4477389Z (Reading database ... 45%
2024-08-11T14:50:04.4477706Z (Reading database ... 50%
2024-08-11T14:50:04.4893854Z (Reading database ... 55%
2024-08-11T14:50:04.5277004Z (Reading database ... 60%
2024-08-11T14:50:04.5568025Z (Reading database ... 65%
2024-08-11T14:50:04.6190245Z (Reading database ... 70%
2024-08-11T14:50:04.6693786Z (Reading database ... 75%
2024-08-11T14:50:04.7526440Z (Reading database ... 80%
2024-08-11T14:50:04.8234904Z (Reading database ... 85%
2024-08-11T14:50:04.8706490Z (Reading database ... 90%
2024-08-11T14:50:04.9284351Z (Reading database ... 95%
2024-08-11T14:50:04.9284981Z (Reading database ... 100%
2024-08-11T14:50:04.9285866Z (Reading database ... 270533 files and directories currently installed.)
2024-08-11T14:50:04.9341038Z Removing apache2 (2.4.41-4ubuntu3.21) ...
2024-08-11T14:50:06.0446583Z Removing apache2-bin (2.4.41-4ubuntu3.21) ...
2024-08-11T14:50:06.0612914Z dpkg: warning: while removing apache2-bin, directory '/var/lib/apache2' not empty so not removed
2024-08-11T14:50:06.0733445Z Removing php8.3-dev (8.3.10-1+ubuntu20.04.1+deb.sury.org+1) ...
2024-08-11T14:50:06.0842566Z update-alternatives: using /usr/bin/php-config8.2 to provide /usr/bin/php-config (php-config) in auto mode
2024-08-11T14:50:06.0860109Z update-alternatives: using /usr/bin/phpize8.2 to provide /usr/bin/phpize (phpize) in auto mode
2024-08-11T14:50:06.1838760Z Removing php8.2-dev (8.2.22-1+ubuntu20.04.1+deb.sury.org+1) ...
2024-08-11T14:50:06.1970841Z update-alternatives: using /usr/bin/php-config8.1 to provide /usr/bin/php-config (php-config) in auto mode
2024-08-11T14:50:06.1987418Z update-alternatives: using /usr/bin/phpize8.1 to provide /usr/bin/phpize (phpize) in auto mode
2024-08-11T14:50:06.3436251Z Removing libmagickwand-dev (8:6.9.10.23+dfsg-2.1ubuntu11.10) ...
2024-08-11T14:50:06.3929937Z Removing libmagickwand-6.q16-dev:amd64 (8:6.9.10.23+dfsg-2.1ubuntu11.10) ...
2024-08-11T14:50:06.4162841Z Removing libmagickcore-dev (8:6.9.10.23+dfsg-2.1ubuntu11.10) ...
2024-08-11T14:50:06.4621798Z Removing libmagickcore-6.q16-dev:amd64 (8:6.9.10.23+dfsg-2.1ubuntu11.10) ...
2024-08-11T14:50:06.4829660Z Removing unixodbc-dev (2.3.11-1) ...
2024-08-11T14:50:06.5050830Z Removing libltdl-dev:amd64 (2.4.6-14) ...
2024-08-11T14:50:06.5423110Z Removing php8.1-dev (8.1.29-1+ubuntu20.04.1+deb.sury.org+1) ...
2024-08-11T14:50:06.5886490Z update-alternatives: using /usr/bin/php-config8.0 to provide /usr/bin/php-config (php-config) in auto mode
2024-08-11T14:50:06.5903629Z update-alternatives: using /usr/bin/phpize8.0 to provide /usr/bin/phpize (phpize) in auto mode
2024-08-11T14:50:06.6671386Z Removing r-base-dev (4.4.1-1.2004.0) ...
2024-08-11T14:50:06.6888662Z Removing build-essential (12.8ubuntu1.1) ...
2024-08-11T14:50:06.7209407Z Removing mono-complete (6.12.0.200-0xamarin2+ubuntu2004b1) ...
2024-08-11T14:50:06.7626174Z Removing clang-tidy-10 (1:10.0.0-4ubuntu1) ...
2024-08-11T14:50:06.7823806Z Removing clang-tools-10 (1:10.0.0-4ubuntu1) ...
2024-08-11T14:50:06.8137553Z Removing clang-10 (1:10.0.0-4ubuntu1) ...
2024-08-11T14:50:06.8390707Z Removing clang-tidy-11 (1:11.0.0-2~ubuntu20.04.1) ...
2024-08-11T14:50:06.8594091Z Removing clang-tools-11 (1:11.0.0-2~ubuntu20.04.1) ...
2024-08-11T14:50:06.8878288Z Removing clang-11 (1:11.0.0-2~ubuntu20.04.1) ...
2024-08-11T14:50:06.9089910Z Removing clang-tidy-12 (1:12.0.0-3ubuntu1~20.04.5) ...
2024-08-11T14:50:06.9296379Z Removing clang-tools-12 (1:12.0.0-3ubuntu1~20.04.5) ...
2024-08-11T14:50:06.9617202Z Removing clang-12 (1:12.0.0-3ubuntu1~20.04.5) ...
2024-08-11T14:50:06.9818462Z Removing clang-format-10 (1:10.0.0-4ubuntu1) ...
2024-08-11T14:50:07.0281618Z Removing clang-format-11 (1:11.0.0-2~ubuntu20.04.1) ...
2024-08-11T14:50:07.0518533Z Removing clang-format-12 (1:12.0.0-3ubuntu1~20.04.5) ...
2024-08-11T14:50:07.0715916Z Removing dpkg-dev (1.19.7ubuntu3.2) ...
2024-08-11T14:50:07.1038522Z Removing esl-erlang (1:25.3-1) ...
2024-08-11T14:50:07.5675494Z Removing gh (2.54.0) ...
2024-08-11T14:50:07.5982977Z Removing git-lfs (3.5.1) ...
2024-08-11T14:50:07.6589657Z System Git LFS configuration has been removed.
2024-08-11T14:50:07.6909914Z Removing git-ftp (1.6.0+dfsg-1) ...
2024-08-11T14:50:07.7213272Z Removing ubuntu-server (1.450.2) ...
2024-08-11T14:50:07.7416468Z Removing git (1:2.46.0-0ppa1~ubuntu20.04.1) ...
2024-08-11T14:50:07.8662097Z Removing git-man (1:2.46.0-0ppa1~ubuntu20.04.1) ...
2024-08-11T14:50:07.8947648Z Removing google-chrome-stable (127.0.6533.88-1) ...
2024-08-11T14:50:08.0841686Z Removing librsvg2-dev:amd64 (2.48.9-1ubuntu0.20.04.4) ...
2024-08-11T14:50:08.1301138Z Removing libcairo2-dev:amd64 (1.16.0-4ubuntu1) ...
2024-08-11T14:50:08.1563864Z Removing libcgi-fast-perl (1:2.15-1) ...
2024-08-11T14:50:08.1759610Z Removing libhtml-template-perl (2.97-1) ...
2024-08-11T14:50:08.1963789Z Removing libcgi-pm-perl (4.46-1) ...
2024-08-11T14:50:08.2160113Z Removing libclang-common-10-dev (1:10.0.0-4ubuntu1) ...
2024-08-11T14:50:08.2556534Z Removing libclang-common-11-dev (1:11.0.0-2~ubuntu20.04.1) ...
2024-08-11T14:50:08.2977050Z Removing libclang-common-12-dev (1:12.0.0-3ubuntu1~20.04.5) ...
2024-08-11T14:50:08.3389285Z Removing llvm-10-dev (1:10.0.0-4ubuntu1) ...
2024-08-11T14:50:08.4999924Z Removing liblldb-10 (1:10.0.0-4ubuntu1) ...
2024-08-11T14:50:08.5261999Z Removing libclang-cpp10 (1:10.0.0-4ubuntu1) ...
2024-08-11T14:50:08.5459351Z Removing lldb-11 (1:11.0.0-2~ubuntu20.04.1) ...
2024-08-11T14:50:08.5659080Z Removing llvm-11-dev (1:11.0.0-2~ubuntu20.04.1) ...
2024-08-11T14:50:08.7673400Z Removing python3-lldb-11 (1:11.0.0-2~ubuntu20.04.1) ...
2024-08-11T14:50:08.7889335Z Removing liblldb-11 (1:11.0.0-2~ubuntu20.04.1) ...
2024-08-11T14:50:08.8246998Z Removing libclang-cpp11 (1:11.0.0-2~ubuntu20.04.1) ...
2024-08-11T14:50:08.8642418Z Removing llvm-12-dev (1:12.0.0-3ubuntu1~20.04.5) ...
2024-08-11T14:50:09.0679366Z Removing liblldb-12 (1:12.0.0-3ubuntu1~20.04.5) ...
2024-08-11T14:50:09.1260579Z Removing libclang-cpp12 (1:12.0.0-3ubuntu1~20.04.5) ...
2024-08-11T14:50:09.1503509Z Removing libclang1-10 (1:10.0.0-4ubuntu1) ...
2024-08-11T14:50:09.1761811Z Removing libclang1-11 (1:11.0.0-2~ubuntu20.04.1) ...
2024-08-11T14:50:09.2012925Z Removing libclang1-12 (1:12.0.0-3ubuntu1~20.04.5) ...
2024-08-11T14:50:09.2257512Z Removing libjson-xs-perl (4.020-1build1) ...
2024-08-11T14:50:09.2483784Z Removing libtypes-serialiser-perl (1.0-1) ...
2024-08-11T14:50:09.2738197Z Removing libcommon-sense-perl (3.74-2build6) ...
2024-08-11T14:50:09.2957460Z Removing php8.0-dev (1:8.0.30-8+ubuntu20.04.1+deb.sury.org+1) ...
2024-08-11T14:50:09.3006950Z update-alternatives: using /usr/bin/php-config7.4 to provide /usr/bin/php-config (php-config) in auto mode
2024-08-11T14:50:09.3023532Z update-alternatives: using /usr/bin/phpize7.4 to provide /usr/bin/phpize (phpize) in auto mode
2024-08-11T14:50:09.3652788Z Removing libhttp-message-perl (6.22-1) ...
2024-08-11T14:50:09.3881887Z Removing libencode-locale-perl (1.05-1) ...
2024-08-11T14:50:09.4122020Z Removing liberror-perl (0.17029-1) ...
2024-08-11T14:50:09.4347870Z Removing libfcgi-perl (0.79-1) ...
2024-08-11T14:50:09.4547626Z Removing libxft-dev:amd64 (2.3.3-0ubuntu1) ...
2024-08-11T14:50:09.4820308Z Removing libfontconfig1-dev:amd64 (2.13.1-2ubuntu3) ...
2024-08-11T14:50:09.5219576Z Removing libgbm-dev:amd64 (21.2.6-0ubuntu0.1~20.04.2) ...
2024-08-11T14:50:09.5482628Z Removing microsoft-edge-stable (127.0.2651.86-1) ...
2024-08-11T14:50:09.6584169Z update-alternatives: using /usr/bin/firefox to provide /usr/bin/x-www-browser (x-www-browser) in auto mode
2024-08-11T14:50:09.6601953Z update-alternatives: using /usr/bin/firefox to provide /usr/bin/gnome-www-browser (gnome-www-browser) in auto mode
2024-08-11T14:50:09.7019207Z Removing libgbm1:amd64 (21.2.6-0ubuntu0.1~20.04.2) ...
2024-08-11T14:50:09.7309368Z Removing msbuild (1:16.10.1+xamarinxplat.2021.05.26.14.00-0xamarin2+ubuntu2004b1) ...
2024-08-11T14:50:09.9199335Z Removing libgdk-pixbuf2.0-dev:amd64 (2.40.0+dfsg-3ubuntu0.5) ...
2024-08-11T14:50:09.9414214Z Removing xvfb (2:1.20.13-1ubuntu1~20.04.17) ...
2024-08-11T14:50:09.9613530Z Removing libwxgtk3.0-gtk3-0v5:amd64 (3.0.4+dfsg-15build1) ...
2024-08-11T14:50:09.9837570Z Removing libgl1:amd64 (1.3.2-1~ubuntu0.20.04.2) ...
2024-08-11T14:50:10.0231522Z Removing libglx0:amd64 (1.3.2-1~ubuntu0.20.04.2) ...
2024-08-11T14:50:10.0422045Z Removing libglx-mesa0:amd64 (21.2.6-0ubuntu0.1~20.04.2) ...
2024-08-11T14:50:10.0711377Z Removing libgl1-mesa-dri:amd64 (21.2.6-0ubuntu0.1~20.04.2) ...
2024-08-11T14:50:10.1133351Z Removing libsecret-1-dev:amd64 (0.20.4-0ubuntu1) ...
2024-08-11T14:50:10.1404101Z Removing libglib2.0-dev:amd64 (2.64.6-1~ubuntu20.04.7) ...
2024-08-11T14:50:10.2494117Z Removing libhtml-parser-perl (3.72-5) ...
2024-08-11T14:50:10.2714302Z Removing libhtml-tagset-perl (3.20-4) ...
2024-08-11T14:50:10.2899860Z Removing libhttp-date-perl (6.05-1) ...
2024-08-11T14:50:10.3129978Z Removing libio-html-perl (1.001-1) ...
2024-08-11T14:50:10.3321839Z Removing postgresql-14 (14.12-1.pgdg20.04+1) ...
2024-08-11T14:50:10.7111530Z update-alternatives: warning: forcing reinstallation of alternative /usr/share/postgresql/14/man/man1/psql.1.gz because link group psql.1.gz is broken
2024-08-11T14:50:10.9343194Z Removing postgresql-common (261.pgdg20.04+1) ...
2024-08-11T14:50:11.2933411Z Removing 'diversion of /usr/bin/pg_config to /usr/bin/pg_config.libpq-dev by postgresql-common'
2024-08-11T14:50:11.8086824Z Removing libjson-perl (4.02000-2) ...
2024-08-11T14:50:11.8309033Z Removing llvm-10 (1:10.0.0-4ubuntu1) ...
2024-08-11T14:50:11.8631633Z Removing llvm-10-runtime (1:10.0.0-4ubuntu1) ...
2024-08-11T14:50:11.9056977Z Removing lld-10 (1:10.0.0-4ubuntu1) ...
2024-08-11T14:50:11.9286245Z Removing libllvm10:amd64 (1:10.0.0-4ubuntu1) ...
2024-08-11T14:50:11.9484196Z Removing llvm-11 (1:11.0.0-2~ubuntu20.04.1) ...
2024-08-11T14:50:11.9797274Z Removing llvm-11-runtime (1:11.0.0-2~ubuntu20.04.1) ...
2024-08-11T14:50:12.0172964Z Removing lld-11 (1:11.0.0-2~ubuntu20.04.1) ...
2024-08-11T14:50:12.0389270Z Removing libllvm11:amd64 (1:11.0.0-2~ubuntu20.04.1) ...
2024-08-11T14:50:12.0647939Z Removing llvm-12-tools (1:12.0.0-3ubuntu1~20.04.5) ...
2024-08-11T14:50:12.1338617Z Removing llvm-12 (1:12.0.0-3ubuntu1~20.04.5) ...
2024-08-11T14:50:12.1576997Z Removing llvm-12-runtime (1:12.0.0-3ubuntu1~20.04.5) ...
2024-08-11T14:50:12.2026943Z Removing liblwp-mediatypes-perl (6.04-1) ...
2024-08-11T14:50:12.2207493Z Removing libmono-2.0-1 (6.12.0.200-0xamarin2+ubuntu2004b1) ...
2024-08-11T14:50:12.2497615Z Removing nuget (6.6.1.2.bin-0xamarin3+ubuntu2004b1) ...
2024-08-11T14:50:12.2724847Z Removing mono-csharp-shell (6.12.0.200-0xamarin2+ubuntu2004b1) ...
2024-08-11T14:50:12.3526141Z Removing referenceassemblies-pcl (2014.04.14-1xamarin7+ubuntu2004b1) ...
2024-08-11T14:50:12.4820774Z Removing mono-4.0-service (6.12.0.200-0xamarin2+ubuntu2004b1) ...
2024-08-11T14:50:12.5037634Z Removing libmono-profiler (6.12.0.200-0xamarin2+ubuntu2004b1) ...
2024-08-11T14:50:12.6831733Z Removing mono-utils (6.12.0.200-0xamarin2+ubuntu2004b1) ...
2024-08-11T14:50:12.7226628Z Removing libmonoboehm-2.0-1 (6.12.0.200-0xamarin2+ubuntu2004b1) ...
2024-08-11T14:50:12.7546393Z Removing nginx (1.18.0-0ubuntu1.5) ...
2024-08-11T14:50:12.7753497Z Removing nginx-core (1.18.0-0ubuntu1.5) ...
2024-08-11T14:50:13.0680135Z Removing libnginx-mod-http-image-filter (1.18.0-0ubuntu1.5) ...
2024-08-11T14:50:13.1096715Z Removing libnginx-mod-http-xslt-filter (1.18.0-0ubuntu1.5) ...
2024-08-11T14:50:13.1616784Z Removing libnginx-mod-mail (1.18.0-0ubuntu1.5) ...
2024-08-11T14:50:13.2163271Z Removing libnginx-mod-stream (1.18.0-0ubuntu1.5) ...
2024-08-11T14:50:13.2662595Z Removing php7.4-dev (1:7.4.33-14+ubuntu20.04.1+deb.sury.org+1) ...
2024-08-11T14:50:13.3914300Z Removing libselinux1-dev:amd64 (3.0-1build2) ...
2024-08-11T14:50:13.4259745Z Removing libpcre2-dev:amd64 (10.42-3+ubuntu20.04.1+deb.sury.org+1) ...
2024-08-11T14:50:13.4496398Z Removing libpcre2-posix3:amd64 (10.42-3+ubuntu20.04.1+deb.sury.org+1) ...
2024-08-11T14:50:13.4904522Z Removing texinfo (6.7.0.dfsg.2-5) ...
2024-08-11T14:50:13.6370455Z Running update-fmtutil. This may take some time. ... done.
2024-08-11T14:50:13.6668358Z Removing libtext-unidecode-perl (1.30-1) ...
2024-08-11T14:50:13.6986811Z Removing libtimedate-perl (2.3200-1) ...
2024-08-11T14:50:13.7207848Z Removing liburi-perl (1.76-2) ...
2024-08-11T14:50:13.7465417Z Removing libxml-libxml-perl (2.0134+dfsg-1build1) ...
2024-08-11T14:50:13.8387866Z update-perl-sax-parsers: Unregistering Perl SAX parser XML::LibXML::SAX::Parser with priority 50...
2024-08-11T14:50:13.8670248Z update-perl-sax-parsers: Unregistering Perl SAX parser XML::LibXML::SAX with priority 50...
2024-08-11T14:50:13.8957448Z update-perl-sax-parsers: Updating overall Perl SAX parser modules info file...
2024-08-11T14:50:14.1572811Z Replacing config file /etc/perl/XML/SAX/ParserDetails.ini with new version
2024-08-11T14:50:14.2721558Z Removing libxml-sax-perl (1.02+dfsg-1) ...
2024-08-11T14:50:14.3048691Z update-perl-sax-parsers: Unregistering Perl SAX parser XML::SAX::PurePerl with priority 50...
2024-08-11T14:50:14.3334048Z update-perl-sax-parsers: Updating overall Perl SAX parser modules info file...
2024-08-11T14:50:14.5427649Z Removing libxml-namespacesupport-perl (1.12-1) ...
2024-08-11T14:50:14.5969001Z Removing libxml-sax-base-perl (1.09-1) ...
2024-08-11T14:50:14.6184181Z Removing php8.0-zip (1:8.0.30-8+ubuntu20.04.1+deb.sury.org+1) ...
2024-08-11T14:50:14.7836857Z Removing php8.3-zip (8.3.10-1+ubuntu20.04.1+deb.sury.org+1) ...
2024-08-11T14:50:14.9367596Z Removing lld-12 (1:12.0.0-3ubuntu1~20.04.5) ...
2024-08-11T14:50:14.9581685Z Removing llvm-12-linker-tools (1:12.0.0-3ubuntu1~20.04.5) ...
2024-08-11T14:50:15.0005941Z Removing mono-llvm-support (6.12.0.200-0xamarin2+ubuntu2004b1) ...
2024-08-11T14:50:15.0290192Z Removing mono-llvm-tools (6.0+mono20190708165219-0xamarin2+ubuntu2004b1) ...
2024-08-11T14:50:15.0567575Z Removing mysql-server (8.0.39-0ubuntu0.20.04.1) ...
2024-08-11T14:50:15.0806942Z Removing mysql-server-8.0 (8.0.39-0ubuntu0.20.04.1) ...
2024-08-11T14:50:15.5098329Z update-alternatives: using /etc/mysql/my.cnf.fallback to provide /etc/mysql/my.cnf (my.cnf) in auto mode
2024-08-11T14:50:15.8084155Z Removing nginx-common (1.18.0-0ubuntu1.5) ...
2024-08-11T14:50:16.1344766Z Removing parallel (20161222-1.1) ...
2024-08-11T14:50:16.1906834Z Removing 'diversion of /usr/bin/parallel to /usr/bin/parallel.moreutils by parallel'
2024-08-11T14:50:16.2055588Z Removing 'diversion of /usr/share/man/man1/parallel.1.gz to /usr/share/man/man1/parallel.moreutils.1.gz by parallel'
2024-08-11T14:50:16.2367525Z Removing postgresql-client-14 (14.12-1.pgdg20.04+1) ...
2024-08-11T14:50:16.3038677Z Removing postgresql-client-common (261.pgdg20.04+1) ...
2024-08-11T14:50:16.3399755Z Removing rpm (4.14.2.1+dfsg1-1build2) ...
2024-08-11T14:50:16.3902342Z Removing php7.4-bcmath (1:7.4.33-14+ubuntu20.04.1+deb.sury.org+1) ...
2024-08-11T14:50:16.5422296Z Removing php8.3-zmq (1.1.3-24+ubuntu20.04.1+deb.sury.org+2) ...
2024-08-11T14:50:16.6700234Z Removing php-pear (1:1.10.13+submodules+notgz+2022032202-2+ubuntu20.04.1+deb.sury.org+1) ...
2024-08-11T14:50:16.7510043Z Removing php7.4 (1:7.4.33-14+ubuntu20.04.1+deb.sury.org+1) ...
2024-08-11T14:50:16.7732448Z Removing php7.4-amqp (2.1.2-1+ubuntu20.04.1+deb.sury.org+1) ...
2024-08-11T14:50:16.8972443Z Removing php7.4-apcu (5.1.23-1+ubuntu20.04.1+deb.sury.org+1) ...
2024-08-11T14:50:17.0199730Z Removing php7.4-bz2 (1:7.4.33-14+ubuntu20.04.1+deb.sury.org+1) ...
2024-08-11T14:50:17.1608337Z Removing php7.4-zmq (1.1.3-24+ubuntu20.04.1+deb.sury.org+2) ...
2024-08-11T14:50:17.2844531Z Removing php7.4-yaml (1:2.2.3-1+ubuntu20.04.1+deb.sury.org+2) ...
2024-08-11T14:50:17.4058599Z Removing php7.4-cgi (1:7.4.33-14+ubuntu20.04.1+deb.sury.org+1) ...
2024-08-11T14:50:18.9706027Z Removing php7.4-xdebug (1:3.1.6-1+ubuntu20.04.1+deb.sury.org+1) ...
2024-08-11T14:50:19.0807093Z Removing php7.4-phpdbg (1:7.4.33-14+ubuntu20.04.1+deb.sury.org+1) ...
2024-08-11T14:50:20.6069524Z Removing php7.4-redis (6.0.2-1+ubuntu20.04.1+deb.sury.org+1) ...
2024-08-11T14:50:20.7332190Z Removing php7.4-fpm (1:7.4.33-14+ubuntu20.04.1+deb.sury.org+1) ...
2024-08-11T14:50:22.7294543Z Removing php7.4-pcov (1.0.11-5+ubuntu20.04.1+deb.sury.org+2) ...
2024-08-11T14:50:22.7950193Z Removing php7.4-zip (1:7.4.33-14+ubuntu20.04.1+deb.sury.org+1) ...
2024-08-11T14:50:22.8591483Z Removing php7.4-xsl (1:7.4.33-14+ubuntu20.04.1+deb.sury.org+1) ...
2024-08-11T14:50:22.8821076Z Removing php7.4-curl (1:7.4.33-14+ubuntu20.04.1+deb.sury.org+1) ...
2024-08-11T14:50:22.9589238Z Removing php7.4-dba (1:7.4.33-14+ubuntu20.04.1+deb.sury.org+1) ...
2024-08-11T14:50:23.0228175Z Removing php7.4-enchant (1:7.4.33-14+ubuntu20.04.1+deb.sury.org+1) ...
2024-08-11T14:50:23.0864796Z Removing php7.4-gd (1:7.4.33-14+ubuntu20.04.1+deb.sury.org+1) ...
2024-08-11T14:50:23.1506579Z Removing php7.4-gmp (1:7.4.33-14+ubuntu20.04.1+deb.sury.org+1) ...
2024-08-11T14:50:23.2142653Z Removing php7.4-memcached (3.2.0++-1+ubuntu20.04.1+deb.sury.org+2) ...
2024-08-11T14:50:23.3198037Z Removing php7.4-igbinary (3.2.15-1+ubuntu20.04.1+deb.sury.org+1) ...
2024-08-11T14:50:23.3847178Z Removing php7.4-imagick (3.7.0-5+ubuntu20.04.1+deb.sury.org+1) ...
2024-08-11T14:50:23.4479357Z Removing php7.4-imap (1:7.4.33-14+ubuntu20.04.1+deb.sury.org+1) ...
2024-08-11T14:50:23.5195138Z Removing php7.4-interbase (1:7.4.33-14+ubuntu20.04.1+deb.sury.org+1) ...
2024-08-11T14:50:23.5832747Z Removing php7.4-intl (1:7.4.33-14+ubuntu20.04.1+deb.sury.org+1) ...
2024-08-11T14:50:23.6485567Z Removing php7.4-ldap (1:7.4.33-14+ubuntu20.04.1+deb.sury.org+1) ...
2024-08-11T14:50:23.7119239Z Removing php7.4-mbstring (1:7.4.33-14+ubuntu20.04.1+deb.sury.org+1) ...
2024-08-11T14:50:23.7925493Z Removing php7.4-memcache (1:4.0.5.2-1+ubuntu20.04.1+deb.sury.org+1) ...
2024-08-11T14:50:23.8612420Z Removing php7.4-mongodb (1.19.3-1+ubuntu20.04.1+deb.sury.org+1) ...
2024-08-11T14:50:23.9260462Z Removing php7.4-msgpack (1:2.2.0-4+ubuntu20.04.1+deb.sury.org+1) ...
2024-08-11T14:50:24.0181670Z Removing php7.4-mysql (1:7.4.33-14+ubuntu20.04.1+deb.sury.org+1) ...
2024-08-11T14:50:24.1475488Z Removing php7.4-odbc (1:7.4.33-14+ubuntu20.04.1+deb.sury.org+1) ...
2024-08-11T14:50:24.2423105Z Removing php7.4-pgsql (1:7.4.33-14+ubuntu20.04.1+deb.sury.org+1) ...
2024-08-11T14:50:24.3538162Z Removing php7.4-pspell (1:7.4.33-14+ubuntu20.04.1+deb.sury.org+1) ...
2024-08-11T14:50:24.4190306Z Removing php7.4-snmp (1:7.4.33-14+ubuntu20.04.1+deb.sury.org+1) ...
2024-08-11T14:50:24.4839140Z Removing php7.4-soap (1:7.4.33-14+ubuntu20.04.1+deb.sury.org+1) ...
2024-08-11T14:50:24.5599767Z Removing php7.4-sqlite3 (1:7.4.33-14+ubuntu20.04.1+deb.sury.org+1) ...
2024-08-11T14:50:24.6684729Z Removing php7.4-sybase (1:7.4.33-14+ubuntu20.04.1+deb.sury.org+1) ...
2024-08-11T14:50:24.7310855Z Removing php7.4-tidy (1:7.4.33-14+ubuntu20.04.1+deb.sury.org+1) ...
2024-08-11T14:50:24.7960921Z Removing php7.4-xml (1:7.4.33-14+ubuntu20.04.1+deb.sury.org+1) ...
2024-08-11T14:50:25.0102685Z Removing php7.4-xmlrpc (1:7.4.33-14+ubuntu20.04.1+deb.sury.org+1) ...
2024-08-11T14:50:25.0795646Z Removing php8.0 (1:8.0.30-8+ubuntu20.04.1+deb.sury.org+1) ...
2024-08-11T14:50:25.0990556Z Removing php8.0-amqp (2.1.2-1+ubuntu20.04.1+deb.sury.org+1) ...
2024-08-11T14:50:25.2210897Z Removing php8.0-apcu (5.1.23-1+ubuntu20.04.1+deb.sury.org+1) ...
2024-08-11T14:50:25.3556206Z Removing php8.0-bcmath (1:8.0.30-8+ubuntu20.04.1+deb.sury.org+1) ...
2024-08-11T14:50:25.4801002Z Removing php8.0-bz2 (1:8.0.30-8+ubuntu20.04.1+deb.sury.org+1) ...
2024-08-11T14:50:25.6069689Z Removing php8.0-zmq (1.1.3-24+ubuntu20.04.1+deb.sury.org+2) ...
2024-08-11T14:50:25.7407317Z Removing php8.0-yaml (2.2.3-2+ubuntu20.04.1+deb.sury.org+2) ...
2024-08-11T14:50:25.8611611Z Removing php8.0-cgi (1:8.0.30-8+ubuntu20.04.1+deb.sury.org+1) ...
2024-08-11T14:50:27.3524468Z Removing php8.0-xdebug (3.3.2-1+ubuntu20.04.1+deb.sury.org+1) ...
2024-08-11T14:50:27.4551490Z Removing php8.0-phpdbg (1:8.0.30-8+ubuntu20.04.1+deb.sury.org+1) ...
2024-08-11T14:50:28.9086031Z Removing php8.0-redis (6.0.2-1+ubuntu20.04.1+deb.sury.org+1) ...
2024-08-11T14:50:28.9916242Z Removing php8.0-xsl (1:8.0.30-8+ubuntu20.04.1+deb.sury.org+1) ...
2024-08-11T14:50:29.0134618Z Removing php8.0-xml (1:8.0.30-8+ubuntu20.04.1+deb.sury.org+1) ...
2024-08-11T14:50:29.3578699Z Removing php8.0-curl (1:8.0.30-8+ubuntu20.04.1+deb.sury.org+1) ...
2024-08-11T14:50:29.4412516Z Removing php8.0-dba (1:8.0.30-8+ubuntu20.04.1+deb.sury.org+1) ...
2024-08-11T14:50:29.5241318Z Removing php8.0-enchant (1:8.0.30-8+ubuntu20.04.1+deb.sury.org+1) ...
2024-08-11T14:50:29.6311169Z Removing php8.0-pcov (1.0.11-5+ubuntu20.04.1+deb.sury.org+2) ...
2024-08-11T14:50:29.7012397Z Removing php8.0-fpm (1:8.0.30-8+ubuntu20.04.1+deb.sury.org+1) ...
2024-08-11T14:50:31.3963078Z Removing php8.0-gd (1:8.0.30-8+ubuntu20.04.1+deb.sury.org+1) ...
2024-08-11T14:50:31.4686435Z Removing php8.0-gmp (1:8.0.30-8+ubuntu20.04.1+deb.sury.org+1) ...
2024-08-11T14:50:31.5480051Z Removing php8.0-memcached (3.2.0++-1+ubuntu20.04.1+deb.sury.org+2) ...
2024-08-11T14:50:31.6165120Z Removing php8.0-igbinary (3.2.15-1+ubuntu20.04.1+deb.sury.org+1) ...
2024-08-11T14:50:31.6965828Z Removing php8.0-imagick (3.7.0-5+ubuntu20.04.1+deb.sury.org+1) ...
2024-08-11T14:50:31.7679518Z Removing php8.0-imap (1:8.0.30-8+ubuntu20.04.1+deb.sury.org+1) ...
2024-08-11T14:50:31.8354229Z Removing php8.0-interbase (1:8.0.30-8+ubuntu20.04.1+deb.sury.org+1) ...
2024-08-11T14:50:31.8979853Z Removing php8.0-intl (1:8.0.30-8+ubuntu20.04.1+deb.sury.org+1) ...
2024-08-11T14:50:31.9785756Z Removing php8.0-ldap (1:8.0.30-8+ubuntu20.04.1+deb.sury.org+1) ...
2024-08-11T14:50:32.0415065Z Removing php8.0-mbstring (1:8.0.30-8+ubuntu20.04.1+deb.sury.org+1) ...
2024-08-11T14:50:32.1060321Z Removing php8.0-memcache (8.2-2+ubuntu20.04.1+deb.sury.org+2) ...
2024-08-11T14:50:32.1786977Z Removing php8.0-mongodb (1.19.3-1+ubuntu20.04.1+deb.sury.org+1) ...
2024-08-11T14:50:32.2462603Z Removing php8.0-msgpack (1:2.2.0-4+ubuntu20.04.1+deb.sury.org+1) ...
2024-08-11T14:50:32.3191120Z Removing php8.0-mysql (1:8.0.30-8+ubuntu20.04.1+deb.sury.org+1) ...
2024-08-11T14:50:32.4432886Z Removing php8.0-odbc (1:8.0.30-8+ubuntu20.04.1+deb.sury.org+1) ...
2024-08-11T14:50:32.5404265Z Removing php8.0-pgsql (1:8.0.30-8+ubuntu20.04.1+deb.sury.org+1) ...
2024-08-11T14:50:32.6401074Z Removing php8.0-pspell (1:8.0.30-8+ubuntu20.04.1+deb.sury.org+1) ...
2024-08-11T14:50:32.7426180Z Removing php8.0-snmp (1:8.0.30-8+ubuntu20.04.1+deb.sury.org+1) ...
2024-08-11T14:50:32.8061514Z Removing php8.0-soap (1:8.0.30-8+ubuntu20.04.1+deb.sury.org+1) ...
2024-08-11T14:50:32.8695843Z Removing php8.0-sqlite3 (1:8.0.30-8+ubuntu20.04.1+deb.sury.org+1) ...
2024-08-11T14:50:32.9771955Z Removing php8.0-sybase (1:8.0.30-8+ubuntu20.04.1+deb.sury.org+1) ...
2024-08-11T14:50:33.0399468Z Removing php8.0-tidy (1:8.0.30-8+ubuntu20.04.1+deb.sury.org+1) ...
2024-08-11T14:50:33.1028033Z Removing php8.1 (8.1.29-1+ubuntu20.04.1+deb.sury.org+1) ...
2024-08-11T14:50:33.1300081Z Removing php8.1-amqp (2.1.2-1+ubuntu20.04.1+deb.sury.org+1) ...
2024-08-11T14:50:33.2596851Z Removing php8.1-apcu (5.1.23-1+ubuntu20.04.1+deb.sury.org+1) ...
2024-08-11T14:50:33.3832587Z Removing php8.1-bcmath (8.1.29-1+ubuntu20.04.1+deb.sury.org+1) ...
2024-08-11T14:50:33.5223672Z Removing php8.1-bz2 (8.1.29-1+ubuntu20.04.1+deb.sury.org+1) ...
2024-08-11T14:50:33.6466362Z Removing php8.1-zmq (1.1.3-24+ubuntu20.04.1+deb.sury.org+2) ...
2024-08-11T14:50:33.7682332Z Removing php8.1-yaml (2.2.3-2+ubuntu20.04.1+deb.sury.org+2) ...
2024-08-11T14:50:33.8901824Z Removing php8.1-cgi (8.1.29-1+ubuntu20.04.1+deb.sury.org+1) ...
2024-08-11T14:50:35.4958352Z Removing php8.1-xdebug (3.3.2-1+ubuntu20.04.1+deb.sury.org+1) ...
2024-08-11T14:50:35.5975312Z Removing php8.1-phpdbg (8.1.29-1+ubuntu20.04.1+deb.sury.org+1) ...
2024-08-11T14:50:37.0803269Z Removing php8.1-redis (6.0.2-1+ubuntu20.04.1+deb.sury.org+1) ...
2024-08-11T14:50:37.1624965Z Removing php8.1-fpm (8.1.29-1+ubuntu20.04.1+deb.sury.org+1) ...
2024-08-11T14:50:39.1148802Z Removing php8.1-pcov (1.0.11-5+ubuntu20.04.1+deb.sury.org+2) ...
2024-08-11T14:50:39.1761941Z Removing php8.1-zip (8.1.29-1+ubuntu20.04.1+deb.sury.org+1) ...
2024-08-11T14:50:39.2711100Z Removing php8.1-xsl (8.1.29-1+ubuntu20.04.1+deb.sury.org+1) ...
2024-08-11T14:50:39.2962323Z Removing php8.1-curl (8.1.29-1+ubuntu20.04.1+deb.sury.org+1) ...
2024-08-11T14:50:39.3757923Z Removing php8.1-dba (8.1.29-1+ubuntu20.04.1+deb.sury.org+1) ...
2024-08-11T14:50:39.4512050Z Removing php8.1-enchant (8.1.29-1+ubuntu20.04.1+deb.sury.org+1) ...
2024-08-11T14:50:39.5298784Z Removing php8.1-gd (8.1.29-1+ubuntu20.04.1+deb.sury.org+1) ...
2024-08-11T14:50:39.6081695Z Removing php8.1-gmp (8.1.29-1+ubuntu20.04.1+deb.sury.org+1) ...
2024-08-11T14:50:39.6892844Z Removing php8.1-memcached (3.2.0++-1+ubuntu20.04.1+deb.sury.org+2) ...
2024-08-11T14:50:39.7554675Z Removing php8.1-igbinary (3.2.15-1+ubuntu20.04.1+deb.sury.org+1) ...
2024-08-11T14:50:39.8184552Z Removing php8.1-imagick (3.7.0-5+ubuntu20.04.1+deb.sury.org+1) ...
2024-08-11T14:50:39.8805875Z Removing php8.1-imap (8.1.29-1+ubuntu20.04.1+deb.sury.org+1) ...
2024-08-11T14:50:39.9648517Z Removing php8.1-interbase (8.1.29-1+ubuntu20.04.1+deb.sury.org+1) ...
2024-08-11T14:50:40.0422309Z Removing php8.1-intl (8.1.29-1+ubuntu20.04.1+deb.sury.org+1) ...
2024-08-11T14:50:40.1237774Z Removing php8.1-ldap (8.1.29-1+ubuntu20.04.1+deb.sury.org+1) ...
2024-08-11T14:50:40.2016780Z Removing php8.1-mbstring (8.1.29-1+ubuntu20.04.1+deb.sury.org+1) ...
2024-08-11T14:50:40.2785254Z Removing php8.1-memcache (8.2-2+ubuntu20.04.1+deb.sury.org+2) ...
2024-08-11T14:50:40.3448907Z Removing php8.1-mongodb (1.19.3-1+ubuntu20.04.1+deb.sury.org+1) ...
2024-08-11T14:50:40.4212371Z Removing php8.1-msgpack (1:2.2.0-4+ubuntu20.04.1+deb.sury.org+1) ...
2024-08-11T14:50:40.4837126Z Removing php8.1-mysql (8.1.29-1+ubuntu20.04.1+deb.sury.org+1) ...
2024-08-11T14:50:40.6125690Z Removing php8.1-odbc (8.1.29-1+ubuntu20.04.1+deb.sury.org+1) ...
2024-08-11T14:50:40.7198656Z Removing php8.1-pgsql (8.1.29-1+ubuntu20.04.1+deb.sury.org+1) ...
2024-08-11T14:50:40.8137894Z Removing php8.1-pspell (8.1.29-1+ubuntu20.04.1+deb.sury.org+1) ...
2024-08-11T14:50:40.8776501Z Removing php8.1-snmp (8.1.29-1+ubuntu20.04.1+deb.sury.org+1) ...
2024-08-11T14:50:40.9412688Z Removing php8.1-soap (8.1.29-1+ubuntu20.04.1+deb.sury.org+1) ...
2024-08-11T14:50:41.0036879Z Removing php8.1-sqlite3 (8.1.29-1+ubuntu20.04.1+deb.sury.org+1) ...
2024-08-11T14:50:41.0972285Z Removing php8.1-sybase (8.1.29-1+ubuntu20.04.1+deb.sury.org+1) ...
2024-08-11T14:50:41.1598725Z Removing php8.1-tidy (8.1.29-1+ubuntu20.04.1+deb.sury.org+1) ...
2024-08-11T14:50:41.2239869Z Removing php8.1-xml (8.1.29-1+ubuntu20.04.1+deb.sury.org+1) ...
2024-08-11T14:50:41.4383082Z Removing php8.2 (8.2.22-1+ubuntu20.04.1+deb.sury.org+1) ...
2024-08-11T14:50:41.4595722Z Removing php8.2-amqp (2.1.2-1+ubuntu20.04.1+deb.sury.org+1) ...
2024-08-11T14:50:41.6113085Z Removing php8.2-apcu (5.1.23-1+ubuntu20.04.1+deb.sury.org+1) ...
2024-08-11T14:50:41.7386729Z Removing php8.2-bcmath (8.2.22-1+ubuntu20.04.1+deb.sury.org+1) ...
2024-08-11T14:50:41.8725639Z Removing php8.2-bz2 (8.2.22-1+ubuntu20.04.1+deb.sury.org+1) ...
2024-08-11T14:50:41.9957818Z Removing php8.2-zmq (1.1.3-24+ubuntu20.04.1+deb.sury.org+2) ...
2024-08-11T14:50:42.1185143Z Removing php8.2-yaml (2.2.3-2+ubuntu20.04.1+deb.sury.org+2) ...
2024-08-11T14:50:42.2397004Z Removing php8.2-cgi (8.2.22-1+ubuntu20.04.1+deb.sury.org+1) ...
2024-08-11T14:50:43.7422697Z Removing php8.2-xdebug (3.3.2-1+ubuntu20.04.1+deb.sury.org+1) ...
2024-08-11T14:50:43.8445307Z Removing php8.2-phpdbg (8.2.22-1+ubuntu20.04.1+deb.sury.org+1) ...
2024-08-11T14:50:45.3281801Z Removing php8.2-redis (6.0.2-1+ubuntu20.04.1+deb.sury.org+1) ...
2024-08-11T14:50:45.4110073Z Removing php8.2-fpm (8.2.22-1+ubuntu20.04.1+deb.sury.org+1) ...
2024-08-11T14:50:47.3407154Z Removing php8.2-pcov (1.0.11-5+ubuntu20.04.1+deb.sury.org+2) ...
2024-08-11T14:50:47.4042036Z Removing php8.2-zip (8.2.22-1+ubuntu20.04.1+deb.sury.org+1) ...
2024-08-11T14:50:47.4678252Z Removing php8.2-xsl (8.2.22-1+ubuntu20.04.1+deb.sury.org+1) ...
2024-08-11T14:50:47.4872367Z Removing php8.2-curl (8.2.22-1+ubuntu20.04.1+deb.sury.org+1) ...
2024-08-11T14:50:47.5537061Z Removing php8.2-dba (8.2.22-1+ubuntu20.04.1+deb.sury.org+1) ...
2024-08-11T14:50:47.6329532Z Removing php8.2-enchant (8.2.22-1+ubuntu20.04.1+deb.sury.org+1) ...
2024-08-11T14:50:47.7287978Z Removing php8.2-gd (8.2.22-1+ubuntu20.04.1+deb.sury.org+1) ...
2024-08-11T14:50:47.8053705Z Removing php8.2-gmp (8.2.22-1+ubuntu20.04.1+deb.sury.org+1) ...
2024-08-11T14:50:47.8681095Z Removing php8.2-memcached (3.2.0++-1+ubuntu20.04.1+deb.sury.org+2) ...
2024-08-11T14:50:47.9447370Z Removing php8.2-igbinary (3.2.15-1+ubuntu20.04.1+deb.sury.org+1) ...
2024-08-11T14:50:48.0077585Z Removing php8.2-imagick (3.7.0-5+ubuntu20.04.1+deb.sury.org+1) ...
2024-08-11T14:50:48.0719018Z Removing php8.2-imap (8.2.22-1+ubuntu20.04.1+deb.sury.org+1) ...
2024-08-11T14:50:48.1642269Z Removing php8.2-interbase (8.2.22-1+ubuntu20.04.1+deb.sury.org+1) ...
2024-08-11T14:50:48.2421744Z Removing php8.2-intl (8.2.22-1+ubuntu20.04.1+deb.sury.org+1) ...
2024-08-11T14:50:48.3076565Z Removing php8.2-ldap (8.2.22-1+ubuntu20.04.1+deb.sury.org+1) ...
2024-08-11T14:50:48.3785489Z Removing php8.2-mbstring (8.2.22-1+ubuntu20.04.1+deb.sury.org+1) ...
2024-08-11T14:50:48.4565589Z Removing php8.2-memcache (8.2-2+ubuntu20.04.1+deb.sury.org+2) ...
2024-08-11T14:50:48.5288430Z Removing php8.2-mongodb (1.19.3-1+ubuntu20.04.1+deb.sury.org+1) ...
2024-08-11T14:50:48.5900671Z Removing php8.2-msgpack (1:2.2.0-4+ubuntu20.04.1+deb.sury.org+1) ...
2024-08-11T14:50:48.6514547Z Removing php8.2-mysql (8.2.22-1+ubuntu20.04.1+deb.sury.org+1) ...
2024-08-11T14:50:48.7745031Z Removing php8.2-odbc (8.2.22-1+ubuntu20.04.1+deb.sury.org+1) ...
2024-08-11T14:50:48.8679224Z Removing php8.2-pgsql (8.2.22-1+ubuntu20.04.1+deb.sury.org+1) ...
2024-08-11T14:50:48.9617878Z Removing php8.2-pspell (8.2.22-1+ubuntu20.04.1+deb.sury.org+1) ...
2024-08-11T14:50:49.0299012Z Removing php8.2-snmp (8.2.22-1+ubuntu20.04.1+deb.sury.org+1) ...
2024-08-11T14:50:49.1050954Z Removing php8.2-soap (8.2.22-1+ubuntu20.04.1+deb.sury.org+1) ...
2024-08-11T14:50:49.1683540Z Removing php8.2-sqlite3 (8.2.22-1+ubuntu20.04.1+deb.sury.org+1) ...
2024-08-11T14:50:49.2750980Z Removing php8.2-sybase (8.2.22-1+ubuntu20.04.1+deb.sury.org+1) ...
2024-08-11T14:50:49.3386557Z Removing php8.2-tidy (8.2.22-1+ubuntu20.04.1+deb.sury.org+1) ...
2024-08-11T14:50:49.4027179Z Removing php8.2-xml (8.2.22-1+ubuntu20.04.1+deb.sury.org+1) ...
2024-08-11T14:50:49.6298524Z Removing php8.3 (8.3.10-1+ubuntu20.04.1+deb.sury.org+1) ...
2024-08-11T14:50:49.6497208Z Removing php8.3-amqp (2.1.2-1+ubuntu20.04.1+deb.sury.org+1) ...
2024-08-11T14:50:49.7895383Z Removing php8.3-apcu (5.1.23-1+ubuntu20.04.1+deb.sury.org+1) ...
2024-08-11T14:50:49.9189081Z Removing php8.3-bcmath (8.3.10-1+ubuntu20.04.1+deb.sury.org+1) ...
2024-08-11T14:50:50.0460623Z Removing php8.3-bz2 (8.3.10-1+ubuntu20.04.1+deb.sury.org+1) ...
2024-08-11T14:50:50.1691467Z Removing php8.3-yaml (2.2.3-2+ubuntu20.04.1+deb.sury.org+2) ...
2024-08-11T14:50:50.2904576Z Removing php8.3-cgi (8.3.10-1+ubuntu20.04.1+deb.sury.org+1) ...
2024-08-11T14:50:51.7686378Z Removing php8.3-xdebug (3.3.2-1+ubuntu20.04.1+deb.sury.org+1) ...
2024-08-11T14:50:51.8811846Z Removing php8.3-phpdbg (8.3.10-1+ubuntu20.04.1+deb.sury.org+1) ...
2024-08-11T14:50:53.3525759Z Removing php8.3-redis (6.0.2-1+ubuntu20.04.1+deb.sury.org+1) ...
2024-08-11T14:50:53.4424131Z Removing php8.3-fpm (8.3.10-1+ubuntu20.04.1+deb.sury.org+1) ...
2024-08-11T14:50:55.3576369Z Removing php8.3-pcov (1.0.11-5+ubuntu20.04.1+deb.sury.org+2) ...
2024-08-11T14:50:55.4375981Z Removing php8.3-xsl (8.3.10-1+ubuntu20.04.1+deb.sury.org+1) ...
2024-08-11T14:50:55.4564933Z Removing php8.3-curl (8.3.10-1+ubuntu20.04.1+deb.sury.org+1) ...
2024-08-11T14:50:55.5314393Z Removing php8.3-dba (8.3.10-1+ubuntu20.04.1+deb.sury.org+1) ...
2024-08-11T14:50:55.6100454Z Removing php8.3-enchant (8.3.10-1+ubuntu20.04.1+deb.sury.org+1) ...
2024-08-11T14:50:55.6736071Z Removing php8.3-gd (8.3.10-1+ubuntu20.04.1+deb.sury.org+1) ...
2024-08-11T14:50:55.7377706Z Removing php8.3-gmp (8.3.10-1+ubuntu20.04.1+deb.sury.org+1) ...
2024-08-11T14:50:55.7999349Z Removing php8.3-memcached (3.2.0++-1+ubuntu20.04.1+deb.sury.org+2) ...
2024-08-11T14:50:55.8726777Z Removing php8.3-igbinary (3.2.15-1+ubuntu20.04.1+deb.sury.org+1) ...
2024-08-11T14:50:55.9370560Z Removing php8.3-imagick (3.7.0-5+ubuntu20.04.1+deb.sury.org+1) ...
2024-08-11T14:50:56.0010764Z Removing php8.3-imap (8.3.10-1+ubuntu20.04.1+deb.sury.org+1) ...
2024-08-11T14:50:56.0693111Z Removing php8.3-interbase (8.3.10-1+ubuntu20.04.1+deb.sury.org+1) ...
2024-08-11T14:50:56.1323157Z Removing php8.3-intl (8.3.10-1+ubuntu20.04.1+deb.sury.org+1) ...
2024-08-11T14:50:56.1960132Z Removing php8.3-ldap (8.3.10-1+ubuntu20.04.1+deb.sury.org+1) ...
2024-08-11T14:50:56.2674409Z Removing php8.3-mbstring (8.3.10-1+ubuntu20.04.1+deb.sury.org+1) ...
2024-08-11T14:50:56.3442226Z Removing php8.3-memcache (8.2-2+ubuntu20.04.1+deb.sury.org+2) ...
2024-08-11T14:50:56.4063133Z Removing php8.3-mongodb (1.19.3-1+ubuntu20.04.1+deb.sury.org+1) ...
2024-08-11T14:50:56.4690029Z Removing php8.3-msgpack (1:2.2.0-4+ubuntu20.04.1+deb.sury.org+1) ...
2024-08-11T14:50:56.5437349Z Removing php8.3-mysql (8.3.10-1+ubuntu20.04.1+deb.sury.org+1) ...
2024-08-11T14:50:56.6686067Z Removing php8.3-odbc (8.3.10-1+ubuntu20.04.1+deb.sury.org+1) ...
2024-08-11T14:50:56.7682728Z Removing php8.3-pgsql (8.3.10-1+ubuntu20.04.1+deb.sury.org+1) ...
2024-08-11T14:50:56.8774368Z Removing php8.3-pspell (8.3.10-1+ubuntu20.04.1+deb.sury.org+1) ...
2024-08-11T14:50:56.9442297Z Removing php8.3-snmp (8.3.10-1+ubuntu20.04.1+deb.sury.org+1) ...
2024-08-11T14:50:57.0222271Z Removing php8.3-soap (8.3.10-1+ubuntu20.04.1+deb.sury.org+1) ...
2024-08-11T14:50:57.1005761Z Removing php8.3-sqlite3 (8.3.10-1+ubuntu20.04.1+deb.sury.org+1) ...
2024-08-11T14:50:57.2146358Z Removing php8.3-sybase (8.3.10-1+ubuntu20.04.1+deb.sury.org+1) ...
2024-08-11T14:50:57.2922424Z Removing php8.3-tidy (8.3.10-1+ubuntu20.04.1+deb.sury.org+1) ...
2024-08-11T14:50:57.3590569Z Removing php8.3-xml (8.3.10-1+ubuntu20.04.1+deb.sury.org+1) ...
2024-08-11T14:50:57.6150225Z Removing shtool (2.0.8-10) ...
2024-08-11T14:50:57.6393271Z Removing automake (1:1.16.1-4ubuntu6) ...
2024-08-11T14:50:57.7123876Z Removing libllvm12:amd64 (1:12.0.0-3ubuntu1~20.04.5) ...
2024-08-11T14:50:57.9284691Z Removing libzip4:amd64 (1.7.3-1+ubuntu20.04.1+deb.sury.org+2) ...
2024-08-11T14:50:57.9895429Z Removing php7.4-cli (1:7.4.33-14+ubuntu20.04.1+deb.sury.org+1) ...
2024-08-11T14:50:58.5498066Z Removing php7.4-json (1:7.4.33-14+ubuntu20.04.1+deb.sury.org+1) ...
2024-08-11T14:50:58.6053429Z Removing php7.4-opcache (1:7.4.33-14+ubuntu20.04.1+deb.sury.org+1) ...
2024-08-11T14:50:58.6463729Z Removing php7.4-readline (1:7.4.33-14+ubuntu20.04.1+deb.sury.org+1) ...
2024-08-11T14:50:58.6852140Z Removing php8.0-cli (1:8.0.30-8+ubuntu20.04.1+deb.sury.org+1) ...
2024-08-11T14:50:59.2135581Z Removing php8.0-opcache (1:8.0.30-8+ubuntu20.04.1+deb.sury.org+1) ...
2024-08-11T14:50:59.2557937Z Removing php8.0-readline (1:8.0.30-8+ubuntu20.04.1+deb.sury.org+1) ...
2024-08-11T14:50:59.2943514Z Removing php8.1-cli (8.1.29-1+ubuntu20.04.1+deb.sury.org+1) ...
2024-08-11T14:50:59.8278917Z Removing php8.1-opcache (8.1.29-1+ubuntu20.04.1+deb.sury.org+1) ...
2024-08-11T14:50:59.8856325Z Removing php8.1-readline (8.1.29-1+ubuntu20.04.1+deb.sury.org+1) ...
2024-08-11T14:50:59.9445482Z Removing php8.2-cli (8.2.22-1+ubuntu20.04.1+deb.sury.org+1) ...
2024-08-11T14:51:00.5195014Z Removing php8.2-opcache (8.2.22-1+ubuntu20.04.1+deb.sury.org+1) ...
2024-08-11T14:51:00.5585670Z Removing php8.2-readline (8.2.22-1+ubuntu20.04.1+deb.sury.org+1) ...
2024-08-11T14:51:00.6020165Z Removing php8.3-cli (8.3.10-1+ubuntu20.04.1+deb.sury.org+1) ...
2024-08-11T14:51:01.1334504Z Removing php8.3-opcache (8.3.10-1+ubuntu20.04.1+deb.sury.org+1) ...
2024-08-11T14:51:01.1872588Z Removing php8.3-readline (8.3.10-1+ubuntu20.04.1+deb.sury.org+1) ...
2024-08-11T14:51:01.2258665Z Removing autoconf (2.69-11.1) ...
2024-08-11T14:51:01.4561695Z Removing php7.4-common (1:7.4.33-14+ubuntu20.04.1+deb.sury.org+1) ...
2024-08-11T14:51:01.6146917Z Removing php8.0-common (1:8.0.30-8+ubuntu20.04.1+deb.sury.org+1) ...
2024-08-11T14:51:01.7720288Z Removing php8.1-common (8.1.29-1+ubuntu20.04.1+deb.sury.org+1) ...
2024-08-11T14:51:01.9447752Z Removing php8.2-common (8.2.22-1+ubuntu20.04.1+deb.sury.org+1) ...
2024-08-11T14:51:02.1016696Z Removing php8.3-common (8.3.10-1+ubuntu20.04.1+deb.sury.org+1) ...
2024-08-11T14:51:02.4802915Z Removing php-common (2:94+ubuntu20.04.1+deb.sury.org+2) ...
2024-08-11T14:51:02.4968578Z Warning: Stopping phpsessionclean.service, but it can still be activated by:
2024-08-11T14:51:02.4969649Z   phpsessionclean.timer
2024-08-11T14:51:03.5803166Z Removing monodoc-http (4.2-3xamarin5+ubuntu2004b1) ...
2024-08-11T14:51:03.7089505Z Restarting mono-xsp4 (via systemctl): mono-xsp4.service.
2024-08-11T14:51:03.7344913Z Removing mono-xsp4 (4.7.1-0xamarin3+ubuntu2004b1) ...
2024-08-11T14:51:04.0364342Z Removing mono-xsp4-base (4.7.1-0xamarin3+ubuntu2004b1) ...
2024-08-11T14:51:04.0879535Z Removing monodoc-base (6.12.0.200-0xamarin2+ubuntu2004b1) ...
2024-08-11T14:51:04.2812897Z Removing msbuild-sdkresolver (1:16.10.1+xamarinxplat.2021.05.26.14.00-0xamarin2+ubuntu2004b1) ...
2024-08-11T14:51:04.3065689Z Removing msbuild-libhostfxr (3.0.0.2019.04.16.02.13-0xamarin4+ubuntu2004b1) ...
2024-08-11T14:51:04.5675112Z Removing monodoc-manual (6.12.0.200-0xamarin2+ubuntu2004b1) ...
2024-08-11T14:51:04.5878985Z Removing mono-devel (6.12.0.200-0xamarin2+ubuntu2004b1) ...
2024-08-11T14:51:04.8083958Z Removing ca-certificates-mono (6.12.0.200-0xamarin2+ubuntu2004b1) ...
2024-08-11T14:51:04.8362210Z Removing pkgconf (1.6.3-5) ...
2024-08-11T14:51:04.8998503Z Removing 'diversion of /usr/bin/pkg-config to /usr/bin/pkg-config.real by pkgconf'
2024-08-11T14:51:04.9164142Z Removing 'diversion of /usr/share/aclocal/pkg.m4 to /usr/share/aclocal/pkg.real.m4 by pkgconf'
2024-08-11T14:51:04.9325614Z Removing 'diversion of /usr/share/man/man1/pkg-config.1.gz to /usr/share/man/man1/pkg-config.real.1.gz by pkgconf'
2024-08-11T14:51:04.9485086Z Removing 'diversion of /usr/share/pkg-config-crosswrapper to /usr/share/pkg-config-crosswrapper.real by pkgconf'
2024-08-11T14:51:04.9743045Z Removing libdpkg-perl (1.19.7ubuntu3.2) ...
2024-08-11T14:51:05.0119711Z Removing libmono-cil-dev (6.12.0.200-0xamarin2+ubuntu2004b1) ...
2024-08-11T14:51:05.0446113Z Removing libmono-system-windows-forms-datavisualization4.0a-cil (6.12.0.200-0xamarin2+ubuntu2004b1) ...
2024-08-11T14:51:05.0815776Z Removing libmono-2.0-dev (6.12.0.200-0xamarin2+ubuntu2004b1) ...
2024-08-11T14:51:05.1283641Z Removing libmono-cairo4.0-cil (6.12.0.200-0xamarin2+ubuntu2004b1) ...
2024-08-11T14:51:05.1719009Z Removing libmono-codecontracts4.0-cil (6.12.0.200-0xamarin2+ubuntu2004b1) ...
2024-08-11T14:51:05.1960323Z Removing libmono-compilerservices-symbolwriter4.0-cil (6.12.0.200-0xamarin2+ubuntu2004b1) ...
2024-08-11T14:51:05.2141438Z Removing mono-mcs (6.12.0.200-0xamarin2+ubuntu2004b1) ...
2024-08-11T14:51:05.2999017Z Removing libmono-cscompmgd0.0-cil (6.12.0.200-0xamarin2+ubuntu2004b1) ...
2024-08-11T14:51:05.3504645Z Removing libmono-csharp4.0c-cil (6.12.0.200-0xamarin2+ubuntu2004b1) ...
2024-08-11T14:51:05.3731739Z Removing libmono-custommarshalers4.0-cil (6.12.0.200-0xamarin2+ubuntu2004b1) ...
2024-08-11T14:51:05.3930311Z Removing libmono-data-tds4.0-cil (6.12.0.200-0xamarin2+ubuntu2004b1) ...
2024-08-11T14:51:05.4115384Z Removing libmono-db2-1.0-cil (6.12.0.200-0xamarin2+ubuntu2004b1) ...
2024-08-11T14:51:05.4355489Z Removing libmono-debugger-soft4.0a-cil (6.12.0.200-0xamarin2+ubuntu2004b1) ...
2024-08-11T14:51:05.4540466Z Removing libmono-http4.0-cil (6.12.0.200-0xamarin2+ubuntu2004b1) ...
2024-08-11T14:51:05.4731723Z Removing libmono-i18n4.0-all (6.12.0.200-0xamarin2+ubuntu2004b1) ...
2024-08-11T14:51:05.4989365Z Removing libmono-i18n-cjk4.0-cil (6.12.0.200-0xamarin2+ubuntu2004b1) ...
2024-08-11T14:51:05.5169588Z Removing libmono-i18n-mideast4.0-cil (6.12.0.200-0xamarin2+ubuntu2004b1) ...
2024-08-11T14:51:05.5516812Z Removing libmono-i18n-other4.0-cil (6.12.0.200-0xamarin2+ubuntu2004b1) ...
2024-08-11T14:51:05.5714577Z Removing libmono-i18n-rare4.0-cil (6.12.0.200-0xamarin2+ubuntu2004b1) ...
2024-08-11T14:51:05.5936982Z Removing libmono-system-web-mvc3.0-cil (6.12.0.200-0xamarin2+ubuntu2004b1) ...
2024-08-11T14:51:05.6258090Z Removing libmono-system-web-webpages-razor2.0-cil (6.12.0.200-0xamarin2+ubuntu2004b1) ...
2024-08-11T14:51:05.6592145Z Removing libmono-system-web-webpages2.0-cil (6.12.0.200-0xamarin2+ubuntu2004b1) ...
2024-08-11T14:51:05.7059461Z Removing libmono-system-web-dynamicdata4.0-cil (6.12.0.200-0xamarin2+ubuntu2004b1) ...
2024-08-11T14:51:05.7711823Z Removing libmono-system-ldap-protocols4.0-cil (6.12.0.200-0xamarin2+ubuntu2004b1) ...
2024-08-11T14:51:05.8022282Z Removing libmono-management4.0-cil (6.12.0.200-0xamarin2+ubuntu2004b1) ...
2024-08-11T14:51:05.8208956Z Removing libmono-messaging-rabbitmq4.0-cil (6.12.0.200-0xamarin2+ubuntu2004b1) ...
2024-08-11T14:51:05.8456099Z Removing libmono-system-xml-serialization4.0-cil (6.12.0.200-0xamarin2+ubuntu2004b1) ...
2024-08-11T14:51:05.8752429Z Removing mono-xbuild (6.12.0.200-0xamarin2+ubuntu2004b1) ...
2024-08-11T14:51:05.9226631Z Removing libmono-microsoft-build-tasks-v4.0-4.0-cil (6.12.0.200-0xamarin2+ubuntu2004b1) ...
2024-08-11T14:51:05.9484112Z Removing libmono-microsoft-build-engine4.0-cil (6.12.0.200-0xamarin2+ubuntu2004b1) ...
2024-08-11T14:51:05.9669832Z Removing libmono-microsoft-build4.0-cil (6.12.0.200-0xamarin2+ubuntu2004b1) ...
2024-08-11T14:51:05.9892788Z Removing libmono-microsoft-build-utilities-v4.0-4.0-cil (6.12.0.200-0xamarin2+ubuntu2004b1) ...
2024-08-11T14:51:06.0084201Z Removing libmono-microsoft-build-framework4.0-cil (6.12.0.200-0xamarin2+ubuntu2004b1) ...
2024-08-11T14:51:06.0273439Z Removing libmono-microsoft-csharp4.0-cil (6.12.0.200-0xamarin2+ubuntu2004b1) ...
2024-08-11T14:51:06.0526973Z Removing libmono-microsoft-visualc10.0-cil (6.12.0.200-0xamarin2+ubuntu2004b1) ...
2024-08-11T14:51:06.0729663Z Removing libmono-system-web-webpages-deployment2.0-cil (6.12.0.200-0xamarin2+ubuntu2004b1) ...
2024-08-11T14:51:06.0991540Z Removing libmono-system-web-http-webhost4.0-cil (6.12.0.200-0xamarin2+ubuntu2004b1) ...
2024-08-11T14:51:06.1222035Z Removing libmono-microsoft-web-infrastructure1.0-cil (6.12.0.200-0xamarin2+ubuntu2004b1) ...
2024-08-11T14:51:06.1405107Z Removing libmono-oracle4.0-cil (6.12.0.200-0xamarin2+ubuntu2004b1) ...
2024-08-11T14:51:06.1636517Z Removing libmono-parallel4.0-cil (6.12.0.200-0xamarin2+ubuntu2004b1) ...
2024-08-11T14:51:06.1825335Z Removing libmono-peapi4.0a-cil (6.12.0.200-0xamarin2+ubuntu2004b1) ...
2024-08-11T14:51:06.2065473Z Removing libmono-rabbitmq4.0-cil (6.12.0.200-0xamarin2+ubuntu2004b1) ...
2024-08-11T14:51:06.2253536Z Removing libmono-relaxng4.0-cil (6.12.0.200-0xamarin2+ubuntu2004b1) ...
2024-08-11T14:51:06.2436906Z Removing mono-roslyn (6.12.0.200-0xamarin2+ubuntu2004b1) ...
2024-08-11T14:51:06.3330509Z Removing libmono-system-reactive-windows-threading2.2-cil (6.12.0.200-0xamarin2+ubuntu2004b1) ...
2024-08-11T14:51:06.3644375Z Removing libmono-windowsbase4.0-cil (6.12.0.200-0xamarin2+ubuntu2004b1) ...
2024-08-11T14:51:06.3946105Z Removing libmono-xbuild-tasks4.0-cil (6.12.0.200-0xamarin2+ubuntu2004b1) ...
2024-08-11T14:51:06.4267390Z Removing libmono-sharpzip4.84-cil (6.12.0.200-0xamarin2+ubuntu2004b1) ...
2024-08-11T14:51:06.4449499Z Removing libmono-simd4.0-cil (6.12.0.200-0xamarin2+ubuntu2004b1) ...
2024-08-11T14:51:06.4641910Z Removing libmono-smdiagnostics0.0-cil (6.12.0.200-0xamarin2+ubuntu2004b1) ...
2024-08-11T14:51:06.4896091Z Removing libmono-system-componentmodel-composition4.0-cil (6.12.0.200-0xamarin2+ubuntu2004b1) ...
2024-08-11T14:51:06.5107932Z Removing libmono-system-web-http-selfhost4.0-cil (6.12.0.200-0xamarin2+ubuntu2004b1) ...
2024-08-11T14:51:06.5384819Z Removing libmono-system-web-http4.0-cil (6.12.0.200-0xamarin2+ubuntu2004b1) ...
2024-08-11T14:51:06.5587476Z Removing libmono-system-data-entity4.0-cil (6.12.0.200-0xamarin2+ubuntu2004b1) ...
2024-08-11T14:51:06.5882093Z Removing libmono-system-serviceprocess4.0-cil (6.12.0.200-0xamarin2+ubuntu2004b1) ...
2024-08-11T14:51:06.6064293Z Removing libmono-system-management4.0-cil (6.12.0.200-0xamarin2+ubuntu2004b1) ...
2024-08-11T14:51:06.6503390Z Removing libmono-webmatrix-data4.0-cil (6.12.0.200-0xamarin2+ubuntu2004b1) ...
2024-08-11T14:51:06.6701484Z Removing libmono-system-data-datasetextensions4.0-cil (6.12.0.200-0xamarin2+ubuntu2004b1) ...
2024-08-11T14:51:06.6907204Z Removing libmono-system-data-services4.0-cil (6.12.0.200-0xamarin2+ubuntu2004b1) ...
2024-08-11T14:51:06.7223016Z Removing libmono-system-data-services-client4.0-cil (6.12.0.200-0xamarin2+ubuntu2004b1) ...
2024-08-11T14:51:06.7429613Z Removing libmono-system-runtime-caching4.0-cil (6.12.0.200-0xamarin2+ubuntu2004b1) ...
2024-08-11T14:51:06.7728723Z Removing libmono-system-deployment4.0-cil (6.12.0.200-0xamarin2+ubuntu2004b1) ...
2024-08-11T14:51:06.7942903Z Removing libmono-system-web-extensions-design4.0-cil (6.12.0.200-0xamarin2+ubuntu2004b1) ...
2024-08-11T14:51:06.8195297Z Removing libmono-system-drawing-design4.0-cil (6.12.0.200-0xamarin2+ubuntu2004b1) ...
2024-08-11T14:51:06.8376468Z Removing libmono-system-dynamic4.0-cil (6.12.0.200-0xamarin2+ubuntu2004b1) ...
2024-08-11T14:51:06.8648805Z Removing libmono-system-io-compression-filesystem4.0-cil (6.12.0.200-0xamarin2+ubuntu2004b1) ...
2024-08-11T14:51:06.8894949Z Removing libmono-system-io-compression4.0-cil (6.12.0.200-0xamarin2+ubuntu2004b1) ...
2024-08-11T14:51:06.9105871Z Removing libmono-system-json-microsoft4.0-cil (6.12.0.200-0xamarin2+ubuntu2004b1) ...
2024-08-11T14:51:06.9317735Z Removing libmono-system-json4.0-cil (6.12.0.200-0xamarin2+ubuntu2004b1) ...
2024-08-11T14:51:06.9503326Z Removing libmono-system-net-http-formatting4.0-cil (6.12.0.200-0xamarin2+ubuntu2004b1) ...
2024-08-11T14:51:06.9741720Z Removing libmono-system-net-http-webrequest4.0-cil (6.12.0.200-0xamarin2+ubuntu2004b1) ...
2024-08-11T14:51:06.9968547Z Removing libmono-system-net-http4.0-cil (6.12.0.200-0xamarin2+ubuntu2004b1) ...
2024-08-11T14:51:07.0172790Z Removing libmono-system-net4.0-cil (6.12.0.200-0xamarin2+ubuntu2004b1) ...
2024-08-11T14:51:07.0377437Z Removing libmono-system-numerics-vectors4.0-cil (6.12.0.200-0xamarin2+ubuntu2004b1) ...
2024-08-11T14:51:07.0595285Z Removing libmono-system-reactive-windows-forms2.2-cil (6.12.0.200-0xamarin2+ubuntu2004b1) ...
2024-08-11T14:51:07.0808154Z Removing libmono-system-reactive-debugger2.2-cil (6.12.0.200-0xamarin2+ubuntu2004b1) ...
2024-08-11T14:51:07.1117357Z Removing libmono-system-reactive-experimental2.2-cil (6.12.0.200-0xamarin2+ubuntu2004b1) ...
2024-08-11T14:51:07.1312851Z Removing libmono-system-reactive-runtime-remoting2.2-cil (6.12.0.200-0xamarin2+ubuntu2004b1) ...
2024-08-11T14:51:07.1546585Z Removing libmono-system-reactive-observable-aliases0.0-cil (6.12.0.200-0xamarin2+ubuntu2004b1) ...
2024-08-11T14:51:07.1746956Z Removing libmono-system-reactive-providers2.2-cil (6.12.0.200-0xamarin2+ubuntu2004b1) ...
2024-08-11T14:51:07.1958191Z Removing libmono-system-reactive-platformservices2.2-cil (6.12.0.200-0xamarin2+ubuntu2004b1) ...
2024-08-11T14:51:07.2162174Z Removing libmono-system-reactive-linq2.2-cil (6.12.0.200-0xamarin2+ubuntu2004b1) ...
2024-08-11T14:51:07.2351585Z Removing libmono-system-reflection-context4.0-cil (6.12.0.200-0xamarin2+ubuntu2004b1) ...
2024-08-11T14:51:07.2543320Z Removing libmono-system-runtime-durableinstancing4.0-cil (6.12.0.200-0xamarin2+ubuntu2004b1) ...
2024-08-11T14:51:07.2751206Z Removing libmono-system-runtime4.0-cil (6.12.0.200-0xamarin2+ubuntu2004b1) ...
2024-08-11T14:51:07.2961326Z Removing libmono-system-servicemodel-web4.0-cil (6.12.0.200-0xamarin2+ubuntu2004b1) ...
2024-08-11T14:51:07.3221621Z Removing libmono-system-servicemodel-routing4.0-cil (6.12.0.200-0xamarin2+ubuntu2004b1) ...
2024-08-11T14:51:07.3444517Z Removing libmono-system-servicemodel-discovery4.0-cil (6.12.0.200-0xamarin2+ubuntu2004b1) ...
2024-08-11T14:51:07.3650100Z Removing libmono-system-threading-tasks-dataflow4.0-cil (6.12.0.200-0xamarin2+ubuntu2004b1) ...
2024-08-11T14:51:07.3998735Z Removing libmono-system-web-abstractions4.0-cil (6.12.0.200-0xamarin2+ubuntu2004b1) ...
2024-08-11T14:51:07.4207449Z Removing libmono-system-web-mobile4.0-cil (6.12.0.200-0xamarin2+ubuntu2004b1) ...
2024-08-11T14:51:07.4441087Z Removing libmono-system-web-razor2.0-cil (6.12.0.200-0xamarin2+ubuntu2004b1) ...
2024-08-11T14:51:07.4659685Z Removing libmono-system-web-regularexpressions4.0-cil (6.12.0.200-0xamarin2+ubuntu2004b1) ...
2024-08-11T14:51:07.4871888Z Removing libmono-system-web-routing4.0-cil (6.12.0.200-0xamarin2+ubuntu2004b1) ...
2024-08-11T14:51:07.5081287Z Removing libmono-system-windows4.0-cil (6.12.0.200-0xamarin2+ubuntu2004b1) ...
2024-08-11T14:51:07.5310886Z Removing libmono-system-workflow-activities4.0-cil (6.12.0.200-0xamarin2+ubuntu2004b1) ...
2024-08-11T14:51:07.5597460Z Removing libmono-system-workflow-componentmodel4.0-cil (6.12.0.200-0xamarin2+ubuntu2004b1) ...
2024-08-11T14:51:07.5813860Z Removing libmono-system-workflow-runtime4.0-cil (6.12.0.200-0xamarin2+ubuntu2004b1) ...
2024-08-11T14:51:07.5999568Z Removing libmono-system-xaml4.0-cil (6.12.0.200-0xamarin2+ubuntu2004b1) ...
2024-08-11T14:51:07.6228052Z Removing libmono-tasklets4.0-cil (6.12.0.200-0xamarin2+ubuntu2004b1) ...
2024-08-11T14:51:07.6436194Z Removing libmonosgen-2.0-dev (6.12.0.200-0xamarin2+ubuntu2004b1) ...
2024-08-11T14:51:07.6646620Z Removing libmonosgen-2.0-1 (6.12.0.200-0xamarin2+ubuntu2004b1) ...
2024-08-11T14:51:07.7084569Z Removing perl (5.30.0-9ubuntu0.5) ...
2024-08-11T14:51:07.7920625Z Removing libmono-cecil-private-cil (6.12.0.200-0xamarin2+ubuntu2004b1) ...
2024-08-11T14:51:07.8333630Z Removing libmono-system-web-extensions4.0-cil (6.12.0.200-0xamarin2+ubuntu2004b1) ...
2024-08-11T14:51:07.8590089Z Removing libmono-system-servicemodel4.0a-cil (6.12.0.200-0xamarin2+ubuntu2004b1) ...
2024-08-11T14:51:07.8796926Z Removing libmono-system-messaging4.0-cil (6.12.0.200-0xamarin2+ubuntu2004b1) ...
2024-08-11T14:51:07.8994206Z Removing libmono-messaging4.0-cil (6.12.0.200-0xamarin2+ubuntu2004b1) ...
2024-08-11T14:51:07.9417729Z Removing libmono-system-configuration-install4.0-cil (6.12.0.200-0xamarin2+ubuntu2004b1) ...
2024-08-11T14:51:07.9624918Z Removing libmono-system-data-linq4.0-cil (6.12.0.200-0xamarin2+ubuntu2004b1) ...
2024-08-11T14:51:07.9912381Z Removing libmono-system-identitymodel-selectors4.0-cil (6.12.0.200-0xamarin2+ubuntu2004b1) ...
2024-08-11T14:51:08.0099774Z Removing libmono-system-identitymodel4.0-cil (6.12.0.200-0xamarin2+ubuntu2004b1) ...
2024-08-11T14:51:08.0306378Z Removing libmono-system-reactive-core2.2-cil (6.12.0.200-0xamarin2+ubuntu2004b1) ...
2024-08-11T14:51:08.0494040Z Removing libmono-system-reactive-interfaces2.2-cil (6.12.0.200-0xamarin2+ubuntu2004b1) ...
2024-08-11T14:51:08.0701906Z Removing libmono-system-runtime-serialization4.0-cil (6.12.0.200-0xamarin2+ubuntu2004b1) ...
2024-08-11T14:51:08.0884144Z Removing libmono-system-servicemodel-activation4.0-cil (6.12.0.200-0xamarin2+ubuntu2004b1) ...
2024-08-11T14:51:08.1091553Z Removing libmono-system-servicemodel-internals0.0-cil (6.12.0.200-0xamarin2+ubuntu2004b1) ...
2024-08-11T14:51:08.1302427Z Removing libmono-system-xml-linq4.0-cil (6.12.0.200-0xamarin2+ubuntu2004b1) ...
2024-08-11T14:51:08.1746954Z Removing libmono-system-web4.0-cil (6.12.0.200-0xamarin2+ubuntu2004b1) ...
2024-08-11T14:51:08.2069860Z Removing libmono-system-web-services4.0-cil (6.12.0.200-0xamarin2+ubuntu2004b1) ...
2024-08-11T14:51:08.2313265Z Removing libmono-system-ldap4.0-cil (6.12.0.200-0xamarin2+ubuntu2004b1) ...
2024-08-11T14:51:08.2507947Z Removing libmono-ldap4.0-cil (6.12.0.200-0xamarin2+ubuntu2004b1) ...
2024-08-11T14:51:08.2866544Z Removing libmono-sqlite4.0-cil (6.12.0.200-0xamarin2+ubuntu2004b1) ...
2024-08-11T14:51:08.3050465Z Removing libmono-system-componentmodel-dataannotations4.0-cil (6.12.0.200-0xamarin2+ubuntu2004b1) ...
2024-08-11T14:51:08.3350257Z Removing libmono-system-design4.0-cil (6.12.0.200-0xamarin2+ubuntu2004b1) ...
2024-08-11T14:51:08.3607094Z Removing libmono-system-web-applicationservices4.0-cil (6.12.0.200-0xamarin2+ubuntu2004b1) ...
2024-08-11T14:51:08.3841289Z Removing libmono-system-windows-forms4.0-cil (6.12.0.200-0xamarin2+ubuntu2004b1) ...
2024-08-11T14:51:08.4039034Z Removing libmono-accessibility4.0-cil (6.12.0.200-0xamarin2+ubuntu2004b1) ...
2024-08-11T14:51:08.4357078Z Removing libmono-i18n-west4.0-cil (6.12.0.200-0xamarin2+ubuntu2004b1) ...
2024-08-11T14:51:08.4553781Z Removing libmono-i18n4.0-cil (6.12.0.200-0xamarin2+ubuntu2004b1) ...
2024-08-11T14:51:08.4745758Z Removing libmono-posix4.0-cil (6.12.0.200-0xamarin2+ubuntu2004b1) ...
2024-08-11T14:51:08.5070153Z Removing libmono-system-data4.0-cil (6.12.0.200-0xamarin2+ubuntu2004b1) ...
2024-08-11T14:51:08.5265767Z Removing libmono-system-enterpriseservices4.0-cil (6.12.0.200-0xamarin2+ubuntu2004b1) ...
2024-08-11T14:51:08.5480749Z Removing libmono-system-runtime-serialization-formatters-soap4.0-cil (6.12.0.200-0xamarin2+ubuntu2004b1) ...
2024-08-11T14:51:08.5688572Z Removing libmono-system-transactions4.0-cil (6.12.0.200-0xamarin2+ubuntu2004b1) ...
2024-08-11T14:51:08.5878604Z Removing libmono-webbrowser4.0-cil (6.12.0.200-0xamarin2+ubuntu2004b1) ...
2024-08-11T14:51:08.6053462Z Removing libmono-system-drawing4.0-cil (6.12.0.200-0xamarin2+ubuntu2004b1) ...
2024-08-11T14:51:08.6237745Z Removing libgdiplus (6.0.5-0xamarin1+ubuntu2004b1) ...
2024-08-11T14:51:08.6498821Z Removing libmono-corlib4.5-cil (6.12.0.200-0xamarin2+ubuntu2004b1) ...
2024-08-11T14:51:08.6937146Z Removing mono-runtime (6.12.0.200-0xamarin2+ubuntu2004b1) ...
2024-08-11T14:51:08.7685800Z Removing mono-runtime-sgen (6.12.0.200-0xamarin2+ubuntu2004b1) ...
2024-08-11T14:51:08.7917996Z Removing mono-runtime-common (6.12.0.200-0xamarin2+ubuntu2004b1) ...
2024-08-11T14:51:08.8049090Z update-binfmts: warning: no executable /usr/bin/cli found, but continuing anyway as you request
2024-08-11T14:51:08.8421977Z Removing mono-gac (6.12.0.200-0xamarin2+ubuntu2004b1) ...
2024-08-11T14:51:08.8742364Z Removing mono-4.0-gac (6.12.0.200-0xamarin2+ubuntu2004b1) ...
2024-08-11T14:51:08.9020630Z Removing libmono-security4.0-cil (6.12.0.200-0xamarin2+ubuntu2004b1) ...
2024-08-11T14:51:08.9130084Z dpkg: warning: while removing libmono-security4.0-cil, directory '/etc/mono/certstore' not empty so not removed
2024-08-11T14:51:08.9289694Z Removing libmono-system4.0-cil (6.12.0.200-0xamarin2+ubuntu2004b1) ...
2024-08-11T14:51:08.9487712Z Removing libmono-system-configuration4.0-cil (6.12.0.200-0xamarin2+ubuntu2004b1) ...
2024-08-11T14:51:08.9847517Z Removing libmono-system-security4.0-cil (6.12.0.200-0xamarin2+ubuntu2004b1) ...
2024-08-11T14:51:09.0061948Z Removing libmono-system-numerics4.0-cil (6.12.0.200-0xamarin2+ubuntu2004b1) ...
2024-08-11T14:51:09.0620357Z Removing libmono-system-xml4.0-cil (6.12.0.200-0xamarin2+ubuntu2004b1) ...
2024-08-11T14:51:09.0798483Z Removing libmono-system-core4.0-cil (6.12.0.200-0xamarin2+ubuntu2004b1) ...
2024-08-11T14:51:09.1033019Z dpkg: warning: while removing libmono-system-core4.0-cil, directory '/usr/lib/mono' not empty so not removed
2024-08-11T14:51:09.1390127Z Processing triggers for libglib2.0-0:amd64 (2.64.6-1~ubuntu20.04.7) ...
2024-08-11T14:51:09.1558089Z Processing triggers for libc-bin (2.31-0ubuntu9.16) ...
2024-08-11T14:51:09.4536112Z Processing triggers for ufw (0.36-6ubuntu1.1) ...
2024-08-11T14:51:09.6104246Z Processing triggers for man-db (2.9.1-1) ...
2024-08-11T14:51:11.3382695Z Processing triggers for tex-common (6.13) ...
2024-08-11T14:51:11.4719543Z Processing triggers for ca-certificates (20230311ubuntu0.20.04.1) ...
2024-08-11T14:51:11.4765819Z Updating certificates in /etc/ssl/certs...
2024-08-11T14:51:11.9562456Z 0 added, 0 removed; done.
2024-08-11T14:51:11.9563326Z Running hooks in /etc/ca-certificates/update.d...
2024-08-11T14:51:12.0866197Z /etc/ssl/certs/adoptium/cacerts successfully populated.
2024-08-11T14:51:12.1041364Z Updating Mono key store
2024-08-11T14:51:12.1044080Z /etc/ca-certificates/update.d/mono-keystore: 10: /usr/bin/cert-sync: not found
2024-08-11T14:51:12.1045505Z Done
2024-08-11T14:51:12.1046565Z done.
2024-08-11T14:51:12.1094154Z Processing triggers for install-info (6.7.0.dfsg.2-5) ...
2024-08-11T14:51:12.2009430Z Processing triggers for mime-support (3.64ubuntu1) ...
2024-08-11T14:51:12.2942051Z (Reading database ... 
2024-08-11T14:51:12.2942887Z (Reading database ... 5%
2024-08-11T14:51:12.2943752Z (Reading database ... 10%
2024-08-11T14:51:12.2944425Z (Reading database ... 15%
2024-08-11T14:51:12.2945035Z (Reading database ... 20%
2024-08-11T14:51:12.2945670Z (Reading database ... 25%
2024-08-11T14:51:12.2946215Z (Reading database ... 30%
2024-08-11T14:51:12.2946825Z (Reading database ... 35%
2024-08-11T14:51:12.2947468Z (Reading database ... 40%
2024-08-11T14:51:12.2948019Z (Reading database ... 45%
2024-08-11T14:51:12.2948620Z (Reading database ... 50%
2024-08-11T14:51:12.2949344Z (Reading database ... 55%
2024-08-11T14:51:12.2955478Z (Reading database ... 60%
2024-08-11T14:51:12.2978244Z (Reading database ... 65%
2024-08-11T14:51:12.3011708Z (Reading database ... 70%
2024-08-11T14:51:12.3035896Z (Reading database ... 75%
2024-08-11T14:51:12.3137743Z (Reading database ... 80%
2024-08-11T14:51:12.3185008Z (Reading database ... 85%
2024-08-11T14:51:12.3384497Z (Reading database ... 90%
2024-08-11T14:51:12.3685276Z (Reading database ... 95%
2024-08-11T14:51:12.3688471Z (Reading database ... 100%
2024-08-11T14:51:12.3689886Z (Reading database ... 240092 files and directories currently installed.)
2024-08-11T14:51:12.3730954Z Purging configuration files for microsoft-edge-stable (127.0.2651.86-1) ...
2024-08-11T14:51:12.4142039Z Purging configuration files for postgresql-14 (14.12-1.pgdg20.04+1) ...
2024-08-11T14:51:12.5091939Z Dropping cluster main...
2024-08-11T14:51:12.5925061Z Purging configuration files for postgresql-client-common (261.pgdg20.04+1) ...
2024-08-11T14:51:12.6195347Z Purging configuration files for php8.0-pcov (1.0.11-5+ubuntu20.04.1+deb.sury.org+2) ...
2024-08-11T14:51:12.6464237Z Purging configuration files for php8.3-mongodb (1.19.3-1+ubuntu20.04.1+deb.sury.org+1) ...
2024-08-11T14:51:12.6731705Z Purging configuration files for php8.3-odbc (8.3.10-1+ubuntu20.04.1+deb.sury.org+1) ...
2024-08-11T14:51:12.8579911Z Purging configuration files for php8.2-mongodb (1.19.3-1+ubuntu20.04.1+deb.sury.org+1) ...
2024-08-11T14:51:12.8857131Z Purging configuration files for mysql-server-8.0 (8.0.39-0ubuntu0.20.04.1) ...
2024-08-11T14:51:13.5773566Z Purging configuration files for php8.0-tidy (1:8.0.30-8+ubuntu20.04.1+deb.sury.org+1) ...
2024-08-11T14:51:13.6765968Z Purging configuration files for php7.4-snmp (1:7.4.33-14+ubuntu20.04.1+deb.sury.org+1) ...
2024-08-11T14:51:13.7772352Z Purging configuration files for php7.4-gmp (1:7.4.33-14+ubuntu20.04.1+deb.sury.org+1) ...
2024-08-11T14:51:13.8761077Z Purging configuration files for php-common (2:94+ubuntu20.04.1+deb.sury.org+2) ...
2024-08-11T14:51:14.4583846Z Purging configuration files for php7.4-phpdbg (1:7.4.33-14+ubuntu20.04.1+deb.sury.org+1) ...
2024-08-11T14:51:14.5558657Z Purging configuration files for libnginx-mod-mail (1.18.0-0ubuntu1.5) ...
2024-08-11T14:51:14.5846681Z Purging configuration files for php8.2-odbc (8.2.22-1+ubuntu20.04.1+deb.sury.org+1) ...
2024-08-11T14:51:14.7562570Z Purging configuration files for php8.2-common (8.2.22-1+ubuntu20.04.1+deb.sury.org+1) ...
2024-08-11T14:51:15.9988360Z Purging configuration files for php8.2-ldap (8.2.22-1+ubuntu20.04.1+deb.sury.org+1) ...
2024-08-11T14:51:16.1012780Z Purging configuration files for google-chrome-stable (127.0.6533.88-1) ...
2024-08-11T14:51:16.1422461Z Purging configuration files for php-pear (1:1.10.13+submodules+notgz+2022032202-2+ubuntu20.04.1+deb.sury.org+1) ...
2024-08-11T14:51:16.1744397Z Purging configuration files for php7.4-amqp (2.1.2-1+ubuntu20.04.1+deb.sury.org+1) ...
2024-08-11T14:51:16.2018530Z Purging configuration files for php7.4-json (1:7.4.33-14+ubuntu20.04.1+deb.sury.org+1) ...
2024-08-11T14:51:16.3021371Z Purging configuration files for php8.2-memcache (8.2-2+ubuntu20.04.1+deb.sury.org+2) ...
2024-08-11T14:51:16.3305419Z Purging configuration files for php8.2-imap (8.2.22-1+ubuntu20.04.1+deb.sury.org+1) ...
2024-08-11T14:51:16.4316138Z Purging configuration files for php8.2-pgsql (8.2.22-1+ubuntu20.04.1+deb.sury.org+1) ...
2024-08-11T14:51:16.6037744Z Purging configuration files for php7.4-xml (1:7.4.33-14+ubuntu20.04.1+deb.sury.org+1) ...
2024-08-11T14:51:17.0570425Z Purging configuration files for php7.4-pgsql (1:7.4.33-14+ubuntu20.04.1+deb.sury.org+1) ...
2024-08-11T14:51:17.2329831Z Purging configuration files for php8.2-dba (8.2.22-1+ubuntu20.04.1+deb.sury.org+1) ...
2024-08-11T14:51:17.3360021Z Purging configuration files for php8.0-xml (1:8.0.30-8+ubuntu20.04.1+deb.sury.org+1) ...
2024-08-11T14:51:17.7948584Z Purging configuration files for php8.1-dba (8.1.29-1+ubuntu20.04.1+deb.sury.org+1) ...
2024-08-11T14:51:17.8968149Z Purging configuration files for php8.2-mysql (8.2.22-1+ubuntu20.04.1+deb.sury.org+1) ...
2024-08-11T14:51:18.1384075Z Purging configuration files for php7.4-common (1:7.4.33-14+ubuntu20.04.1+deb.sury.org+1) ...
2024-08-11T14:51:19.3841032Z Purging configuration files for php8.0-memcached (3.2.0++-1+ubuntu20.04.1+deb.sury.org+2) ...
2024-08-11T14:51:19.4110338Z Purging configuration files for php8.0-imap (1:8.0.30-8+ubuntu20.04.1+deb.sury.org+1) ...
2024-08-11T14:51:19.5144955Z Purging configuration files for php8.3-sybase (8.3.10-1+ubuntu20.04.1+deb.sury.org+1) ...
2024-08-11T14:51:19.6157310Z Purging configuration files for php7.4-apcu (5.1.23-1+ubuntu20.04.1+deb.sury.org+1) ...
2024-08-11T14:51:19.6437995Z Purging configuration files for php8.2-bz2 (8.2.22-1+ubuntu20.04.1+deb.sury.org+1) ...
2024-08-11T14:51:19.7441628Z Purging configuration files for php8.0-soap (1:8.0.30-8+ubuntu20.04.1+deb.sury.org+1) ...
2024-08-11T14:51:19.8457116Z Purging configuration files for php7.4-imagick (3.7.0-5+ubuntu20.04.1+deb.sury.org+1) ...
2024-08-11T14:51:19.8728167Z Purging configuration files for php8.1-snmp (8.1.29-1+ubuntu20.04.1+deb.sury.org+1) ...
2024-08-11T14:51:19.9736903Z Purging configuration files for php7.4-xmlrpc (1:7.4.33-14+ubuntu20.04.1+deb.sury.org+1) ...
2024-08-11T14:51:20.0780665Z Purging configuration files for php8.2-snmp (8.2.22-1+ubuntu20.04.1+deb.sury.org+1) ...
2024-08-11T14:51:20.1786661Z Purging configuration files for php8.1-bcmath (8.1.29-1+ubuntu20.04.1+deb.sury.org+1) ...
2024-08-11T14:51:20.2926846Z Purging configuration files for php7.4-curl (1:7.4.33-14+ubuntu20.04.1+deb.sury.org+1) ...
2024-08-11T14:51:20.3934931Z Purging configuration files for php8.0-apcu (5.1.23-1+ubuntu20.04.1+deb.sury.org+1) ...
2024-08-11T14:51:20.4202726Z Purging configuration files for php7.4-mysql (1:7.4.33-14+ubuntu20.04.1+deb.sury.org+1) ...
2024-08-11T14:51:20.6703485Z Purging configuration files for php7.4-zmq (1.1.3-24+ubuntu20.04.1+deb.sury.org+2) ...
2024-08-11T14:51:20.6980354Z Purging configuration files for php8.0-msgpack (1:2.2.0-4+ubuntu20.04.1+deb.sury.org+1) ...
2024-08-11T14:51:20.7264219Z Purging configuration files for php8.3-curl (8.3.10-1+ubuntu20.04.1+deb.sury.org+1) ...
2024-08-11T14:51:20.8344513Z Purging configuration files for php7.4-fpm (1:7.4.33-14+ubuntu20.04.1+deb.sury.org+1) ...
2024-08-11T14:51:21.6613587Z Purging configuration files for php8.2-bcmath (8.2.22-1+ubuntu20.04.1+deb.sury.org+1) ...
2024-08-11T14:51:21.7631905Z Purging configuration files for php8.1-gmp (8.1.29-1+ubuntu20.04.1+deb.sury.org+1) ...
2024-08-11T14:51:21.8643190Z Purging configuration files for php7.4-cgi (1:7.4.33-14+ubuntu20.04.1+deb.sury.org+1) ...
2024-08-11T14:51:21.9628750Z Purging configuration files for ca-certificates-mono (6.12.0.200-0xamarin2+ubuntu2004b1) ...
2024-08-11T14:51:21.9764915Z Purging configuration files for php8.0-mysql (1:8.0.30-8+ubuntu20.04.1+deb.sury.org+1) ...
2024-08-11T14:51:22.2198767Z Purging configuration files for mono-xsp4 (4.7.1-0xamarin3+ubuntu2004b1) ...
2024-08-11T14:51:23.2243849Z Purging configuration files for php8.1-xdebug (3.3.2-1+ubuntu20.04.1+deb.sury.org+1) ...
2024-08-11T14:51:23.2555764Z Purging configuration files for php8.1-bz2 (8.1.29-1+ubuntu20.04.1+deb.sury.org+1) ...
2024-08-11T14:51:23.3589613Z Purging configuration files for php8.1-mbstring (8.1.29-1+ubuntu20.04.1+deb.sury.org+1) ...
2024-08-11T14:51:23.4581967Z Purging configuration files for php7.4-enchant (1:7.4.33-14+ubuntu20.04.1+deb.sury.org+1) ...
2024-08-11T14:51:23.5575309Z Purging configuration files for php8.1-common (8.1.29-1+ubuntu20.04.1+deb.sury.org+1) ...
2024-08-11T14:51:24.8035173Z Purging configuration files for php8.3-imap (8.3.10-1+ubuntu20.04.1+deb.sury.org+1) ...
2024-08-11T14:51:24.9041563Z Purging configuration files for php7.4-bcmath (1:7.4.33-14+ubuntu20.04.1+deb.sury.org+1) ...
2024-08-11T14:51:25.0052324Z Purging configuration files for php8.2-zip (8.2.22-1+ubuntu20.04.1+deb.sury.org+1) ...
2024-08-11T14:51:25.1075246Z Purging configuration files for php7.4-memcache (1:4.0.5.2-1+ubuntu20.04.1+deb.sury.org+1) ...
2024-08-11T14:51:25.1340965Z Purging configuration files for php8.3-fpm (8.3.10-1+ubuntu20.04.1+deb.sury.org+1) ...
2024-08-11T14:51:25.9562380Z dpkg: warning: while removing php8.3-fpm, directory '/usr/share/php' not empty so not removed
2024-08-11T14:51:25.9752294Z Purging configuration files for php8.2-opcache (8.2.22-1+ubuntu20.04.1+deb.sury.org+1) ...
2024-08-11T14:51:26.0753172Z Purging configuration files for php8.1-imap (8.1.29-1+ubuntu20.04.1+deb.sury.org+1) ...
2024-08-11T14:51:26.1739181Z Purging configuration files for php8.0-interbase (1:8.0.30-8+ubuntu20.04.1+deb.sury.org+1) ...
2024-08-11T14:51:26.2736622Z Purging configuration files for php8.0-mbstring (1:8.0.30-8+ubuntu20.04.1+deb.sury.org+1) ...
2024-08-11T14:51:26.3746139Z Purging configuration files for apache2 (2.4.41-4ubuntu3.21) ...
2024-08-11T14:51:27.4848840Z Purging configuration files for php8.2-readline (8.2.22-1+ubuntu20.04.1+deb.sury.org+1) ...
2024-08-11T14:51:27.5846088Z Purging configuration files for php8.2-mbstring (8.2.22-1+ubuntu20.04.1+deb.sury.org+1) ...
2024-08-11T14:51:27.6906594Z Purging configuration files for php8.1-memcached (3.2.0++-1+ubuntu20.04.1+deb.sury.org+2) ...
2024-08-11T14:51:27.7193658Z Purging configuration files for libgl1-mesa-dri:amd64 (21.2.6-0ubuntu0.1~20.04.2) ...
2024-08-11T14:51:27.7498128Z Purging configuration files for libnginx-mod-http-image-filter (1.18.0-0ubuntu1.5) ...
2024-08-11T14:51:27.7788989Z Purging configuration files for php8.3-pgsql (8.3.10-1+ubuntu20.04.1+deb.sury.org+1) ...
2024-08-11T14:51:27.9530708Z Purging configuration files for php8.1-gd (8.1.29-1+ubuntu20.04.1+deb.sury.org+1) ...
2024-08-11T14:51:28.0524388Z Purging configuration files for php8.2-xdebug (3.3.2-1+ubuntu20.04.1+deb.sury.org+1) ...
2024-08-11T14:51:28.0829341Z Purging configuration files for libmagickcore-dev (8:6.9.10.23+dfsg-2.1ubuntu11.10) ...
2024-08-11T14:51:28.1107755Z Purging configuration files for php8.1-phpdbg (8.1.29-1+ubuntu20.04.1+deb.sury.org+1) ...
2024-08-11T14:51:28.2093459Z Purging configuration files for libnginx-mod-stream (1.18.0-0ubuntu1.5) ...
2024-08-11T14:51:28.2372437Z Purging configuration files for php7.4-imap (1:7.4.33-14+ubuntu20.04.1+deb.sury.org+1) ...
2024-08-11T14:51:28.3368017Z Purging configuration files for php8.3-intl (8.3.10-1+ubuntu20.04.1+deb.sury.org+1) ...
2024-08-11T14:51:28.4370880Z Purging configuration files for php8.3-xdebug (3.3.2-1+ubuntu20.04.1+deb.sury.org+1) ...
2024-08-11T14:51:28.4794684Z Purging configuration files for rpm (4.14.2.1+dfsg1-1build2) ...
2024-08-11T14:51:28.5057804Z Purging configuration files for php7.4-readline (1:7.4.33-14+ubuntu20.04.1+deb.sury.org+1) ...
2024-08-11T14:51:28.6068985Z Purging configuration files for php8.0-zmq (1.1.3-24+ubuntu20.04.1+deb.sury.org+2) ...
2024-08-11T14:51:28.6340193Z Purging configuration files for php7.4-xdebug (1:3.1.6-1+ubuntu20.04.1+deb.sury.org+1) ...
2024-08-11T14:51:28.6610803Z Purging configuration files for nginx-common (1.18.0-0ubuntu1.5) ...
2024-08-11T14:51:29.5921739Z dpkg: warning: while removing nginx-common, directory '/var/www/html' not empty so not removed
2024-08-11T14:51:29.6130320Z Purging configuration files for php7.4-mbstring (1:7.4.33-14+ubuntu20.04.1+deb.sury.org+1) ...
2024-08-11T14:51:29.7142287Z Purging configuration files for php8.3-igbinary (3.2.15-1+ubuntu20.04.1+deb.sury.org+1) ...
2024-08-11T14:51:29.7439227Z Purging configuration files for php8.0-bz2 (1:8.0.30-8+ubuntu20.04.1+deb.sury.org+1) ...
2024-08-11T14:51:29.8433314Z Purging configuration files for php7.4-odbc (1:7.4.33-14+ubuntu20.04.1+deb.sury.org+1) ...
2024-08-11T14:51:30.0129415Z Purging configuration files for mono-runtime-common (6.12.0.200-0xamarin2+ubuntu2004b1) ...
2024-08-11T14:51:30.0385955Z Purging configuration files for php8.1-pgsql (8.1.29-1+ubuntu20.04.1+deb.sury.org+1) ...
2024-08-11T14:51:30.2146957Z Purging configuration files for php8.0-zip (1:8.0.30-8+ubuntu20.04.1+deb.sury.org+1) ...
2024-08-11T14:51:30.3156753Z Purging configuration files for php8.0-intl (1:8.0.30-8+ubuntu20.04.1+deb.sury.org+1) ...
2024-08-11T14:51:30.4153512Z Purging configuration files for php7.4-bz2 (1:7.4.33-14+ubuntu20.04.1+deb.sury.org+1) ...
2024-08-11T14:51:30.5151631Z Purging configuration files for php8.2-amqp (2.1.2-1+ubuntu20.04.1+deb.sury.org+1) ...
2024-08-11T14:51:30.5432835Z Purging configuration files for php8.3-common (8.3.10-1+ubuntu20.04.1+deb.sury.org+1) ...
2024-08-11T14:51:31.7725342Z Purging configuration files for php7.4-cli (1:7.4.33-14+ubuntu20.04.1+deb.sury.org+1) ...
2024-08-11T14:51:31.8677615Z Purging configuration files for php8.3-cli (8.3.10-1+ubuntu20.04.1+deb.sury.org+1) ...
2024-08-11T14:51:31.9636685Z Purging configuration files for php8.1-zmq (1.1.3-24+ubuntu20.04.1+deb.sury.org+2) ...
2024-08-11T14:51:31.9897810Z Purging configuration files for php8.1-msgpack (1:2.2.0-4+ubuntu20.04.1+deb.sury.org+1) ...
2024-08-11T14:51:32.0166945Z Purging configuration files for php8.0-yaml (2.2.3-2+ubuntu20.04.1+deb.sury.org+2) ...
2024-08-11T14:51:32.0432827Z Purging configuration files for mono-devel (6.12.0.200-0xamarin2+ubuntu2004b1) ...
2024-08-11T14:51:32.0496059Z dpkg: warning: while removing mono-devel, directory '/etc/mono' not empty so not removed
2024-08-11T14:51:32.0587676Z Purging configuration files for php8.3-dba (8.3.10-1+ubuntu20.04.1+deb.sury.org+1) ...
2024-08-11T14:51:32.1760988Z Purging configuration files for php8.3-zip (8.3.10-1+ubuntu20.04.1+deb.sury.org+1) ...
2024-08-11T14:51:32.2785850Z Purging configuration files for libxml-sax-perl (1.02+dfsg-1) ...
2024-08-11T14:51:32.3727651Z Purging configuration files for php8.3-tidy (8.3.10-1+ubuntu20.04.1+deb.sury.org+1) ...
2024-08-11T14:51:32.4724018Z Purging configuration files for php7.4-intl (1:7.4.33-14+ubuntu20.04.1+deb.sury.org+1) ...
2024-08-11T14:51:32.5720954Z Purging configuration files for php8.2-intl (8.2.22-1+ubuntu20.04.1+deb.sury.org+1) ...
2024-08-11T14:51:32.6712129Z Purging configuration files for php8.0-bcmath (1:8.0.30-8+ubuntu20.04.1+deb.sury.org+1) ...
2024-08-11T14:51:32.7711703Z Purging configuration files for php8.0-odbc (1:8.0.30-8+ubuntu20.04.1+deb.sury.org+1) ...
2024-08-11T14:51:32.9419814Z Purging configuration files for php8.2-enchant (8.2.22-1+ubuntu20.04.1+deb.sury.org+1) ...
2024-08-11T14:51:33.0403470Z Purging configuration files for php8.0-gd (1:8.0.30-8+ubuntu20.04.1+deb.sury.org+1) ...
2024-08-11T14:51:33.1397301Z Purging configuration files for php8.1-curl (8.1.29-1+ubuntu20.04.1+deb.sury.org+1) ...
2024-08-11T14:51:33.2387798Z Purging configuration files for php8.0-memcache (8.2-2+ubuntu20.04.1+deb.sury.org+2) ...
2024-08-11T14:51:33.2664851Z Purging configuration files for php8.1-odbc (8.1.29-1+ubuntu20.04.1+deb.sury.org+1) ...
2024-08-11T14:51:33.4359574Z Purging configuration files for dpkg-dev (1.19.7ubuntu3.2) ...
2024-08-11T14:51:33.4494583Z Purging configuration files for pkgconf (1.6.3-5) ...
2024-08-11T14:51:33.4744727Z Purging configuration files for php8.1-yaml (2.2.3-2+ubuntu20.04.1+deb.sury.org+2) ...
2024-08-11T14:51:33.5001156Z Purging configuration files for php7.4-msgpack (1:2.2.0-4+ubuntu20.04.1+deb.sury.org+1) ...
2024-08-11T14:51:33.5241945Z Purging configuration files for php8.0-gmp (1:8.0.30-8+ubuntu20.04.1+deb.sury.org+1) ...
2024-08-11T14:51:33.6230409Z Purging configuration files for php8.1-sqlite3 (8.1.29-1+ubuntu20.04.1+deb.sury.org+1) ...
2024-08-11T14:51:33.7941776Z Purging configuration files for php8.2-igbinary (3.2.15-1+ubuntu20.04.1+deb.sury.org+1) ...
2024-08-11T14:51:33.8337309Z Purging configuration files for php8.3-mysql (8.3.10-1+ubuntu20.04.1+deb.sury.org+1) ...
2024-08-11T14:51:34.0729131Z Purging configuration files for php8.3-sqlite3 (8.3.10-1+ubuntu20.04.1+deb.sury.org+1) ...
2024-08-11T14:51:34.2458684Z Purging configuration files for php8.2-phpdbg (8.2.22-1+ubuntu20.04.1+deb.sury.org+1) ...
2024-08-11T14:51:34.3419232Z Purging configuration files for php8.1-xml (8.1.29-1+ubuntu20.04.1+deb.sury.org+1) ...
2024-08-11T14:51:34.7949540Z Purging configuration files for php8.0-cgi (1:8.0.30-8+ubuntu20.04.1+deb.sury.org+1) ...
2024-08-11T14:51:34.8927698Z Purging configuration files for php8.0-pspell (1:8.0.30-8+ubuntu20.04.1+deb.sury.org+1) ...
2024-08-11T14:51:34.9917242Z Purging configuration files for php8.0-fpm (1:8.0.30-8+ubuntu20.04.1+deb.sury.org+1) ...
2024-08-11T14:51:35.8649548Z Purging configuration files for php8.0-mongodb (1.19.3-1+ubuntu20.04.1+deb.sury.org+1) ...
2024-08-11T14:51:35.8946630Z Purging configuration files for php8.0-curl (1:8.0.30-8+ubuntu20.04.1+deb.sury.org+1) ...
2024-08-11T14:51:35.9954850Z Purging configuration files for php8.1-soap (8.1.29-1+ubuntu20.04.1+deb.sury.org+1) ...
2024-08-11T14:51:36.0948248Z Purging configuration files for php8.0-phpdbg (1:8.0.30-8+ubuntu20.04.1+deb.sury.org+1) ...
2024-08-11T14:51:36.2003974Z Purging configuration files for php8.3-cgi (8.3.10-1+ubuntu20.04.1+deb.sury.org+1) ...
2024-08-11T14:51:36.2972638Z Purging configuration files for libnginx-mod-http-xslt-filter (1.18.0-0ubuntu1.5) ...
2024-08-11T14:51:36.3239842Z Purging configuration files for php8.3-zmq (1.1.3-24+ubuntu20.04.1+deb.sury.org+2) ...
2024-08-11T14:51:36.3506750Z Purging configuration files for php8.2-fpm (8.2.22-1+ubuntu20.04.1+deb.sury.org+1) ...
2024-08-11T14:51:37.1898721Z Purging configuration files for monodoc-http (4.2-3xamarin5+ubuntu2004b1) ...
2024-08-11T14:51:37.2168111Z Purging configuration files for perl (5.30.0-9ubuntu0.5) ...
2024-08-11T14:51:37.2516135Z Purging configuration files for php8.3-mbstring (8.3.10-1+ubuntu20.04.1+deb.sury.org+1) ...
2024-08-11T14:51:37.3529584Z Purging configuration files for php8.1-enchant (8.1.29-1+ubuntu20.04.1+deb.sury.org+1) ...
2024-08-11T14:51:37.4524080Z Purging configuration files for php8.3-enchant (8.3.10-1+ubuntu20.04.1+deb.sury.org+1) ...
2024-08-11T14:51:37.5514359Z Purging configuration files for php8.1-fpm (8.1.29-1+ubuntu20.04.1+deb.sury.org+1) ...
2024-08-11T14:51:38.3873184Z Purging configuration files for php8.2-memcached (3.2.0++-1+ubuntu20.04.1+deb.sury.org+2) ...
2024-08-11T14:51:38.4149757Z Purging configuration files for php7.4-yaml (1:2.2.3-1+ubuntu20.04.1+deb.sury.org+2) ...
2024-08-11T14:51:38.4413766Z Purging configuration files for php8.2-curl (8.2.22-1+ubuntu20.04.1+deb.sury.org+1) ...
2024-08-11T14:51:38.5392594Z Purging configuration files for php8.3-readline (8.3.10-1+ubuntu20.04.1+deb.sury.org+1) ...
2024-08-11T14:51:38.6377691Z Purging configuration files for php7.4-zip (1:7.4.33-14+ubuntu20.04.1+deb.sury.org+1) ...
2024-08-11T14:51:38.7368063Z Purging configuration files for php8.1-mysql (8.1.29-1+ubuntu20.04.1+deb.sury.org+1) ...
2024-08-11T14:51:38.9801854Z Purging configuration files for php7.4-igbinary (3.2.15-1+ubuntu20.04.1+deb.sury.org+1) ...
2024-08-11T14:51:39.0062941Z Purging configuration files for php8.3-interbase (8.3.10-1+ubuntu20.04.1+deb.sury.org+1) ...
2024-08-11T14:51:39.1064162Z Purging configuration files for php8.1-cli (8.1.29-1+ubuntu20.04.1+deb.sury.org+1) ...
2024-08-11T14:51:39.2024923Z Purging configuration files for php8.2-interbase (8.2.22-1+ubuntu20.04.1+deb.sury.org+1) ...
2024-08-11T14:51:39.3028085Z Purging configuration files for php8.2-xml (8.2.22-1+ubuntu20.04.1+deb.sury.org+1) ...
2024-08-11T14:51:39.7598568Z Purging configuration files for php8.3-gmp (8.3.10-1+ubuntu20.04.1+deb.sury.org+1) ...
2024-08-11T14:51:39.8603012Z Purging configuration files for php8.2-imagick (3.7.0-5+ubuntu20.04.1+deb.sury.org+1) ...
2024-08-11T14:51:39.8877720Z Purging configuration files for php7.4-pspell (1:7.4.33-14+ubuntu20.04.1+deb.sury.org+1) ...
2024-08-11T14:51:39.9867742Z Purging configuration files for libmono-profiler (6.12.0.200-0xamarin2+ubuntu2004b1) ...
2024-08-11T14:51:40.0115470Z Purging configuration files for php8.2-pspell (8.2.22-1+ubuntu20.04.1+deb.sury.org+1) ...
2024-08-11T14:51:40.1107023Z Purging configuration files for php7.4-dba (1:7.4.33-14+ubuntu20.04.1+deb.sury.org+1) ...
2024-08-11T14:51:40.2092551Z Purging configuration files for postgresql-common (261.pgdg20.04+1) ...
2024-08-11T14:51:41.6906134Z Purging configuration files for php8.0-readline (1:8.0.30-8+ubuntu20.04.1+deb.sury.org+1) ...
2024-08-11T14:51:41.7907131Z Purging configuration files for php8.0-amqp (2.1.2-1+ubuntu20.04.1+deb.sury.org+1) ...
2024-08-11T14:51:41.8330356Z Purging configuration files for php8.2-redis (6.0.2-1+ubuntu20.04.1+deb.sury.org+1) ...
2024-08-11T14:51:41.8581293Z Purging configuration files for php7.4-interbase (1:7.4.33-14+ubuntu20.04.1+deb.sury.org+1) ...
2024-08-11T14:51:41.9570562Z Purging configuration files for git (1:2.46.0-0ppa1~ubuntu20.04.1) ...
2024-08-11T14:51:41.9877507Z Purging configuration files for php8.0-cli (1:8.0.30-8+ubuntu20.04.1+deb.sury.org+1) ...
2024-08-11T14:51:42.0838522Z Purging configuration files for php8.2-zmq (1.1.3-24+ubuntu20.04.1+deb.sury.org+2) ...
2024-08-11T14:51:42.1089823Z Purging configuration files for php8.3-msgpack (1:2.2.0-4+ubuntu20.04.1+deb.sury.org+1) ...
2024-08-11T14:51:42.1341199Z Purging configuration files for texinfo (6.7.0.dfsg.2-5) ...
2024-08-11T14:51:42.1656138Z Purging configuration files for php8.2-apcu (5.1.23-1+ubuntu20.04.1+deb.sury.org+1) ...
2024-08-11T14:51:42.1906258Z Purging configuration files for php8.0-opcache (1:8.0.30-8+ubuntu20.04.1+deb.sury.org+1) ...
2024-08-11T14:51:42.2896507Z Purging configuration files for php8.3-soap (8.3.10-1+ubuntu20.04.1+deb.sury.org+1) ...
2024-08-11T14:51:42.3879217Z Purging configuration files for php8.1-tidy (8.1.29-1+ubuntu20.04.1+deb.sury.org+1) ...
2024-08-11T14:51:42.4847887Z Purging configuration files for parallel (20161222-1.1) ...
2024-08-11T14:51:42.5119593Z Purging configuration files for autoconf (2.69-11.1) ...
2024-08-11T14:51:42.5244993Z Purging configuration files for php8.3-ldap (8.3.10-1+ubuntu20.04.1+deb.sury.org+1) ...
2024-08-11T14:51:42.6228786Z Purging configuration files for php8.0-common (1:8.0.30-8+ubuntu20.04.1+deb.sury.org+1) ...
2024-08-11T14:51:43.8464323Z Purging configuration files for php8.0-xdebug (3.3.2-1+ubuntu20.04.1+deb.sury.org+1) ...
2024-08-11T14:51:43.8734116Z Purging configuration files for php8.0-ldap (1:8.0.30-8+ubuntu20.04.1+deb.sury.org+1) ...
2024-08-11T14:51:43.9715464Z Purging configuration files for php8.2-cgi (8.2.22-1+ubuntu20.04.1+deb.sury.org+1) ...
2024-08-11T14:51:44.0660856Z Purging configuration files for php8.3-bcmath (8.3.10-1+ubuntu20.04.1+deb.sury.org+1) ...
2024-08-11T14:51:44.1649155Z Purging configuration files for php8.2-msgpack (1:2.2.0-4+ubuntu20.04.1+deb.sury.org+1) ...
2024-08-11T14:51:44.1913393Z Purging configuration files for php8.1-zip (8.1.29-1+ubuntu20.04.1+deb.sury.org+1) ...
2024-08-11T14:51:44.2875311Z Purging configuration files for php8.0-redis (6.0.2-1+ubuntu20.04.1+deb.sury.org+1) ...
2024-08-11T14:51:44.3139515Z Purging configuration files for php8.1-redis (6.0.2-1+ubuntu20.04.1+deb.sury.org+1) ...
2024-08-11T14:51:44.3404316Z Purging configuration files for libmagickwand-dev (8:6.9.10.23+dfsg-2.1ubuntu11.10) ...
2024-08-11T14:51:44.3678719Z Purging configuration files for php8.1-amqp (2.1.2-1+ubuntu20.04.1+deb.sury.org+1) ...
2024-08-11T14:51:44.3934768Z Purging configuration files for php7.4-ldap (1:7.4.33-14+ubuntu20.04.1+deb.sury.org+1) ...
2024-08-11T14:51:44.4917859Z Purging configuration files for php8.3-yaml (2.2.3-2+ubuntu20.04.1+deb.sury.org+2) ...
2024-08-11T14:51:44.5174570Z Purging configuration files for php8.1-igbinary (3.2.15-1+ubuntu20.04.1+deb.sury.org+1) ...
2024-08-11T14:51:44.5431397Z Purging configuration files for php8.2-gmp (8.2.22-1+ubuntu20.04.1+deb.sury.org+1) ...
2024-08-11T14:51:44.6413696Z Purging configuration files for php8.0-pgsql (1:8.0.30-8+ubuntu20.04.1+deb.sury.org+1) ...
2024-08-11T14:51:44.8141120Z Purging configuration files for php8.0-enchant (1:8.0.30-8+ubuntu20.04.1+deb.sury.org+1) ...
2024-08-11T14:51:44.9102957Z Purging configuration files for php8.3-bz2 (8.3.10-1+ubuntu20.04.1+deb.sury.org+1) ...
2024-08-11T14:51:45.0135870Z Purging configuration files for php7.4-opcache (1:7.4.33-14+ubuntu20.04.1+deb.sury.org+1) ...
2024-08-11T14:51:45.1140177Z Purging configuration files for php8.1-memcache (8.2-2+ubuntu20.04.1+deb.sury.org+2) ...
2024-08-11T14:51:45.1402714Z Purging configuration files for php8.2-gd (8.2.22-1+ubuntu20.04.1+deb.sury.org+1) ...
2024-08-11T14:51:45.2387586Z Purging configuration files for php7.4-pcov (1.0.11-5+ubuntu20.04.1+deb.sury.org+2) ...
2024-08-11T14:51:45.2675856Z Purging configuration files for php8.1-pspell (8.1.29-1+ubuntu20.04.1+deb.sury.org+1) ...
2024-08-11T14:51:45.3663937Z Purging configuration files for php8.3-xml (8.3.10-1+ubuntu20.04.1+deb.sury.org+1) ...
2024-08-11T14:51:45.8195322Z Purging configuration files for php8.1-readline (8.1.29-1+ubuntu20.04.1+deb.sury.org+1) ...
2024-08-11T14:51:45.9219406Z Purging configuration files for php8.0-sqlite3 (1:8.0.30-8+ubuntu20.04.1+deb.sury.org+1) ...
2024-08-11T14:51:46.0947848Z Purging configuration files for php8.3-apcu (5.1.23-1+ubuntu20.04.1+deb.sury.org+1) ...
2024-08-11T14:51:46.1222932Z Purging configuration files for php8.2-yaml (2.2.3-2+ubuntu20.04.1+deb.sury.org+2) ...
2024-08-11T14:51:46.1647143Z Purging configuration files for php8.3-pspell (8.3.10-1+ubuntu20.04.1+deb.sury.org+1) ...
2024-08-11T14:51:46.2652337Z Purging configuration files for php7.4-mongodb (1.19.3-1+ubuntu20.04.1+deb.sury.org+1) ...
2024-08-11T14:51:46.2921682Z Purging configuration files for php8.3-imagick (3.7.0-5+ubuntu20.04.1+deb.sury.org+1) ...
2024-08-11T14:51:46.3196457Z Purging configuration files for php8.1-imagick (3.7.0-5+ubuntu20.04.1+deb.sury.org+1) ...
2024-08-11T14:51:46.3457450Z Purging configuration files for php8.3-opcache (8.3.10-1+ubuntu20.04.1+deb.sury.org+1) ...
2024-08-11T14:51:46.4447237Z Purging configuration files for php8.2-sybase (8.2.22-1+ubuntu20.04.1+deb.sury.org+1) ...
2024-08-11T14:51:46.5452013Z Purging configuration files for php8.2-cli (8.2.22-1+ubuntu20.04.1+deb.sury.org+1) ...
2024-08-11T14:51:46.6419404Z Purging configuration files for php8.3-amqp (2.1.2-1+ubuntu20.04.1+deb.sury.org+1) ...
2024-08-11T14:51:46.6686905Z Purging configuration files for php7.4-sqlite3 (1:7.4.33-14+ubuntu20.04.1+deb.sury.org+1) ...
2024-08-11T14:51:46.8394047Z Purging configuration files for php8.1-cgi (8.1.29-1+ubuntu20.04.1+deb.sury.org+1) ...
2024-08-11T14:51:46.9345888Z Purging configuration files for php8.2-pcov (1.0.11-5+ubuntu20.04.1+deb.sury.org+2) ...
2024-08-11T14:51:46.9431197Z dpkg: warning: while removing php8.2-pcov, directory '/etc/php/8.2/mods-available' not empty so not removed
2024-08-11T14:51:46.9607924Z Purging configuration files for php8.0-dba (1:8.0.30-8+ubuntu20.04.1+deb.sury.org+1) ...
2024-08-11T14:51:47.0580972Z Purging configuration files for php8.3-memcache (8.2-2+ubuntu20.04.1+deb.sury.org+2) ...
2024-08-11T14:51:47.0842696Z Purging configuration files for php8.2-sqlite3 (8.2.22-1+ubuntu20.04.1+deb.sury.org+1) ...
2024-08-11T14:51:47.2533368Z Purging configuration files for php8.3-phpdbg (8.3.10-1+ubuntu20.04.1+deb.sury.org+1) ...
2024-08-11T14:51:47.3496891Z Purging configuration files for php8.2-soap (8.2.22-1+ubuntu20.04.1+deb.sury.org+1) ...
2024-08-11T14:51:47.4479069Z Purging configuration files for php7.4-tidy (1:7.4.33-14+ubuntu20.04.1+deb.sury.org+1) ...
2024-08-11T14:51:47.5482752Z Purging configuration files for php8.0-snmp (1:8.0.30-8+ubuntu20.04.1+deb.sury.org+1) ...
2024-08-11T14:51:47.6481556Z Purging configuration files for php7.4-soap (1:7.4.33-14+ubuntu20.04.1+deb.sury.org+1) ...
2024-08-11T14:51:47.7458544Z Purging configuration files for php8.3-memcached (3.2.0++-1+ubuntu20.04.1+deb.sury.org+2) ...
2024-08-11T14:51:47.7713466Z Purging configuration files for php7.4-sybase (1:7.4.33-14+ubuntu20.04.1+deb.sury.org+1) ...
2024-08-11T14:51:47.8687835Z Purging configuration files for php8.1-interbase (8.1.29-1+ubuntu20.04.1+deb.sury.org+1) ...
2024-08-11T14:51:47.9660967Z Purging configuration files for php8.0-igbinary (3.2.15-1+ubuntu20.04.1+deb.sury.org+1) ...
2024-08-11T14:51:47.9922707Z Purging configuration files for php8.2-tidy (8.2.22-1+ubuntu20.04.1+deb.sury.org+1) ...
2024-08-11T14:51:48.0908937Z Purging configuration files for php7.4-redis (6.0.2-1+ubuntu20.04.1+deb.sury.org+1) ...
2024-08-11T14:51:48.1168391Z Purging configuration files for php8.0-sybase (1:8.0.30-8+ubuntu20.04.1+deb.sury.org+1) ...
2024-08-11T14:51:48.2146320Z Purging configuration files for php8.1-opcache (8.1.29-1+ubuntu20.04.1+deb.sury.org+1) ...
2024-08-11T14:51:48.3123522Z Purging configuration files for php8.1-intl (8.1.29-1+ubuntu20.04.1+deb.sury.org+1) ...
2024-08-11T14:51:48.4117759Z Purging configuration files for php8.3-pcov (1.0.11-5+ubuntu20.04.1+deb.sury.org+2) ...
2024-08-11T14:51:48.4383034Z Purging configuration files for php7.4-gd (1:7.4.33-14+ubuntu20.04.1+deb.sury.org+1) ...
2024-08-11T14:51:48.5351224Z Purging configuration files for php8.1-sybase (8.1.29-1+ubuntu20.04.1+deb.sury.org+1) ...
2024-08-11T14:51:48.6361946Z Purging configuration files for php7.4-memcached (3.2.0++-1+ubuntu20.04.1+deb.sury.org+2) ...
2024-08-11T14:51:48.6627610Z Purging configuration files for php8.0-imagick (3.7.0-5+ubuntu20.04.1+deb.sury.org+1) ...
2024-08-11T14:51:48.6885238Z Purging configuration files for php8.1-mongodb (1.19.3-1+ubuntu20.04.1+deb.sury.org+1) ...
2024-08-11T14:51:48.7144166Z Purging configuration files for php8.1-apcu (5.1.23-1+ubuntu20.04.1+deb.sury.org+1) ...
2024-08-11T14:51:48.7404424Z Purging configuration files for php8.3-snmp (8.3.10-1+ubuntu20.04.1+deb.sury.org+1) ...
2024-08-11T14:51:48.8367182Z Purging configuration files for php8.1-ldap (8.1.29-1+ubuntu20.04.1+deb.sury.org+1) ...
2024-08-11T14:51:48.9358423Z Purging configuration files for php8.3-redis (6.0.2-1+ubuntu20.04.1+deb.sury.org+1) ...
2024-08-11T14:51:48.9448703Z dpkg: warning: while removing php8.3-redis, directory '/etc/php/8.3/mods-available' not empty so not removed
2024-08-11T14:51:48.9634247Z Purging configuration files for php8.3-gd (8.3.10-1+ubuntu20.04.1+deb.sury.org+1) ...
2024-08-11T14:51:49.0612264Z Purging configuration files for php8.1-pcov (1.0.11-5+ubuntu20.04.1+deb.sury.org+2) ...
2024-08-11T14:51:49.1188941Z Processing triggers for systemd (245.4-4ubuntu3.23) ...
2024-08-11T14:51:49.3439210Z Processing triggers for ufw (0.36-6ubuntu1.1) ...
2024-08-11T14:51:51.9995099Z Selecting previously unselected package perl.
2024-08-11T14:51:52.0047143Z (Reading database ... 
2024-08-11T14:51:52.0048021Z (Reading database ... 5%
2024-08-11T14:51:52.0048820Z (Reading database ... 10%
2024-08-11T14:51:52.0049985Z (Reading database ... 15%
2024-08-11T14:51:52.0050888Z (Reading database ... 20%
2024-08-11T14:51:52.0051593Z (Reading database ... 25%
2024-08-11T14:51:52.0052163Z (Reading database ... 30%
2024-08-11T14:51:52.0052736Z (Reading database ... 35%
2024-08-11T14:51:52.0053901Z (Reading database ... 40%
2024-08-11T14:51:52.0054475Z (Reading database ... 45%
2024-08-11T14:51:52.0055054Z (Reading database ... 50%
2024-08-11T14:51:52.0066444Z (Reading database ... 55%
2024-08-11T14:51:52.0084794Z (Reading database ... 60%
2024-08-11T14:51:52.0112862Z (Reading database ... 65%
2024-08-11T14:51:52.0127164Z (Reading database ... 70%
2024-08-11T14:51:52.0153402Z (Reading database ... 75%
2024-08-11T14:51:52.0244638Z (Reading database ... 80%
2024-08-11T14:51:52.0286603Z (Reading database ... 85%
2024-08-11T14:51:52.0482893Z (Reading database ... 90%
2024-08-11T14:51:52.0792067Z (Reading database ... 95%
2024-08-11T14:51:52.0792841Z (Reading database ... 100%
2024-08-11T14:51:52.0794537Z (Reading database ... 239699 files and directories currently installed.)
2024-08-11T14:51:52.0838131Z Preparing to unpack .../perl_5.30.0-9ubuntu0.5_amd64.deb ...
2024-08-11T14:51:52.0909690Z Unpacking perl (5.30.0-9ubuntu0.5) ...
2024-08-11T14:51:52.1302803Z dpkg: warning: downgrading libpcre2-8-0:amd64 from 10.42-3+ubuntu20.04.1+deb.sury.org+1 to 10.34-7ubuntu0.1
2024-08-11T14:51:52.1439301Z Preparing to unpack .../libpcre2-8-0_10.34-7ubuntu0.1_amd64.deb ...
2024-08-11T14:51:52.1538207Z Unpacking libpcre2-8-0:amd64 (10.34-7ubuntu0.1) over (10.42-3+ubuntu20.04.1+deb.sury.org+1) ...
2024-08-11T14:51:52.2087033Z Setting up libpcre2-8-0:amd64 (10.34-7ubuntu0.1) ...
2024-08-11T14:51:52.2380801Z Selecting previously unselected package autoconf.
2024-08-11T14:51:52.2434893Z (Reading database ... 
2024-08-11T14:51:52.2435677Z (Reading database ... 5%
2024-08-11T14:51:52.2436334Z (Reading database ... 10%
2024-08-11T14:51:52.2436808Z (Reading database ... 15%
2024-08-11T14:51:52.2437254Z (Reading database ... 20%
2024-08-11T14:51:52.2437737Z (Reading database ... 25%
2024-08-11T14:51:52.2438171Z (Reading database ... 30%
2024-08-11T14:51:52.2438596Z (Reading database ... 35%
2024-08-11T14:51:52.2439040Z (Reading database ... 40%
2024-08-11T14:51:52.2439468Z (Reading database ... 45%
2024-08-11T14:51:52.2439880Z (Reading database ... 50%
2024-08-11T14:51:52.2444365Z (Reading database ... 55%
2024-08-11T14:51:52.2461662Z (Reading database ... 60%
2024-08-11T14:51:52.2489756Z (Reading database ... 65%
2024-08-11T14:51:52.2503592Z (Reading database ... 70%
2024-08-11T14:51:52.2530949Z (Reading database ... 75%
2024-08-11T14:51:52.2623678Z (Reading database ... 80%
2024-08-11T14:51:52.2667370Z (Reading database ... 85%
2024-08-11T14:51:52.2866157Z (Reading database ... 90%
2024-08-11T14:51:52.3162042Z (Reading database ... 95%
2024-08-11T14:51:52.3162997Z (Reading database ... 100%
2024-08-11T14:51:52.3163719Z (Reading database ... 239764 files and directories currently installed.)
2024-08-11T14:51:52.3207854Z Preparing to unpack .../00-autoconf_2.69-11.1_all.deb ...
2024-08-11T14:51:52.3219266Z Unpacking autoconf (2.69-11.1) ...
2024-08-11T14:51:52.3669519Z Selecting previously unselected package automake.
2024-08-11T14:51:52.3807204Z Preparing to unpack .../01-automake_1%3a1.16.1-4ubuntu6_all.deb ...
2024-08-11T14:51:52.3837952Z Unpacking automake (1:1.16.1-4ubuntu6) ...
2024-08-11T14:51:52.4399733Z Selecting previously unselected package libdpkg-perl.
2024-08-11T14:51:52.4536102Z Preparing to unpack .../02-libdpkg-perl_1.19.7ubuntu3.2_all.deb ...
2024-08-11T14:51:52.4548666Z Unpacking libdpkg-perl (1.19.7ubuntu3.2) ...
2024-08-11T14:51:52.4995122Z Selecting previously unselected package dpkg-dev.
2024-08-11T14:51:52.5131751Z Preparing to unpack .../03-dpkg-dev_1.19.7ubuntu3.2_all.deb ...
2024-08-11T14:51:52.5142643Z Unpacking dpkg-dev (1.19.7ubuntu3.2) ...
2024-08-11T14:51:52.5818859Z Selecting previously unselected package build-essential.
2024-08-11T14:51:52.5957442Z Preparing to unpack .../04-build-essential_12.8ubuntu1.1_amd64.deb ...
2024-08-11T14:51:52.5967972Z Unpacking build-essential (12.8ubuntu1.1) ...
2024-08-11T14:51:52.6171577Z Selecting previously unselected package liberror-perl.
2024-08-11T14:51:52.6306047Z Preparing to unpack .../05-liberror-perl_0.17029-1_all.deb ...
2024-08-11T14:51:52.6317678Z Unpacking liberror-perl (0.17029-1) ...
2024-08-11T14:51:52.6565838Z Selecting previously unselected package git-man.
2024-08-11T14:51:52.6698366Z Preparing to unpack .../06-git-man_1%3a2.25.1-1ubuntu3.13_all.deb ...
2024-08-11T14:51:52.6710810Z Unpacking git-man (1:2.25.1-1ubuntu3.13) ...
2024-08-11T14:51:52.7577821Z Selecting previously unselected package git.
2024-08-11T14:51:52.7716929Z Preparing to unpack .../07-git_1%3a2.25.1-1ubuntu3.13_amd64.deb ...
2024-08-11T14:51:52.7885041Z Unpacking git (1:2.25.1-1ubuntu3.13) ...
2024-08-11T14:51:53.2309298Z Selecting previously unselected package libalgorithm-diff-perl.
2024-08-11T14:51:53.2449604Z Preparing to unpack .../08-libalgorithm-diff-perl_1.19.03-2_all.deb ...
2024-08-11T14:51:53.2464098Z Unpacking libalgorithm-diff-perl (1.19.03-2) ...
2024-08-11T14:51:53.2695900Z Selecting previously unselected package libalgorithm-diff-xs-perl.
2024-08-11T14:51:53.2833706Z Preparing to unpack .../09-libalgorithm-diff-xs-perl_0.04-6_amd64.deb ...
2024-08-11T14:51:53.2849420Z Unpacking libalgorithm-diff-xs-perl (0.04-6) ...
2024-08-11T14:51:53.3063180Z Selecting previously unselected package libalgorithm-merge-perl.
2024-08-11T14:51:53.3199995Z Preparing to unpack .../10-libalgorithm-merge-perl_0.08-3_all.deb ...
2024-08-11T14:51:53.3212007Z Unpacking libalgorithm-merge-perl (0.08-3) ...
2024-08-11T14:51:53.3456034Z Selecting previously unselected package libfile-fcntllock-perl.
2024-08-11T14:51:53.3591294Z Preparing to unpack .../11-libfile-fcntllock-perl_0.22-3build4_amd64.deb ...
2024-08-11T14:51:53.3603473Z Unpacking libfile-fcntllock-perl (0.22-3build4) ...
2024-08-11T14:51:53.3859057Z dpkg: warning: downgrading libgd3:amd64 from 2.3.3-12+ubuntu20.04.1+deb.sury.org+1 to 2.2.5-5.2ubuntu2.1
2024-08-11T14:51:53.3993095Z Preparing to unpack .../12-libgd3_2.2.5-5.2ubuntu2.1_amd64.deb ...
2024-08-11T14:51:53.4031104Z Unpacking libgd3:amd64 (2.2.5-5.2ubuntu2.1) over (2.3.3-12+ubuntu20.04.1+deb.sury.org+1) ...
2024-08-11T14:51:53.4350978Z dpkg: warning: downgrading libpcre2-16-0:amd64 from 10.42-3+ubuntu20.04.1+deb.sury.org+1 to 10.34-7ubuntu0.1
2024-08-11T14:51:53.4484217Z Preparing to unpack .../13-libpcre2-16-0_10.34-7ubuntu0.1_amd64.deb ...
2024-08-11T14:51:53.4517184Z Unpacking libpcre2-16-0:amd64 (10.34-7ubuntu0.1) over (10.42-3+ubuntu20.04.1+deb.sury.org+1) ...
2024-08-11T14:51:53.4871924Z dpkg: warning: downgrading libpcre2-32-0:amd64 from 10.42-3+ubuntu20.04.1+deb.sury.org+1 to 10.34-7ubuntu0.1
2024-08-11T14:51:53.5004672Z Preparing to unpack .../14-libpcre2-32-0_10.34-7ubuntu0.1_amd64.deb ...
2024-08-11T14:51:53.5286319Z Unpacking libpcre2-32-0:amd64 (10.34-7ubuntu0.1) over (10.42-3+ubuntu20.04.1+deb.sury.org+1) ...
2024-08-11T14:51:53.5648198Z Selecting previously unselected package libpcre2-dev:amd64.
2024-08-11T14:51:53.5786309Z Preparing to unpack .../15-libpcre2-dev_10.34-7ubuntu0.1_amd64.deb ...
2024-08-11T14:51:53.5796100Z Unpacking libpcre2-dev:amd64 (10.34-7ubuntu0.1) ...
2024-08-11T14:51:53.6537505Z Selecting previously unselected package libselinux1-dev:amd64.
2024-08-11T14:51:53.6677310Z Preparing to unpack .../16-libselinux1-dev_3.0-1build2_amd64.deb ...
2024-08-11T14:51:53.6685752Z Unpacking libselinux1-dev:amd64 (3.0-1build2) ...
2024-08-11T14:51:53.7145530Z Selecting previously unselected package pkg-config.
2024-08-11T14:51:53.7283982Z Preparing to unpack .../17-pkg-config_0.29.1-0ubuntu4_amd64.deb ...
2024-08-11T14:51:53.7292880Z Unpacking pkg-config (0.29.1-0ubuntu4) ...
2024-08-11T14:51:53.7536546Z Selecting previously unselected package libglib2.0-dev:amd64.
2024-08-11T14:51:53.7673178Z Preparing to unpack .../18-libglib2.0-dev_2.64.6-1~ubuntu20.04.7_amd64.deb ...
2024-08-11T14:51:53.7685147Z Unpacking libglib2.0-dev:amd64 (2.64.6-1~ubuntu20.04.7) ...
2024-08-11T14:51:53.9579769Z Setting up libpcre2-16-0:amd64 (10.34-7ubuntu0.1) ...
2024-08-11T14:51:53.9613327Z Setting up perl (5.30.0-9ubuntu0.5) ...
2024-08-11T14:51:53.9715058Z Setting up libpcre2-32-0:amd64 (10.34-7ubuntu0.1) ...
2024-08-11T14:51:53.9755345Z Setting up libgd3:amd64 (2.2.5-5.2ubuntu2.1) ...
2024-08-11T14:51:53.9797434Z Setting up libdpkg-perl (1.19.7ubuntu3.2) ...
2024-08-11T14:51:53.9835890Z Setting up autoconf (2.69-11.1) ...
2024-08-11T14:51:53.9875746Z Setting up git-man (1:2.25.1-1ubuntu3.13) ...
2024-08-11T14:51:53.9913293Z Setting up automake (1:1.16.1-4ubuntu6) ...
2024-08-11T14:51:53.9977890Z update-alternatives: using /usr/bin/automake-1.16 to provide /usr/bin/automake (automake) in auto mode
2024-08-11T14:51:54.0032437Z Setting up libpcre2-dev:amd64 (10.34-7ubuntu0.1) ...
2024-08-11T14:51:54.0065457Z Setting up libfile-fcntllock-perl (0.22-3build4) ...
2024-08-11T14:51:54.0098429Z Setting up libselinux1-dev:amd64 (3.0-1build2) ...
2024-08-11T14:51:54.0126416Z Setting up libalgorithm-diff-perl (1.19.03-2) ...
2024-08-11T14:51:54.0167689Z Setting up dpkg-dev (1.19.7ubuntu3.2) ...
2024-08-11T14:51:54.0218986Z Setting up liberror-perl (0.17029-1) ...
2024-08-11T14:51:54.0246402Z Setting up pkg-config (0.29.1-0ubuntu4) ...
2024-08-11T14:51:54.0592314Z Setting up git (1:2.25.1-1ubuntu3.13) ...
2024-08-11T14:51:54.0799731Z Setting up build-essential (12.8ubuntu1.1) ...
2024-08-11T14:51:54.0831983Z Setting up libalgorithm-diff-xs-perl (0.04-6) ...
2024-08-11T14:51:54.0864436Z Setting up libalgorithm-merge-perl (0.08-3) ...
2024-08-11T14:51:54.0893516Z Setting up libglib2.0-dev:amd64 (2.64.6-1~ubuntu20.04.7) ...
2024-08-11T14:51:54.0932436Z Processing triggers for libglib2.0-0:amd64 (2.64.6-1~ubuntu20.04.7) ...
2024-08-11T14:51:54.1048387Z Processing triggers for libc-bin (2.31-0ubuntu9.16) ...
2024-08-11T14:51:54.1203239Z Processing triggers for man-db (2.9.1-1) ...
2024-08-11T14:51:59.5254788Z Processing triggers for install-info (6.7.0.dfsg.2-5) ...
2024-08-11T14:52:00.9921928Z ##[group]Run # pawpaw debug
2024-08-11T14:52:00.9922436Z [36;1m# pawpaw debug[0m
2024-08-11T14:52:00.9922810Z [36;1mPAWPAW_DEBUG=0[0m
2024-08-11T14:52:00.9923187Z [36;1m[[ "false" = "true" ]] && PAWPAW_DEBUG=1[0m
2024-08-11T14:52:00.9923788Z [36;1mecho "PAWPAW_DEBUG=${PAWPAW_DEBUG}" >> $GITHUB_ENV[0m
2024-08-11T14:52:00.9924282Z [36;1m# pawpaw lto[0m
2024-08-11T14:52:00.9924836Z [36;1mPAWPAW_SKIP_LTO=1[0m
2024-08-11T14:52:00.9925322Z [36;1m[[ "false" = "true" ]] && PAWPAW_SKIP_LTO=0[0m
2024-08-11T14:52:00.9925907Z [36;1mecho "PAWPAW_SKIP_LTO=${PAWPAW_SKIP_LTO}" >> $GITHUB_ENV[0m
2024-08-11T14:52:00.9926438Z [36;1m# pawpaw target[0m
2024-08-11T14:52:00.9926803Z [36;1mPAWPAW_TARGET="source"[0m
2024-08-11T14:52:00.9927576Z [36;1m[[ "${PAWPAW_TARGET}" = "linux" || "${PAWPAW_TARGET}" = "pluginval" || "${PAWPAW_TARGET}" = "plugin-validation" ]] && PAWPAW_TARGET=linux-x86_64[0m
2024-08-11T14:52:00.9928533Z [36;1m[[ "${PAWPAW_TARGET}" = "macos" ]] && PAWPAW_TARGET=macos-universal[0m
2024-08-11T14:52:00.9929265Z [36;1m[[ "${PAWPAW_TARGET}" = "macos-intel" ]] && PAWPAW_TARGET=macos[0m
2024-08-11T14:52:00.9929898Z [36;1mecho "PAWPAW_TARGET=${PAWPAW_TARGET}" >> $GITHUB_ENV[0m
2024-08-11T14:52:00.9930424Z [36;1m# make extra args[0m
2024-08-11T14:52:00.9930993Z [36;1mecho "MAKE_EXTRA_ARGS=DEBUG=false HAVE_CAIRO=false WITH_LTO=false " >> $GITHUB_ENV[0m
2024-08-11T14:52:00.9967799Z shell: /usr/bin/bash --noprofile --norc -e -o pipefail {0}
2024-08-11T14:52:00.9968325Z env:
2024-08-11T14:52:00.9968621Z   PAWPAW_SKIP_LV2: 0
2024-08-11T14:52:00.9968996Z   DEBIAN_FRONTEND: noninteractive
2024-08-11T14:52:00.9969399Z   HOMEBREW_NO_AUTO_UPDATE: 1
2024-08-11T14:52:00.9969770Z   HOMEBREW_NO_INSTALL_CLEANUP: 1
2024-08-11T14:52:00.9970170Z   LIBGL_ALWAYS_SOFTWARE: true
2024-08-11T14:52:00.9970533Z   PAWPAW_CACHE_VERSION: 8
2024-08-11T14:52:00.9970982Z   PAWPAW_COMMIT_HASH: 80607a764da0b5a6b2daa4d5dd165beafa0535bc
2024-08-11T14:52:00.9971486Z   PAWPAW_SKIP_GLIB: 1
2024-08-11T14:52:00.9971818Z   UBUNTU_CODENAME: focal
2024-08-11T14:52:00.9972171Z   UBUNTU_VERSION: 20.04
2024-08-11T14:52:00.9972515Z ##[endgroup]
2024-08-11T14:52:01.0237123Z ##[group]Run echo "SHA8=$(echo 29fd60d6365c6df04f47ff0eb82b916dd948315e | cut -c1-8)" >> $GITHUB_ENV
2024-08-11T14:52:01.0238023Z [36;1mecho "SHA8=$(echo 29fd60d6365c6df04f47ff0eb82b916dd948315e | cut -c1-8)" >> $GITHUB_ENV[0m
2024-08-11T14:52:01.0270685Z shell: /usr/bin/bash --noprofile --norc -e -o pipefail {0}
2024-08-11T14:52:01.0271197Z env:
2024-08-11T14:52:01.0271494Z   PAWPAW_SKIP_LV2: 0
2024-08-11T14:52:01.0271841Z   DEBIAN_FRONTEND: noninteractive
2024-08-11T14:52:01.0272285Z   HOMEBREW_NO_AUTO_UPDATE: 1
2024-08-11T14:52:01.0272660Z   HOMEBREW_NO_INSTALL_CLEANUP: 1
2024-08-11T14:52:01.0273024Z   LIBGL_ALWAYS_SOFTWARE: true
2024-08-11T14:52:01.0273425Z   PAWPAW_CACHE_VERSION: 8
2024-08-11T14:52:01.0273889Z   PAWPAW_COMMIT_HASH: 80607a764da0b5a6b2daa4d5dd165beafa0535bc
2024-08-11T14:52:01.0274381Z   PAWPAW_SKIP_GLIB: 1
2024-08-11T14:52:01.0274711Z   UBUNTU_CODENAME: focal
2024-08-11T14:52:01.0275262Z   UBUNTU_VERSION: 20.04
2024-08-11T14:52:01.0275595Z   PAWPAW_DEBUG: 0
2024-08-11T14:52:01.0275910Z   PAWPAW_SKIP_LTO: 1
2024-08-11T14:52:01.0276251Z   PAWPAW_TARGET: source
2024-08-11T14:52:01.0276690Z   MAKE_EXTRA_ARGS: DEBUG=false HAVE_CAIRO=false WITH_LTO=false 
2024-08-11T14:52:01.0277168Z ##[endgroup]
2024-08-11T14:52:01.0370335Z ##[group]Run [[ "false" = "true" ]] && TARGET_SUFFIX="-debug"
2024-08-11T14:52:01.0370910Z [36;1m[[ "false" = "true" ]] && TARGET_SUFFIX="-debug"[0m
2024-08-11T14:52:01.0371658Z [36;1mecho "ARTIFACT_BASENAME=MonoSpatializer_ui-source${TARGET_SUFFIX}-29fd60d6" >> $GITHUB_ENV[0m
2024-08-11T14:52:01.0372575Z [36;1mecho "RELEASE_BASENAME=MonoSpatializer_ui-$(echo master | sed 's|/|-|g')" >> $GITHUB_ENV[0m
2024-08-11T14:52:01.0404686Z shell: /usr/bin/bash --noprofile --norc -e -o pipefail {0}
2024-08-11T14:52:01.0405176Z env:
2024-08-11T14:52:01.0405457Z   PAWPAW_SKIP_LV2: 0
2024-08-11T14:52:01.0405841Z   DEBIAN_FRONTEND: noninteractive
2024-08-11T14:52:01.0406219Z   HOMEBREW_NO_AUTO_UPDATE: 1
2024-08-11T14:52:01.0406609Z   HOMEBREW_NO_INSTALL_CLEANUP: 1
2024-08-11T14:52:01.0407017Z   LIBGL_ALWAYS_SOFTWARE: true
2024-08-11T14:52:01.0407410Z   PAWPAW_CACHE_VERSION: 8
2024-08-11T14:52:01.0407842Z   PAWPAW_COMMIT_HASH: 80607a764da0b5a6b2daa4d5dd165beafa0535bc
2024-08-11T14:52:01.0408362Z   PAWPAW_SKIP_GLIB: 1
2024-08-11T14:52:01.0408909Z   UBUNTU_CODENAME: focal
2024-08-11T14:52:01.0409228Z   UBUNTU_VERSION: 20.04
2024-08-11T14:52:01.0409608Z   PAWPAW_DEBUG: 0
2024-08-11T14:52:01.0409947Z   PAWPAW_SKIP_LTO: 1
2024-08-11T14:52:01.0410251Z   PAWPAW_TARGET: source
2024-08-11T14:52:01.0410729Z   MAKE_EXTRA_ARGS: DEBUG=false HAVE_CAIRO=false WITH_LTO=false 
2024-08-11T14:52:01.0411216Z   SHA8: 29fd60d6
2024-08-11T14:52:01.0411490Z ##[endgroup]
2024-08-11T14:52:01.0546809Z ##[group]Run tar chJf ../MonoSpatializer_ui-master-src.tar.xz \
2024-08-11T14:52:01.0547466Z [36;1mtar chJf ../MonoSpatializer_ui-master-src.tar.xz \[0m
2024-08-11T14:52:01.0548017Z [36;1m    --exclude=".git*" \[0m
2024-08-11T14:52:01.0548464Z [36;1m    --transform='s,^\.\.,-.-.,' \[0m
2024-08-11T14:52:01.0548943Z [36;1m    --transform='s,^\.,MonoSpatializer_ui-master,' \[0m
2024-08-11T14:52:01.0549481Z [36;1m    --transform='s,^-\.-\.,..,' \[0m
2024-08-11T14:52:01.0549900Z [36;1m    .[0m
2024-08-11T14:52:01.0550264Z [36;1mmv ../MonoSpatializer_ui-master-src.tar.xz .[0m
2024-08-11T14:52:01.0550951Z [36;1mecho RELEASE_FILENAME=MonoSpatializer_ui-master-src.tar.xz >> $GITHUB_ENV[0m
2024-08-11T14:52:01.0583629Z shell: /usr/bin/bash --noprofile --norc -e -o pipefail {0}
2024-08-11T14:52:01.0584213Z env:
2024-08-11T14:52:01.0584483Z   PAWPAW_SKIP_LV2: 0
2024-08-11T14:52:01.0584847Z   DEBIAN_FRONTEND: noninteractive
2024-08-11T14:52:01.0585291Z   HOMEBREW_NO_AUTO_UPDATE: 1
2024-08-11T14:52:01.0585649Z   HOMEBREW_NO_INSTALL_CLEANUP: 1
2024-08-11T14:52:01.0586038Z   LIBGL_ALWAYS_SOFTWARE: true
2024-08-11T14:52:01.0586452Z   PAWPAW_CACHE_VERSION: 8
2024-08-11T14:52:01.0586875Z   PAWPAW_COMMIT_HASH: 80607a764da0b5a6b2daa4d5dd165beafa0535bc
2024-08-11T14:52:01.0587402Z   PAWPAW_SKIP_GLIB: 1
2024-08-11T14:52:01.0587777Z   UBUNTU_CODENAME: focal
2024-08-11T14:52:01.0588127Z   UBUNTU_VERSION: 20.04
2024-08-11T14:52:01.0588448Z   PAWPAW_DEBUG: 0
2024-08-11T14:52:01.0588800Z   PAWPAW_SKIP_LTO: 1
2024-08-11T14:52:01.0589104Z   PAWPAW_TARGET: source
2024-08-11T14:52:01.0589586Z   MAKE_EXTRA_ARGS: DEBUG=false HAVE_CAIRO=false WITH_LTO=false 
2024-08-11T14:52:01.0590121Z   SHA8: 29fd60d6
2024-08-11T14:52:01.0590529Z   ARTIFACT_BASENAME: MonoSpatializer_ui-source-29fd60d6
2024-08-11T14:52:01.0591036Z   RELEASE_BASENAME: MonoSpatializer_ui-master
2024-08-11T14:52:01.0591494Z ##[endgroup]
