2024-08-11T14:49:53.7855382Z Current runner version: '2.317.0'
2024-08-11T14:49:53.7879276Z ##[group]Operating System
2024-08-11T14:49:53.7879986Z Ubuntu
2024-08-11T14:49:53.7880293Z 20.04.6
2024-08-11T14:49:53.7880806Z LTS
2024-08-11T14:49:53.7881180Z ##[endgroup]
2024-08-11T14:49:53.7881542Z ##[group]Runner Image
2024-08-11T14:49:53.7882000Z Image: ubuntu-20.04
2024-08-11T14:49:53.7882423Z Version: 20240804.1.0
2024-08-11T14:49:53.7883412Z Included Software: https://github.com/actions/runner-images/blob/ubuntu20/20240804.1/images/ubuntu/Ubuntu2004-Readme.md
2024-08-11T14:49:53.7884887Z Image Release: https://github.com/actions/runner-images/releases/tag/ubuntu20%2F20240804.1
2024-08-11T14:49:53.7885802Z ##[endgroup]
2024-08-11T14:49:53.7886215Z ##[group]Runner Image Provisioner
2024-08-11T14:49:53.7886660Z 2.0.374.1
2024-08-11T14:49:53.7887019Z ##[endgroup]
2024-08-11T14:49:53.7887982Z ##[group]GITHUB_TOKEN Permissions
2024-08-11T14:49:53.7889567Z Contents: read
2024-08-11T14:49:53.7890039Z Metadata: read
2024-08-11T14:49:53.7890564Z Packages: read
2024-08-11T14:49:53.7891053Z ##[endgroup]
2024-08-11T14:49:53.7893971Z Secret source: Actions
2024-08-11T14:49:53.7894641Z Prepare workflow directory
2024-08-11T14:49:53.8609579Z Prepare all required actions
2024-08-11T14:49:53.8765706Z Getting action download info
2024-08-11T14:49:54.0217878Z Download action repository 'actions/checkout@v3' (SHA:f43a0e5ff2bd294095638e18286ca9a3d1956744)
2024-08-11T14:49:54.1474345Z Download action repository 'distrho/dpf-makefile-action@v1' (SHA:70eb407e09df43875a220bf7b775856a516fb459)
2024-08-11T14:49:54.5948790Z Getting action download info
2024-08-11T14:49:54.6945769Z Download action repository 'actions/cache@v4' (SHA:0c45773b623bea8c8e75f6c82b208c3cf94ea4f9)
2024-08-11T14:49:54.7936433Z Download action repository 'actions/upload-artifact@v4' (SHA:834a144ee995460fba8ed112a2fc961b36a5ec5a)
2024-08-11T14:49:55.0638838Z Download action repository 'softprops/action-gh-release@v1' (SHA:de2c0eb89ae2a093876385947365aca7b0e5f844)
2024-08-11T14:49:55.3350223Z Complete job name: source
2024-08-11T14:49:55.4207077Z ##[group]Run actions/checkout@v3
2024-08-11T14:49:55.4207484Z with:
2024-08-11T14:49:55.4207714Z   submodules: recursive
2024-08-11T14:49:55.4208059Z   repository: Schmitty2005/MonoSpatializer_ui
2024-08-11T14:49:55.4208606Z   token: ***
2024-08-11T14:49:55.4208844Z   ssh-strict: true
2024-08-11T14:49:55.4209111Z   persist-credentials: true
2024-08-11T14:49:55.4209407Z   clean: true
2024-08-11T14:49:55.4209653Z   sparse-checkout-cone-mode: true
2024-08-11T14:49:55.4209962Z   fetch-depth: 1
2024-08-11T14:49:55.4210199Z   fetch-tags: false
2024-08-11T14:49:55.4210446Z   lfs: false
2024-08-11T14:49:55.4210692Z   set-safe-directory: true
2024-08-11T14:49:55.4210967Z env:
2024-08-11T14:49:55.4211172Z   PAWPAW_SKIP_LV2: 0
2024-08-11T14:49:55.4211420Z ##[endgroup]
2024-08-11T14:49:55.6624132Z Syncing repository: Schmitty2005/MonoSpatializer_ui
2024-08-11T14:49:55.6626215Z ##[group]Getting Git version info
2024-08-11T14:49:55.6627142Z Working directory is '/home/runner/work/MonoSpatializer_ui/MonoSpatializer_ui'
2024-08-11T14:49:55.6628107Z [command]/usr/bin/git version
2024-08-11T14:49:55.6661597Z git version 2.46.0
2024-08-11T14:49:55.6687357Z ##[endgroup]
2024-08-11T14:49:55.6707767Z Temporarily overriding HOME='/home/runner/work/_temp/5f0fa3ab-0e12-4c5e-b64d-5d0c0c4f84f6' before making global git config changes
2024-08-11T14:49:55.6709153Z Adding repository directory to the temporary git global config as a safe directory
2024-08-11T14:49:55.6710520Z [command]/usr/bin/git config --global --add safe.directory /home/runner/work/MonoSpatializer_ui/MonoSpatializer_ui
2024-08-11T14:49:55.6743996Z Deleting the contents of '/home/runner/work/MonoSpatializer_ui/MonoSpatializer_ui'
2024-08-11T14:49:55.6747088Z ##[group]Initializing the repository
2024-08-11T14:49:55.6750463Z [command]/usr/bin/git init /home/runner/work/MonoSpatializer_ui/MonoSpatializer_ui
2024-08-11T14:49:55.6837279Z hint: Using 'master' as the name for the initial branch. This default branch name
2024-08-11T14:49:55.6839457Z hint: is subject to change. To configure the initial branch name to use in all
2024-08-11T14:49:55.6841503Z hint: of your new repositories, which will suppress this warning, call:
2024-08-11T14:49:55.6842421Z hint:
2024-08-11T14:49:55.6843178Z hint: 	git config --global init.defaultBranch <name>
2024-08-11T14:49:55.6844310Z hint:
2024-08-11T14:49:55.6845212Z hint: Names commonly chosen instead of 'master' are 'main', 'trunk' and
2024-08-11T14:49:55.6846631Z hint: 'development'. The just-created branch can be renamed via this command:
2024-08-11T14:49:55.6847549Z hint:
2024-08-11T14:49:55.6848067Z hint: 	git branch -m <name>
2024-08-11T14:49:55.6849114Z Initialized empty Git repository in /home/runner/work/MonoSpatializer_ui/MonoSpatializer_ui/.git/
2024-08-11T14:49:55.6851886Z [command]/usr/bin/git remote add origin https://github.com/Schmitty2005/MonoSpatializer_ui
2024-08-11T14:49:55.6891223Z ##[endgroup]
2024-08-11T14:49:55.6891737Z ##[group]Disabling automatic garbage collection
2024-08-11T14:49:55.6892311Z [command]/usr/bin/git config --local gc.auto 0
2024-08-11T14:49:55.6917769Z ##[endgroup]
2024-08-11T14:49:55.6919046Z ##[group]Setting up auth
2024-08-11T14:49:55.6923698Z [command]/usr/bin/git config --local --name-only --get-regexp core\.sshCommand
2024-08-11T14:49:55.6950530Z [command]/usr/bin/git submodule foreach --recursive sh -c "git config --local --name-only --get-regexp 'core\.sshCommand' && git config --local --unset-all 'core.sshCommand' || :"
2024-08-11T14:49:55.7318793Z [command]/usr/bin/git config --local --name-only --get-regexp http\.https\:\/\/github\.com\/\.extraheader
2024-08-11T14:49:55.7351757Z [command]/usr/bin/git submodule foreach --recursive sh -c "git config --local --name-only --get-regexp 'http\.https\:\/\/github\.com\/\.extraheader' && git config --local --unset-all 'http.https://github.com/.extraheader' || :"
2024-08-11T14:49:55.7589468Z [command]/usr/bin/git config --local http.https://github.com/.extraheader AUTHORIZATION: basic ***
2024-08-11T14:49:55.7620399Z ##[endgroup]
2024-08-11T14:49:55.7621605Z ##[group]Fetching the repository
2024-08-11T14:49:55.7629714Z [command]/usr/bin/git -c protocol.version=2 fetch --no-tags --prune --progress --no-recurse-submodules --depth=1 origin +29fd60d6365c6df04f47ff0eb82b916dd948315e:refs/remotes/origin/master
2024-08-11T14:49:55.9354837Z remote: Enumerating objects: 10, done.        
2024-08-11T14:49:55.9355959Z remote: Counting objects:  10% (1/10)        
2024-08-11T14:49:55.9357316Z remote: Counting objects:  20% (2/10)        
2024-08-11T14:49:55.9358325Z remote: Counting objects:  30% (3/10)        
2024-08-11T14:49:55.9359288Z remote: Counting objects:  40% (4/10)        
2024-08-11T14:49:55.9360657Z remote: Counting objects:  50% (5/10)        
2024-08-11T14:49:55.9361638Z remote: Counting objects:  60% (6/10)        
2024-08-11T14:49:55.9362609Z remote: Counting objects:  70% (7/10)        
2024-08-11T14:49:55.9363388Z remote: Counting objects:  80% (8/10)        
2024-08-11T14:49:55.9364055Z remote: Counting objects:  90% (9/10)        
2024-08-11T14:49:55.9364742Z remote: Counting objects: 100% (10/10)        
2024-08-11T14:49:55.9367070Z remote: Counting objects: 100% (10/10), done.        
2024-08-11T14:49:55.9367870Z remote: Compressing objects:  14% (1/7)        
2024-08-11T14:49:55.9368528Z remote: Compressing objects:  28% (2/7)        
2024-08-11T14:49:55.9368986Z remote: Compressing objects:  42% (3/7)        
2024-08-11T14:49:55.9369411Z remote: Compressing objects:  57% (4/7)        
2024-08-11T14:49:55.9369822Z remote: Compressing objects:  71% (5/7)        
2024-08-11T14:49:55.9370241Z remote: Compressing objects:  85% (6/7)        
2024-08-11T14:49:55.9370655Z remote: Compressing objects: 100% (7/7)        
2024-08-11T14:49:55.9371105Z remote: Compressing objects: 100% (7/7), done.        
2024-08-11T14:49:55.9371910Z remote: Total 10 (delta 1), reused 4 (delta 0), pack-reused 0        
2024-08-11T14:49:55.9443414Z From https://github.com/Schmitty2005/MonoSpatializer_ui
2024-08-11T14:49:55.9444985Z  * [new ref]         29fd60d6365c6df04f47ff0eb82b916dd948315e -> origin/master
2024-08-11T14:49:55.9476351Z ##[endgroup]
2024-08-11T14:49:55.9477075Z ##[group]Determining the checkout info
2024-08-11T14:49:55.9478975Z ##[endgroup]
2024-08-11T14:49:55.9479690Z ##[group]Checking out the ref
2024-08-11T14:49:55.9483864Z [command]/usr/bin/git checkout --progress --force -B master refs/remotes/origin/master
2024-08-11T14:49:55.9521897Z Reset branch 'master'
2024-08-11T14:49:55.9525100Z branch 'master' set up to track 'origin/master'.
2024-08-11T14:49:55.9531830Z ##[endgroup]
2024-08-11T14:49:55.9532345Z ##[group]Setting up auth for fetching submodules
2024-08-11T14:49:55.9535122Z [command]/usr/bin/git config --global http.https://github.com/.extraheader AUTHORIZATION: basic ***
2024-08-11T14:49:55.9565856Z [command]/usr/bin/git config --global --unset-all url.https://github.com/.insteadOf
2024-08-11T14:49:55.9593530Z [command]/usr/bin/git config --global --add url.https://github.com/.insteadOf git@github.com:
2024-08-11T14:49:55.9618523Z [command]/usr/bin/git config --global --add url.https://github.com/.insteadOf org-7423986@github.com:
2024-08-11T14:49:55.9640020Z ##[endgroup]
2024-08-11T14:49:55.9640931Z ##[group]Fetching submodules
2024-08-11T14:49:55.9644381Z [command]/usr/bin/git submodule sync --recursive
2024-08-11T14:49:55.9856662Z [command]/usr/bin/git -c protocol.version=2 submodule update --init --force --depth=1 --recursive
2024-08-11T14:49:56.0063696Z [command]/usr/bin/git submodule foreach --recursive git config --local gc.auto 0
2024-08-11T14:49:56.0266090Z ##[endgroup]
2024-08-11T14:49:56.0266951Z ##[group]Persisting credentials for submodules
2024-08-11T14:49:56.0272324Z [command]/usr/bin/git submodule foreach --recursive sh -c "git config --local --name-only --get-regexp 'url\.https\:\/\/github\.com\/\.insteadOf' && git config --local --unset-all 'url.https://github.com/.insteadOf' || :"
2024-08-11T14:49:56.0475174Z [command]/usr/bin/git submodule foreach --recursive sh -c "git config --local 'http.https://github.com/.extraheader' 'AUTHORIZATION: basic ***' && git config --local --show-origin --name-only --get-regexp remote.origin.url"
2024-08-11T14:49:56.0678986Z [command]/usr/bin/git submodule foreach --recursive git config --local --add 'url.https://github.com/.insteadOf' 'git@github.com:'
2024-08-11T14:49:56.0884553Z [command]/usr/bin/git submodule foreach --recursive git config --local --add 'url.https://github.com/.insteadOf' 'org-7423986@github.com:'
2024-08-11T14:49:56.1082748Z ##[endgroup]
2024-08-11T14:49:56.1111279Z [command]/usr/bin/git log -1 --format='%H'
2024-08-11T14:49:56.1133965Z '29fd60d6365c6df04f47ff0eb82b916dd948315e'
2024-08-11T14:49:56.1872045Z ##[group]Run distrho/dpf-makefile-action@v1
2024-08-11T14:49:56.1872447Z with:
2024-08-11T14:49:56.1872666Z   target: source
2024-08-11T14:49:56.1872910Z   debug: false
2024-08-11T14:49:56.1873129Z   lto: false
2024-08-11T14:49:56.1873352Z   dpf_path: dpf
2024-08-11T14:49:56.1873586Z   faust: false
2024-08-11T14:49:56.1873826Z   pawpaw: false
2024-08-11T14:49:56.1874082Z   release: true
2024-08-11T14:49:56.1874296Z env:
2024-08-11T14:49:56.1874504Z   PAWPAW_SKIP_LV2: 0
2024-08-11T14:49:56.1874754Z ##[endgroup]
2024-08-11T14:49:56.2100187Z ##[group]Run echo "DEBIAN_FRONTEND=noninteractive" >> $GITHUB_ENV
2024-08-11T14:49:56.2100853Z [36;1mecho "DEBIAN_FRONTEND=noninteractive" >> $GITHUB_ENV[0m
2024-08-11T14:49:56.2101374Z [36;1mecho "HOMEBREW_NO_AUTO_UPDATE=1" >> $GITHUB_ENV[0m
2024-08-11T14:49:56.2101861Z [36;1mecho "HOMEBREW_NO_INSTALL_CLEANUP=1" >> $GITHUB_ENV[0m
2024-08-11T14:49:56.2102357Z [36;1mecho "LIBGL_ALWAYS_SOFTWARE=true" >> $GITHUB_ENV[0m
2024-08-11T14:49:56.2102955Z [36;1mecho "PAWPAW_CACHE_VERSION=${PAWPAW_CACHE_VERSION:=8}" >> $GITHUB_ENV[0m
2024-08-11T14:49:56.2103761Z [36;1mecho "PAWPAW_COMMIT_HASH=${PAWPAW_COMMIT_HASH:=80607a764da0b5a6b2daa4d5dd165beafa0535bc}" >> $GITHUB_ENV[0m
2024-08-11T14:49:56.2104505Z [36;1mecho "PAWPAW_SKIP_GLIB=${PAWPAW_SKIP_GLIB:=1}" >> $GITHUB_ENV[0m
2024-08-11T14:49:56.2105077Z [36;1mecho "PAWPAW_SKIP_LV2=${PAWPAW_SKIP_LV2:=1}" >> $GITHUB_ENV[0m
2024-08-11T14:49:56.2236248Z shell: /usr/bin/bash --noprofile --norc -e -o pipefail {0}
2024-08-11T14:49:56.2236724Z env:
2024-08-11T14:49:56.2236959Z   PAWPAW_SKIP_LV2: 0
2024-08-11T14:49:56.2237222Z ##[endgroup]
2024-08-11T14:49:56.2422598Z ##[group]Run echo "UBUNTU_CODENAME=$(lsb_release -sc)" >> $GITHUB_ENV
2024-08-11T14:49:56.2423248Z [36;1mecho "UBUNTU_CODENAME=$(lsb_release -sc)" >> $GITHUB_ENV[0m
2024-08-11T14:49:56.2423792Z [36;1mecho "UBUNTU_VERSION=$(lsb_release -sr)" >> $GITHUB_ENV[0m
2024-08-11T14:49:56.2469735Z shell: /usr/bin/bash --noprofile --norc -e -o pipefail {0}
2024-08-11T14:49:56.2470164Z env:
2024-08-11T14:49:56.2470388Z   PAWPAW_SKIP_LV2: 0
2024-08-11T14:49:56.2470672Z   DEBIAN_FRONTEND: noninteractive
2024-08-11T14:49:56.2470989Z   HOMEBREW_NO_AUTO_UPDATE: 1
2024-08-11T14:49:56.2471293Z   HOMEBREW_NO_INSTALL_CLEANUP: 1
2024-08-11T14:49:56.2471605Z   LIBGL_ALWAYS_SOFTWARE: true
2024-08-11T14:49:56.2471895Z   PAWPAW_CACHE_VERSION: 8
2024-08-11T14:49:56.2472281Z   PAWPAW_COMMIT_HASH: 80607a764da0b5a6b2daa4d5dd165beafa0535bc
2024-08-11T14:49:56.2472718Z   PAWPAW_SKIP_GLIB: 1
2024-08-11T14:49:56.2472970Z ##[endgroup]
2024-08-11T14:49:56.3101039Z ##[group]Run sudo rm /etc/apt/sources.list.d/*.list
2024-08-11T14:49:56.3101511Z [36;1msudo rm /etc/apt/sources.list.d/*.list[0m
2024-08-11T14:49:56.3101902Z [36;1msudo apt-get update -qq[0m
2024-08-11T14:49:56.3102761Z [36;1msudo apt-get purge -yqq git-man libclang* libgbm* libllvm* libmono* libnginx* moby* mono* nginx* perl php* libgdiplus libpcre2-posix3 libselinux1-dev libzip4[0m
2024-08-11T14:49:56.3104602Z [36;1msudo apt-get install -yqq --allow-downgrades autoconf/focal automake/focal build-essential/focal git/focal libgd3/focal libglib2.0-0/focal libglib2.0-dev/focal libpcre2-8-0/focal libpcre2-16-0/focal libpcre2-32-0/focal libpcre2-posix2/focal pkg-config/focal[0m
2024-08-11T14:49:56.3105909Z [36;1msudo apt-get clean[0m
2024-08-11T14:49:56.3155002Z shell: /usr/bin/bash --noprofile --norc -e -o pipefail {0}
2024-08-11T14:49:56.3155437Z env:
2024-08-11T14:49:56.3155658Z   PAWPAW_SKIP_LV2: 0
2024-08-11T14:49:56.3155935Z   DEBIAN_FRONTEND: noninteractive
2024-08-11T14:49:56.3156256Z   HOMEBREW_NO_AUTO_UPDATE: 1
2024-08-11T14:49:56.3156553Z   HOMEBREW_NO_INSTALL_CLEANUP: 1
2024-08-11T14:49:56.3156858Z   LIBGL_ALWAYS_SOFTWARE: true
2024-08-11T14:49:56.3157155Z   PAWPAW_CACHE_VERSION: 8
2024-08-11T14:49:56.3157532Z   PAWPAW_COMMIT_HASH: 80607a764da0b5a6b2daa4d5dd165beafa0535bc
2024-08-11T14:49:56.3157951Z   PAWPAW_SKIP_GLIB: 1
2024-08-11T14:49:56.3158221Z   UBUNTU_CODENAME: focal
2024-08-11T14:49:56.3158707Z   UBUNTU_VERSION: 20.04
2024-08-11T14:49:56.3158971Z ##[endgroup]
2024-08-11T14:50:04.4473953Z (Reading database ... 
2024-08-11T14:50:04.4474709Z (Reading database ... 5%
2024-08-11T14:50:04.4475088Z (Reading database ... 10%
2024-08-11T14:50:04.4475430Z (Reading database ... 15%
2024-08-11T14:50:04.4475769Z (Reading database ... 20%
2024-08-11T14:50:04.4476097Z (Reading database ... 25%
2024-08-11T14:50:04.4476437Z (Reading database ... 30%
2024-08-11T14:50:04.4476760Z (Reading database ... 35%
2024-08-11T14:50:04.4477082Z (Reading database ... 40%
2024-08-11T14:50:04.4477392Z (Reading database ... 45%
2024-08-11T14:50:04.4477709Z (Reading database ... 50%
2024-08-11T14:50:04.4893864Z (Reading database ... 55%
2024-08-11T14:50:04.5277015Z (Reading database ... 60%
2024-08-11T14:50:04.5568042Z (Reading database ... 65%
2024-08-11T14:50:04.6190265Z (Reading database ... 70%
2024-08-11T14:50:04.6693802Z (Reading database ... 75%
2024-08-11T14:50:04.7526474Z (Reading database ... 80%
2024-08-11T14:50:04.8234958Z (Reading database ... 85%
2024-08-11T14:50:04.8706506Z (Reading database ... 90%
2024-08-11T14:50:04.9284375Z (Reading database ... 95%
2024-08-11T14:50:04.9284987Z (Reading database ... 100%
2024-08-11T14:50:04.9285873Z (Reading database ... 270533 files and directories currently installed.)
2024-08-11T14:50:04.9341056Z Removing apache2 (2.4.41-4ubuntu3.21) ...
2024-08-11T14:50:06.0446624Z Removing apache2-bin (2.4.41-4ubuntu3.21) ...
2024-08-11T14:50:06.0612929Z dpkg: warning: while removing apache2-bin, directory '/var/lib/apache2' not empty so not removed
2024-08-11T14:50:06.0733462Z Removing php8.3-dev (8.3.10-1+ubuntu20.04.1+deb.sury.org+1) ...
2024-08-11T14:50:06.0842580Z update-alternatives: using /usr/bin/php-config8.2 to provide /usr/bin/php-config (php-config) in auto mode
2024-08-11T14:50:06.0860124Z update-alternatives: using /usr/bin/phpize8.2 to provide /usr/bin/phpize (phpize) in auto mode
2024-08-11T14:50:06.1838798Z Removing php8.2-dev (8.2.22-1+ubuntu20.04.1+deb.sury.org+1) ...
2024-08-11T14:50:06.1970879Z update-alternatives: using /usr/bin/php-config8.1 to provide /usr/bin/php-config (php-config) in auto mode
2024-08-11T14:50:06.1987436Z update-alternatives: using /usr/bin/phpize8.1 to provide /usr/bin/phpize (phpize) in auto mode
2024-08-11T14:50:06.3436282Z Removing libmagickwand-dev (8:6.9.10.23+dfsg-2.1ubuntu11.10) ...
2024-08-11T14:50:06.3929976Z Removing libmagickwand-6.q16-dev:amd64 (8:6.9.10.23+dfsg-2.1ubuntu11.10) ...
2024-08-11T14:50:06.4162860Z Removing libmagickcore-dev (8:6.9.10.23+dfsg-2.1ubuntu11.10) ...
2024-08-11T14:50:06.4621827Z Removing libmagickcore-6.q16-dev:amd64 (8:6.9.10.23+dfsg-2.1ubuntu11.10) ...
2024-08-11T14:50:06.4829680Z Removing unixodbc-dev (2.3.11-1) ...
2024-08-11T14:50:06.5050850Z Removing libltdl-dev:amd64 (2.4.6-14) ...
2024-08-11T14:50:06.5423131Z Removing php8.1-dev (8.1.29-1+ubuntu20.04.1+deb.sury.org+1) ...
2024-08-11T14:50:06.5886516Z update-alternatives: using /usr/bin/php-config8.0 to provide /usr/bin/php-config (php-config) in auto mode
2024-08-11T14:50:06.5903665Z update-alternatives: using /usr/bin/phpize8.0 to provide /usr/bin/phpize (phpize) in auto mode
2024-08-11T14:50:06.6671406Z Removing r-base-dev (4.4.1-1.2004.0) ...
2024-08-11T14:50:06.6888681Z Removing build-essential (12.8ubuntu1.1) ...
2024-08-11T14:50:06.7209433Z Removing mono-complete (6.12.0.200-0xamarin2+ubuntu2004b1) ...
2024-08-11T14:50:06.7626191Z Removing clang-tidy-10 (1:10.0.0-4ubuntu1) ...
2024-08-11T14:50:06.7823825Z Removing clang-tools-10 (1:10.0.0-4ubuntu1) ...
2024-08-11T14:50:06.8137606Z Removing clang-10 (1:10.0.0-4ubuntu1) ...
2024-08-11T14:50:06.8390737Z Removing clang-tidy-11 (1:11.0.0-2~ubuntu20.04.1) ...
2024-08-11T14:50:06.8594115Z Removing clang-tools-11 (1:11.0.0-2~ubuntu20.04.1) ...
2024-08-11T14:50:06.8878317Z Removing clang-11 (1:11.0.0-2~ubuntu20.04.1) ...
2024-08-11T14:50:06.9089944Z Removing clang-tidy-12 (1:12.0.0-3ubuntu1~20.04.5) ...
2024-08-11T14:50:06.9296408Z Removing clang-tools-12 (1:12.0.0-3ubuntu1~20.04.5) ...
2024-08-11T14:50:06.9617506Z Removing clang-12 (1:12.0.0-3ubuntu1~20.04.5) ...
2024-08-11T14:50:06.9818484Z Removing clang-format-10 (1:10.0.0-4ubuntu1) ...
2024-08-11T14:50:07.0281642Z Removing clang-format-11 (1:11.0.0-2~ubuntu20.04.1) ...
2024-08-11T14:50:07.0518557Z Removing clang-format-12 (1:12.0.0-3ubuntu1~20.04.5) ...
2024-08-11T14:50:07.0715942Z Removing dpkg-dev (1.19.7ubuntu3.2) ...
2024-08-11T14:50:07.1038547Z Removing esl-erlang (1:25.3-1) ...
2024-08-11T14:50:07.5675544Z Removing gh (2.54.0) ...
2024-08-11T14:50:07.5983011Z Removing git-lfs (3.5.1) ...
2024-08-11T14:50:07.6589688Z System Git LFS configuration has been removed.
2024-08-11T14:50:07.6909950Z Removing git-ftp (1.6.0+dfsg-1) ...
2024-08-11T14:50:07.7213299Z Removing ubuntu-server (1.450.2) ...
2024-08-11T14:50:07.7416484Z Removing git (1:2.46.0-0ppa1~ubuntu20.04.1) ...
2024-08-11T14:50:07.8662135Z Removing git-man (1:2.46.0-0ppa1~ubuntu20.04.1) ...
2024-08-11T14:50:07.8947672Z Removing google-chrome-stable (127.0.6533.88-1) ...
2024-08-11T14:50:08.0841770Z Removing librsvg2-dev:amd64 (2.48.9-1ubuntu0.20.04.4) ...
2024-08-11T14:50:08.1301171Z Removing libcairo2-dev:amd64 (1.16.0-4ubuntu1) ...
2024-08-11T14:50:08.1563887Z Removing libcgi-fast-perl (1:2.15-1) ...
2024-08-11T14:50:08.1759629Z Removing libhtml-template-perl (2.97-1) ...
2024-08-11T14:50:08.1963808Z Removing libcgi-pm-perl (4.46-1) ...
2024-08-11T14:50:08.2160132Z Removing libclang-common-10-dev (1:10.0.0-4ubuntu1) ...
2024-08-11T14:50:08.2556560Z Removing libclang-common-11-dev (1:11.0.0-2~ubuntu20.04.1) ...
2024-08-11T14:50:08.2977072Z Removing libclang-common-12-dev (1:12.0.0-3ubuntu1~20.04.5) ...
2024-08-11T14:50:08.3389308Z Removing llvm-10-dev (1:10.0.0-4ubuntu1) ...
2024-08-11T14:50:08.4999966Z Removing liblldb-10 (1:10.0.0-4ubuntu1) ...
2024-08-11T14:50:08.5262022Z Removing libclang-cpp10 (1:10.0.0-4ubuntu1) ...
2024-08-11T14:50:08.5459385Z Removing lldb-11 (1:11.0.0-2~ubuntu20.04.1) ...
2024-08-11T14:50:08.5659112Z Removing llvm-11-dev (1:11.0.0-2~ubuntu20.04.1) ...
2024-08-11T14:50:08.7673460Z Removing python3-lldb-11 (1:11.0.0-2~ubuntu20.04.1) ...
2024-08-11T14:50:08.7889351Z Removing liblldb-11 (1:11.0.0-2~ubuntu20.04.1) ...
2024-08-11T14:50:08.8247014Z Removing libclang-cpp11 (1:11.0.0-2~ubuntu20.04.1) ...
2024-08-11T14:50:08.8642433Z Removing llvm-12-dev (1:12.0.0-3ubuntu1~20.04.5) ...
2024-08-11T14:50:09.0679408Z Removing liblldb-12 (1:12.0.0-3ubuntu1~20.04.5) ...
2024-08-11T14:50:09.1260606Z Removing libclang-cpp12 (1:12.0.0-3ubuntu1~20.04.5) ...
2024-08-11T14:50:09.1503535Z Removing libclang1-10 (1:10.0.0-4ubuntu1) ...
2024-08-11T14:50:09.1761835Z Removing libclang1-11 (1:11.0.0-2~ubuntu20.04.1) ...
2024-08-11T14:50:09.2012946Z Removing libclang1-12 (1:12.0.0-3ubuntu1~20.04.5) ...
2024-08-11T14:50:09.2257539Z Removing libjson-xs-perl (4.020-1build1) ...
2024-08-11T14:50:09.2483815Z Removing libtypes-serialiser-perl (1.0-1) ...
2024-08-11T14:50:09.2738224Z Removing libcommon-sense-perl (3.74-2build6) ...
2024-08-11T14:50:09.2957485Z Removing php8.0-dev (1:8.0.30-8+ubuntu20.04.1+deb.sury.org+1) ...
2024-08-11T14:50:09.3006993Z update-alternatives: using /usr/bin/php-config7.4 to provide /usr/bin/php-config (php-config) in auto mode
2024-08-11T14:50:09.3023552Z update-alternatives: using /usr/bin/phpize7.4 to provide /usr/bin/phpize (phpize) in auto mode
2024-08-11T14:50:09.3652807Z Removing libhttp-message-perl (6.22-1) ...
2024-08-11T14:50:09.3881904Z Removing libencode-locale-perl (1.05-1) ...
2024-08-11T14:50:09.4122037Z Removing liberror-perl (0.17029-1) ...
2024-08-11T14:50:09.4347897Z Removing libfcgi-perl (0.79-1) ...
2024-08-11T14:50:09.4547647Z Removing libxft-dev:amd64 (2.3.3-0ubuntu1) ...
2024-08-11T14:50:09.4820331Z Removing libfontconfig1-dev:amd64 (2.13.1-2ubuntu3) ...
2024-08-11T14:50:09.5219612Z Removing libgbm-dev:amd64 (21.2.6-0ubuntu0.1~20.04.2) ...
2024-08-11T14:50:09.5482655Z Removing microsoft-edge-stable (127.0.2651.86-1) ...
2024-08-11T14:50:09.6584195Z update-alternatives: using /usr/bin/firefox to provide /usr/bin/x-www-browser (x-www-browser) in auto mode
2024-08-11T14:50:09.6602249Z update-alternatives: using /usr/bin/firefox to provide /usr/bin/gnome-www-browser (gnome-www-browser) in auto mode
2024-08-11T14:50:09.7019244Z Removing libgbm1:amd64 (21.2.6-0ubuntu0.1~20.04.2) ...
2024-08-11T14:50:09.7309393Z Removing msbuild (1:16.10.1+xamarinxplat.2021.05.26.14.00-0xamarin2+ubuntu2004b1) ...
2024-08-11T14:50:09.9199373Z Removing libgdk-pixbuf2.0-dev:amd64 (2.40.0+dfsg-3ubuntu0.5) ...
2024-08-11T14:50:09.9414244Z Removing xvfb (2:1.20.13-1ubuntu1~20.04.17) ...
2024-08-11T14:50:09.9613544Z Removing libwxgtk3.0-gtk3-0v5:amd64 (3.0.4+dfsg-15build1) ...
2024-08-11T14:50:09.9837587Z Removing libgl1:amd64 (1.3.2-1~ubuntu0.20.04.2) ...
2024-08-11T14:50:10.0231541Z Removing libglx0:amd64 (1.3.2-1~ubuntu0.20.04.2) ...
2024-08-11T14:50:10.0422066Z Removing libglx-mesa0:amd64 (21.2.6-0ubuntu0.1~20.04.2) ...
2024-08-11T14:50:10.0711405Z Removing libgl1-mesa-dri:amd64 (21.2.6-0ubuntu0.1~20.04.2) ...
2024-08-11T14:50:10.1133391Z Removing libsecret-1-dev:amd64 (0.20.4-0ubuntu1) ...
2024-08-11T14:50:10.1404145Z Removing libglib2.0-dev:amd64 (2.64.6-1~ubuntu20.04.7) ...
2024-08-11T14:50:10.2494154Z Removing libhtml-parser-perl (3.72-5) ...
2024-08-11T14:50:10.2714330Z Removing libhtml-tagset-perl (3.20-4) ...
2024-08-11T14:50:10.2899891Z Removing libhttp-date-perl (6.05-1) ...
2024-08-11T14:50:10.3130010Z Removing libio-html-perl (1.001-1) ...
2024-08-11T14:50:10.3321864Z Removing postgresql-14 (14.12-1.pgdg20.04+1) ...
2024-08-11T14:50:10.7111577Z update-alternatives: warning: forcing reinstallation of alternative /usr/share/postgresql/14/man/man1/psql.1.gz because link group psql.1.gz is broken
2024-08-11T14:50:10.9343237Z Removing postgresql-common (261.pgdg20.04+1) ...
2024-08-11T14:50:11.2933459Z Removing 'diversion of /usr/bin/pg_config to /usr/bin/pg_config.libpq-dev by postgresql-common'
2024-08-11T14:50:11.8086872Z Removing libjson-perl (4.02000-2) ...
2024-08-11T14:50:11.8309063Z Removing llvm-10 (1:10.0.0-4ubuntu1) ...
2024-08-11T14:50:11.8631696Z Removing llvm-10-runtime (1:10.0.0-4ubuntu1) ...
2024-08-11T14:50:11.9057001Z Removing lld-10 (1:10.0.0-4ubuntu1) ...
2024-08-11T14:50:11.9286266Z Removing libllvm10:amd64 (1:10.0.0-4ubuntu1) ...
2024-08-11T14:50:11.9484214Z Removing llvm-11 (1:11.0.0-2~ubuntu20.04.1) ...
2024-08-11T14:50:11.9797291Z Removing llvm-11-runtime (1:11.0.0-2~ubuntu20.04.1) ...
2024-08-11T14:50:12.0172990Z Removing lld-11 (1:11.0.0-2~ubuntu20.04.1) ...
2024-08-11T14:50:12.0389292Z Removing libllvm11:amd64 (1:11.0.0-2~ubuntu20.04.1) ...
2024-08-11T14:50:12.0647971Z Removing llvm-12-tools (1:12.0.0-3ubuntu1~20.04.5) ...
2024-08-11T14:50:12.1338642Z Removing llvm-12 (1:12.0.0-3ubuntu1~20.04.5) ...
2024-08-11T14:50:12.1577022Z Removing llvm-12-runtime (1:12.0.0-3ubuntu1~20.04.5) ...
2024-08-11T14:50:12.2026970Z Removing liblwp-mediatypes-perl (6.04-1) ...
2024-08-11T14:50:12.2207518Z Removing libmono-2.0-1 (6.12.0.200-0xamarin2+ubuntu2004b1) ...
2024-08-11T14:50:12.2497636Z Removing nuget (6.6.1.2.bin-0xamarin3+ubuntu2004b1) ...
2024-08-11T14:50:12.2724895Z Removing mono-csharp-shell (6.12.0.200-0xamarin2+ubuntu2004b1) ...
2024-08-11T14:50:12.3526164Z Removing referenceassemblies-pcl (2014.04.14-1xamarin7+ubuntu2004b1) ...
2024-08-11T14:50:12.4820806Z Removing mono-4.0-service (6.12.0.200-0xamarin2+ubuntu2004b1) ...
2024-08-11T14:50:12.5037661Z Removing libmono-profiler (6.12.0.200-0xamarin2+ubuntu2004b1) ...
2024-08-11T14:50:12.6831761Z Removing mono-utils (6.12.0.200-0xamarin2+ubuntu2004b1) ...
2024-08-11T14:50:12.7226653Z Removing libmonoboehm-2.0-1 (6.12.0.200-0xamarin2+ubuntu2004b1) ...
2024-08-11T14:50:12.7546426Z Removing nginx (1.18.0-0ubuntu1.5) ...
2024-08-11T14:50:12.7753522Z Removing nginx-core (1.18.0-0ubuntu1.5) ...
2024-08-11T14:50:13.0680180Z Removing libnginx-mod-http-image-filter (1.18.0-0ubuntu1.5) ...
2024-08-11T14:50:13.1096763Z Removing libnginx-mod-http-xslt-filter (1.18.0-0ubuntu1.5) ...
2024-08-11T14:50:13.1616814Z Removing libnginx-mod-mail (1.18.0-0ubuntu1.5) ...
2024-08-11T14:50:13.2163291Z Removing libnginx-mod-stream (1.18.0-0ubuntu1.5) ...
2024-08-11T14:50:13.2662946Z Removing php7.4-dev (1:7.4.33-14+ubuntu20.04.1+deb.sury.org+1) ...
2024-08-11T14:50:13.3914346Z Removing libselinux1-dev:amd64 (3.0-1build2) ...
2024-08-11T14:50:13.4259766Z Removing libpcre2-dev:amd64 (10.42-3+ubuntu20.04.1+deb.sury.org+1) ...
2024-08-11T14:50:13.4496429Z Removing libpcre2-posix3:amd64 (10.42-3+ubuntu20.04.1+deb.sury.org+1) ...
2024-08-11T14:50:13.4904544Z Removing texinfo (6.7.0.dfsg.2-5) ...
2024-08-11T14:50:13.6370506Z Running update-fmtutil. This may take some time. ... done.
2024-08-11T14:50:13.6668391Z Removing libtext-unidecode-perl (1.30-1) ...
2024-08-11T14:50:13.6986843Z Removing libtimedate-perl (2.3200-1) ...
2024-08-11T14:50:13.7207883Z Removing liburi-perl (1.76-2) ...
2024-08-11T14:50:13.7465447Z Removing libxml-libxml-perl (2.0134+dfsg-1build1) ...
2024-08-11T14:50:13.8387895Z update-perl-sax-parsers: Unregistering Perl SAX parser XML::LibXML::SAX::Parser with priority 50...
2024-08-11T14:50:13.8670297Z update-perl-sax-parsers: Unregistering Perl SAX parser XML::LibXML::SAX with priority 50...
2024-08-11T14:50:13.8957466Z update-perl-sax-parsers: Updating overall Perl SAX parser modules info file...
2024-08-11T14:50:14.1572862Z Replacing config file /etc/perl/XML/SAX/ParserDetails.ini with new version
2024-08-11T14:50:14.2721602Z Removing libxml-sax-perl (1.02+dfsg-1) ...
2024-08-11T14:50:14.3048711Z update-perl-sax-parsers: Unregistering Perl SAX parser XML::SAX::PurePerl with priority 50...
2024-08-11T14:50:14.3334066Z update-perl-sax-parsers: Updating overall Perl SAX parser modules info file...
2024-08-11T14:50:14.5427690Z Removing libxml-namespacesupport-perl (1.12-1) ...
2024-08-11T14:50:14.5969033Z Removing libxml-sax-base-perl (1.09-1) ...
2024-08-11T14:50:14.6184208Z Removing php8.0-zip (1:8.0.30-8+ubuntu20.04.1+deb.sury.org+1) ...
2024-08-11T14:50:14.7836895Z Removing php8.3-zip (8.3.10-1+ubuntu20.04.1+deb.sury.org+1) ...
2024-08-11T14:50:14.9367667Z Removing lld-12 (1:12.0.0-3ubuntu1~20.04.5) ...
2024-08-11T14:50:14.9581746Z Removing llvm-12-linker-tools (1:12.0.0-3ubuntu1~20.04.5) ...
2024-08-11T14:50:15.0005974Z Removing mono-llvm-support (6.12.0.200-0xamarin2+ubuntu2004b1) ...
2024-08-11T14:50:15.0290225Z Removing mono-llvm-tools (6.0+mono20190708165219-0xamarin2+ubuntu2004b1) ...
2024-08-11T14:50:15.0567599Z Removing mysql-server (8.0.39-0ubuntu0.20.04.1) ...
2024-08-11T14:50:15.0806981Z Removing mysql-server-8.0 (8.0.39-0ubuntu0.20.04.1) ...
2024-08-11T14:50:15.5098373Z update-alternatives: using /etc/mysql/my.cnf.fallback to provide /etc/mysql/my.cnf (my.cnf) in auto mode
2024-08-11T14:50:15.8084200Z Removing nginx-common (1.18.0-0ubuntu1.5) ...
2024-08-11T14:50:16.1344811Z Removing parallel (20161222-1.1) ...
2024-08-11T14:50:16.1906862Z Removing 'diversion of /usr/bin/parallel to /usr/bin/parallel.moreutils by parallel'
2024-08-11T14:50:16.2055609Z Removing 'diversion of /usr/share/man/man1/parallel.1.gz to /usr/share/man/man1/parallel.moreutils.1.gz by parallel'
2024-08-11T14:50:16.2367560Z Removing postgresql-client-14 (14.12-1.pgdg20.04+1) ...
2024-08-11T14:50:16.3038741Z Removing postgresql-client-common (261.pgdg20.04+1) ...
2024-08-11T14:50:16.3399781Z Removing rpm (4.14.2.1+dfsg1-1build2) ...
2024-08-11T14:50:16.3902375Z Removing php7.4-bcmath (1:7.4.33-14+ubuntu20.04.1+deb.sury.org+1) ...
2024-08-11T14:50:16.5422343Z Removing php8.3-zmq (1.1.3-24+ubuntu20.04.1+deb.sury.org+2) ...
2024-08-11T14:50:16.6700277Z Removing php-pear (1:1.10.13+submodules+notgz+2022032202-2+ubuntu20.04.1+deb.sury.org+1) ...
2024-08-11T14:50:16.7510086Z Removing php7.4 (1:7.4.33-14+ubuntu20.04.1+deb.sury.org+1) ...
2024-08-11T14:50:16.7732478Z Removing php7.4-amqp (2.1.2-1+ubuntu20.04.1+deb.sury.org+1) ...
2024-08-11T14:50:16.8972483Z Removing php7.4-apcu (5.1.23-1+ubuntu20.04.1+deb.sury.org+1) ...
2024-08-11T14:50:17.0199773Z Removing php7.4-bz2 (1:7.4.33-14+ubuntu20.04.1+deb.sury.org+1) ...
2024-08-11T14:50:17.1608379Z Removing php7.4-zmq (1.1.3-24+ubuntu20.04.1+deb.sury.org+2) ...
2024-08-11T14:50:17.2844883Z Removing php7.4-yaml (1:2.2.3-1+ubuntu20.04.1+deb.sury.org+2) ...
2024-08-11T14:50:17.4058646Z Removing php7.4-cgi (1:7.4.33-14+ubuntu20.04.1+deb.sury.org+1) ...
2024-08-11T14:50:18.9706072Z Removing php7.4-xdebug (1:3.1.6-1+ubuntu20.04.1+deb.sury.org+1) ...
2024-08-11T14:50:19.0807137Z Removing php7.4-phpdbg (1:7.4.33-14+ubuntu20.04.1+deb.sury.org+1) ...
2024-08-11T14:50:20.6069565Z Removing php7.4-redis (6.0.2-1+ubuntu20.04.1+deb.sury.org+1) ...
2024-08-11T14:50:20.7332223Z Removing php7.4-fpm (1:7.4.33-14+ubuntu20.04.1+deb.sury.org+1) ...
2024-08-11T14:50:22.7294587Z Removing php7.4-pcov (1.0.11-5+ubuntu20.04.1+deb.sury.org+2) ...
2024-08-11T14:50:22.7950229Z Removing php7.4-zip (1:7.4.33-14+ubuntu20.04.1+deb.sury.org+1) ...
2024-08-11T14:50:22.8591528Z Removing php7.4-xsl (1:7.4.33-14+ubuntu20.04.1+deb.sury.org+1) ...
2024-08-11T14:50:22.8821108Z Removing php7.4-curl (1:7.4.33-14+ubuntu20.04.1+deb.sury.org+1) ...
2024-08-11T14:50:22.9589281Z Removing php7.4-dba (1:7.4.33-14+ubuntu20.04.1+deb.sury.org+1) ...
2024-08-11T14:50:23.0228247Z Removing php7.4-enchant (1:7.4.33-14+ubuntu20.04.1+deb.sury.org+1) ...
2024-08-11T14:50:23.0864843Z Removing php7.4-gd (1:7.4.33-14+ubuntu20.04.1+deb.sury.org+1) ...
2024-08-11T14:50:23.1506626Z Removing php7.4-gmp (1:7.4.33-14+ubuntu20.04.1+deb.sury.org+1) ...
2024-08-11T14:50:23.2142697Z Removing php7.4-memcached (3.2.0++-1+ubuntu20.04.1+deb.sury.org+2) ...
2024-08-11T14:50:23.3198079Z Removing php7.4-igbinary (3.2.15-1+ubuntu20.04.1+deb.sury.org+1) ...
2024-08-11T14:50:23.3847220Z Removing php7.4-imagick (3.7.0-5+ubuntu20.04.1+deb.sury.org+1) ...
2024-08-11T14:50:23.4479398Z Removing php7.4-imap (1:7.4.33-14+ubuntu20.04.1+deb.sury.org+1) ...
2024-08-11T14:50:23.5195181Z Removing php7.4-interbase (1:7.4.33-14+ubuntu20.04.1+deb.sury.org+1) ...
2024-08-11T14:50:23.5832792Z Removing php7.4-intl (1:7.4.33-14+ubuntu20.04.1+deb.sury.org+1) ...
2024-08-11T14:50:23.6485614Z Removing php7.4-ldap (1:7.4.33-14+ubuntu20.04.1+deb.sury.org+1) ...
2024-08-11T14:50:23.7119283Z Removing php7.4-mbstring (1:7.4.33-14+ubuntu20.04.1+deb.sury.org+1) ...
2024-08-11T14:50:23.7925559Z Removing php7.4-memcache (1:4.0.5.2-1+ubuntu20.04.1+deb.sury.org+1) ...
2024-08-11T14:50:23.8612458Z Removing php7.4-mongodb (1.19.3-1+ubuntu20.04.1+deb.sury.org+1) ...
2024-08-11T14:50:23.9260504Z Removing php7.4-msgpack (1:2.2.0-4+ubuntu20.04.1+deb.sury.org+1) ...
2024-08-11T14:50:24.0181713Z Removing php7.4-mysql (1:7.4.33-14+ubuntu20.04.1+deb.sury.org+1) ...
2024-08-11T14:50:24.1475529Z Removing php7.4-odbc (1:7.4.33-14+ubuntu20.04.1+deb.sury.org+1) ...
2024-08-11T14:50:24.2423144Z Removing php7.4-pgsql (1:7.4.33-14+ubuntu20.04.1+deb.sury.org+1) ...
2024-08-11T14:50:24.3538203Z Removing php7.4-pspell (1:7.4.33-14+ubuntu20.04.1+deb.sury.org+1) ...
2024-08-11T14:50:24.4190349Z Removing php7.4-snmp (1:7.4.33-14+ubuntu20.04.1+deb.sury.org+1) ...
2024-08-11T14:50:24.4839183Z Removing php7.4-soap (1:7.4.33-14+ubuntu20.04.1+deb.sury.org+1) ...
2024-08-11T14:50:24.5599806Z Removing php7.4-sqlite3 (1:7.4.33-14+ubuntu20.04.1+deb.sury.org+1) ...
2024-08-11T14:50:24.6684809Z Removing php7.4-sybase (1:7.4.33-14+ubuntu20.04.1+deb.sury.org+1) ...
2024-08-11T14:50:24.7310898Z Removing php7.4-tidy (1:7.4.33-14+ubuntu20.04.1+deb.sury.org+1) ...
2024-08-11T14:50:24.7960966Z Removing php7.4-xml (1:7.4.33-14+ubuntu20.04.1+deb.sury.org+1) ...
2024-08-11T14:50:25.0102720Z Removing php7.4-xmlrpc (1:7.4.33-14+ubuntu20.04.1+deb.sury.org+1) ...
2024-08-11T14:50:25.0795685Z Removing php8.0 (1:8.0.30-8+ubuntu20.04.1+deb.sury.org+1) ...
2024-08-11T14:50:25.0990591Z Removing php8.0-amqp (2.1.2-1+ubuntu20.04.1+deb.sury.org+1) ...
2024-08-11T14:50:25.2210942Z Removing php8.0-apcu (5.1.23-1+ubuntu20.04.1+deb.sury.org+1) ...
2024-08-11T14:50:25.3556254Z Removing php8.0-bcmath (1:8.0.30-8+ubuntu20.04.1+deb.sury.org+1) ...
2024-08-11T14:50:25.4801051Z Removing php8.0-bz2 (1:8.0.30-8+ubuntu20.04.1+deb.sury.org+1) ...
2024-08-11T14:50:25.6069736Z Removing php8.0-zmq (1.1.3-24+ubuntu20.04.1+deb.sury.org+2) ...
2024-08-11T14:50:25.7407359Z Removing php8.0-yaml (2.2.3-2+ubuntu20.04.1+deb.sury.org+2) ...
2024-08-11T14:50:25.8611983Z Removing php8.0-cgi (1:8.0.30-8+ubuntu20.04.1+deb.sury.org+1) ...
2024-08-11T14:50:27.3524511Z Removing php8.0-xdebug (3.3.2-1+ubuntu20.04.1+deb.sury.org+1) ...
2024-08-11T14:50:27.4551534Z Removing php8.0-phpdbg (1:8.0.30-8+ubuntu20.04.1+deb.sury.org+1) ...
2024-08-11T14:50:28.9086081Z Removing php8.0-redis (6.0.2-1+ubuntu20.04.1+deb.sury.org+1) ...
2024-08-11T14:50:28.9916288Z Removing php8.0-xsl (1:8.0.30-8+ubuntu20.04.1+deb.sury.org+1) ...
2024-08-11T14:50:29.0134647Z Removing php8.0-xml (1:8.0.30-8+ubuntu20.04.1+deb.sury.org+1) ...
2024-08-11T14:50:29.3578744Z Removing php8.0-curl (1:8.0.30-8+ubuntu20.04.1+deb.sury.org+1) ...
2024-08-11T14:50:29.4412556Z Removing php8.0-dba (1:8.0.30-8+ubuntu20.04.1+deb.sury.org+1) ...
2024-08-11T14:50:29.5241362Z Removing php8.0-enchant (1:8.0.30-8+ubuntu20.04.1+deb.sury.org+1) ...
2024-08-11T14:50:29.6311211Z Removing php8.0-pcov (1.0.11-5+ubuntu20.04.1+deb.sury.org+2) ...
2024-08-11T14:50:29.7012475Z Removing php8.0-fpm (1:8.0.30-8+ubuntu20.04.1+deb.sury.org+1) ...
2024-08-11T14:50:31.3963125Z Removing php8.0-gd (1:8.0.30-8+ubuntu20.04.1+deb.sury.org+1) ...
2024-08-11T14:50:31.4686475Z Removing php8.0-gmp (1:8.0.30-8+ubuntu20.04.1+deb.sury.org+1) ...
2024-08-11T14:50:31.5480094Z Removing php8.0-memcached (3.2.0++-1+ubuntu20.04.1+deb.sury.org+2) ...
2024-08-11T14:50:31.6165166Z Removing php8.0-igbinary (3.2.15-1+ubuntu20.04.1+deb.sury.org+1) ...
2024-08-11T14:50:31.6965868Z Removing php8.0-imagick (3.7.0-5+ubuntu20.04.1+deb.sury.org+1) ...
2024-08-11T14:50:31.7679555Z Removing php8.0-imap (1:8.0.30-8+ubuntu20.04.1+deb.sury.org+1) ...
2024-08-11T14:50:31.8354264Z Removing php8.0-interbase (1:8.0.30-8+ubuntu20.04.1+deb.sury.org+1) ...
2024-08-11T14:50:31.8979894Z Removing php8.0-intl (1:8.0.30-8+ubuntu20.04.1+deb.sury.org+1) ...
2024-08-11T14:50:31.9785802Z Removing php8.0-ldap (1:8.0.30-8+ubuntu20.04.1+deb.sury.org+1) ...
2024-08-11T14:50:32.0415104Z Removing php8.0-mbstring (1:8.0.30-8+ubuntu20.04.1+deb.sury.org+1) ...
2024-08-11T14:50:32.1060387Z Removing php8.0-memcache (8.2-2+ubuntu20.04.1+deb.sury.org+2) ...
2024-08-11T14:50:32.1787023Z Removing php8.0-mongodb (1.19.3-1+ubuntu20.04.1+deb.sury.org+1) ...
2024-08-11T14:50:32.2462642Z Removing php8.0-msgpack (1:2.2.0-4+ubuntu20.04.1+deb.sury.org+1) ...
2024-08-11T14:50:32.3191165Z Removing php8.0-mysql (1:8.0.30-8+ubuntu20.04.1+deb.sury.org+1) ...
2024-08-11T14:50:32.4432933Z Removing php8.0-odbc (1:8.0.30-8+ubuntu20.04.1+deb.sury.org+1) ...
2024-08-11T14:50:32.5404324Z Removing php8.0-pgsql (1:8.0.30-8+ubuntu20.04.1+deb.sury.org+1) ...
2024-08-11T14:50:32.6401117Z Removing php8.0-pspell (1:8.0.30-8+ubuntu20.04.1+deb.sury.org+1) ...
2024-08-11T14:50:32.7426227Z Removing php8.0-snmp (1:8.0.30-8+ubuntu20.04.1+deb.sury.org+1) ...
2024-08-11T14:50:32.8061564Z Removing php8.0-soap (1:8.0.30-8+ubuntu20.04.1+deb.sury.org+1) ...
2024-08-11T14:50:32.8695886Z Removing php8.0-sqlite3 (1:8.0.30-8+ubuntu20.04.1+deb.sury.org+1) ...
2024-08-11T14:50:32.9771999Z Removing php8.0-sybase (1:8.0.30-8+ubuntu20.04.1+deb.sury.org+1) ...
2024-08-11T14:50:33.0399534Z Removing php8.0-tidy (1:8.0.30-8+ubuntu20.04.1+deb.sury.org+1) ...
2024-08-11T14:50:33.1028075Z Removing php8.1 (8.1.29-1+ubuntu20.04.1+deb.sury.org+1) ...
2024-08-11T14:50:33.1300111Z Removing php8.1-amqp (2.1.2-1+ubuntu20.04.1+deb.sury.org+1) ...
2024-08-11T14:50:33.2596896Z Removing php8.1-apcu (5.1.23-1+ubuntu20.04.1+deb.sury.org+1) ...
2024-08-11T14:50:33.3832628Z Removing php8.1-bcmath (8.1.29-1+ubuntu20.04.1+deb.sury.org+1) ...
2024-08-11T14:50:33.5223712Z Removing php8.1-bz2 (8.1.29-1+ubuntu20.04.1+deb.sury.org+1) ...
2024-08-11T14:50:33.6466407Z Removing php8.1-zmq (1.1.3-24+ubuntu20.04.1+deb.sury.org+2) ...
2024-08-11T14:50:33.7682371Z Removing php8.1-yaml (2.2.3-2+ubuntu20.04.1+deb.sury.org+2) ...
2024-08-11T14:50:33.8901869Z Removing php8.1-cgi (8.1.29-1+ubuntu20.04.1+deb.sury.org+1) ...
2024-08-11T14:50:35.4958396Z Removing php8.1-xdebug (3.3.2-1+ubuntu20.04.1+deb.sury.org+1) ...
2024-08-11T14:50:35.5975628Z Removing php8.1-phpdbg (8.1.29-1+ubuntu20.04.1+deb.sury.org+1) ...
2024-08-11T14:50:37.0803315Z Removing php8.1-redis (6.0.2-1+ubuntu20.04.1+deb.sury.org+1) ...
2024-08-11T14:50:37.1625009Z Removing php8.1-fpm (8.1.29-1+ubuntu20.04.1+deb.sury.org+1) ...
2024-08-11T14:50:39.1148846Z Removing php8.1-pcov (1.0.11-5+ubuntu20.04.1+deb.sury.org+2) ...
2024-08-11T14:50:39.1761984Z Removing php8.1-zip (8.1.29-1+ubuntu20.04.1+deb.sury.org+1) ...
2024-08-11T14:50:39.2711142Z Removing php8.1-xsl (8.1.29-1+ubuntu20.04.1+deb.sury.org+1) ...
2024-08-11T14:50:39.2962350Z Removing php8.1-curl (8.1.29-1+ubuntu20.04.1+deb.sury.org+1) ...
2024-08-11T14:50:39.3757969Z Removing php8.1-dba (8.1.29-1+ubuntu20.04.1+deb.sury.org+1) ...
2024-08-11T14:50:39.4512095Z Removing php8.1-enchant (8.1.29-1+ubuntu20.04.1+deb.sury.org+1) ...
2024-08-11T14:50:39.5298823Z Removing php8.1-gd (8.1.29-1+ubuntu20.04.1+deb.sury.org+1) ...
2024-08-11T14:50:39.6081739Z Removing php8.1-gmp (8.1.29-1+ubuntu20.04.1+deb.sury.org+1) ...
2024-08-11T14:50:39.6892908Z Removing php8.1-memcached (3.2.0++-1+ubuntu20.04.1+deb.sury.org+2) ...
2024-08-11T14:50:39.7554731Z Removing php8.1-igbinary (3.2.15-1+ubuntu20.04.1+deb.sury.org+1) ...
2024-08-11T14:50:39.8184599Z Removing php8.1-imagick (3.7.0-5+ubuntu20.04.1+deb.sury.org+1) ...
2024-08-11T14:50:39.8805917Z Removing php8.1-imap (8.1.29-1+ubuntu20.04.1+deb.sury.org+1) ...
2024-08-11T14:50:39.9648561Z Removing php8.1-interbase (8.1.29-1+ubuntu20.04.1+deb.sury.org+1) ...
2024-08-11T14:50:40.0422352Z Removing php8.1-intl (8.1.29-1+ubuntu20.04.1+deb.sury.org+1) ...
2024-08-11T14:50:40.1237817Z Removing php8.1-ldap (8.1.29-1+ubuntu20.04.1+deb.sury.org+1) ...
2024-08-11T14:50:40.2016824Z Removing php8.1-mbstring (8.1.29-1+ubuntu20.04.1+deb.sury.org+1) ...
2024-08-11T14:50:40.2785296Z Removing php8.1-memcache (8.2-2+ubuntu20.04.1+deb.sury.org+2) ...
2024-08-11T14:50:40.3448946Z Removing php8.1-mongodb (1.19.3-1+ubuntu20.04.1+deb.sury.org+1) ...
2024-08-11T14:50:40.4212412Z Removing php8.1-msgpack (1:2.2.0-4+ubuntu20.04.1+deb.sury.org+1) ...
2024-08-11T14:50:40.4837185Z Removing php8.1-mysql (8.1.29-1+ubuntu20.04.1+deb.sury.org+1) ...
2024-08-11T14:50:40.6125736Z Removing php8.1-odbc (8.1.29-1+ubuntu20.04.1+deb.sury.org+1) ...
2024-08-11T14:50:40.7198700Z Removing php8.1-pgsql (8.1.29-1+ubuntu20.04.1+deb.sury.org+1) ...
2024-08-11T14:50:40.8137975Z Removing php8.1-pspell (8.1.29-1+ubuntu20.04.1+deb.sury.org+1) ...
2024-08-11T14:50:40.8776541Z Removing php8.1-snmp (8.1.29-1+ubuntu20.04.1+deb.sury.org+1) ...
2024-08-11T14:50:40.9412729Z Removing php8.1-soap (8.1.29-1+ubuntu20.04.1+deb.sury.org+1) ...
2024-08-11T14:50:41.0036923Z Removing php8.1-sqlite3 (8.1.29-1+ubuntu20.04.1+deb.sury.org+1) ...
2024-08-11T14:50:41.0972329Z Removing php8.1-sybase (8.1.29-1+ubuntu20.04.1+deb.sury.org+1) ...
2024-08-11T14:50:41.1598754Z Removing php8.1-tidy (8.1.29-1+ubuntu20.04.1+deb.sury.org+1) ...
2024-08-11T14:50:41.2239909Z Removing php8.1-xml (8.1.29-1+ubuntu20.04.1+deb.sury.org+1) ...
2024-08-11T14:50:41.4383124Z Removing php8.2 (8.2.22-1+ubuntu20.04.1+deb.sury.org+1) ...
2024-08-11T14:50:41.4595771Z Removing php8.2-amqp (2.1.2-1+ubuntu20.04.1+deb.sury.org+1) ...
2024-08-11T14:50:41.6113130Z Removing php8.2-apcu (5.1.23-1+ubuntu20.04.1+deb.sury.org+1) ...
2024-08-11T14:50:41.7386772Z Removing php8.2-bcmath (8.2.22-1+ubuntu20.04.1+deb.sury.org+1) ...
2024-08-11T14:50:41.8725682Z Removing php8.2-bz2 (8.2.22-1+ubuntu20.04.1+deb.sury.org+1) ...
2024-08-11T14:50:41.9957859Z Removing php8.2-zmq (1.1.3-24+ubuntu20.04.1+deb.sury.org+2) ...
2024-08-11T14:50:42.1185191Z Removing php8.2-yaml (2.2.3-2+ubuntu20.04.1+deb.sury.org+2) ...
2024-08-11T14:50:42.2397054Z Removing php8.2-cgi (8.2.22-1+ubuntu20.04.1+deb.sury.org+1) ...
2024-08-11T14:50:43.7422737Z Removing php8.2-xdebug (3.3.2-1+ubuntu20.04.1+deb.sury.org+1) ...
2024-08-11T14:50:43.8445362Z Removing php8.2-phpdbg (8.2.22-1+ubuntu20.04.1+deb.sury.org+1) ...
2024-08-11T14:50:45.3281848Z Removing php8.2-redis (6.0.2-1+ubuntu20.04.1+deb.sury.org+1) ...
2024-08-11T14:50:45.4110117Z Removing php8.2-fpm (8.2.22-1+ubuntu20.04.1+deb.sury.org+1) ...
2024-08-11T14:50:47.3407452Z Removing php8.2-pcov (1.0.11-5+ubuntu20.04.1+deb.sury.org+2) ...
2024-08-11T14:50:47.4042078Z Removing php8.2-zip (8.2.22-1+ubuntu20.04.1+deb.sury.org+1) ...
2024-08-11T14:50:47.4678336Z Removing php8.2-xsl (8.2.22-1+ubuntu20.04.1+deb.sury.org+1) ...
2024-08-11T14:50:47.4872390Z Removing php8.2-curl (8.2.22-1+ubuntu20.04.1+deb.sury.org+1) ...
2024-08-11T14:50:47.5537103Z Removing php8.2-dba (8.2.22-1+ubuntu20.04.1+deb.sury.org+1) ...
2024-08-11T14:50:47.6329573Z Removing php8.2-enchant (8.2.22-1+ubuntu20.04.1+deb.sury.org+1) ...
2024-08-11T14:50:47.7288017Z Removing php8.2-gd (8.2.22-1+ubuntu20.04.1+deb.sury.org+1) ...
2024-08-11T14:50:47.8053748Z Removing php8.2-gmp (8.2.22-1+ubuntu20.04.1+deb.sury.org+1) ...
2024-08-11T14:50:47.8681136Z Removing php8.2-memcached (3.2.0++-1+ubuntu20.04.1+deb.sury.org+2) ...
2024-08-11T14:50:47.9447410Z Removing php8.2-igbinary (3.2.15-1+ubuntu20.04.1+deb.sury.org+1) ...
2024-08-11T14:50:48.0077624Z Removing php8.2-imagick (3.7.0-5+ubuntu20.04.1+deb.sury.org+1) ...
2024-08-11T14:50:48.0719089Z Removing php8.2-imap (8.2.22-1+ubuntu20.04.1+deb.sury.org+1) ...
2024-08-11T14:50:48.1642314Z Removing php8.2-interbase (8.2.22-1+ubuntu20.04.1+deb.sury.org+1) ...
2024-08-11T14:50:48.2421786Z Removing php8.2-intl (8.2.22-1+ubuntu20.04.1+deb.sury.org+1) ...
2024-08-11T14:50:48.3076609Z Removing php8.2-ldap (8.2.22-1+ubuntu20.04.1+deb.sury.org+1) ...
2024-08-11T14:50:48.3785535Z Removing php8.2-mbstring (8.2.22-1+ubuntu20.04.1+deb.sury.org+1) ...
2024-08-11T14:50:48.4565627Z Removing php8.2-memcache (8.2-2+ubuntu20.04.1+deb.sury.org+2) ...
2024-08-11T14:50:48.5288474Z Removing php8.2-mongodb (1.19.3-1+ubuntu20.04.1+deb.sury.org+1) ...
2024-08-11T14:50:48.5900703Z Removing php8.2-msgpack (1:2.2.0-4+ubuntu20.04.1+deb.sury.org+1) ...
2024-08-11T14:50:48.6514592Z Removing php8.2-mysql (8.2.22-1+ubuntu20.04.1+deb.sury.org+1) ...
2024-08-11T14:50:48.7745072Z Removing php8.2-odbc (8.2.22-1+ubuntu20.04.1+deb.sury.org+1) ...
2024-08-11T14:50:48.8679297Z Removing php8.2-pgsql (8.2.22-1+ubuntu20.04.1+deb.sury.org+1) ...
2024-08-11T14:50:48.9617925Z Removing php8.2-pspell (8.2.22-1+ubuntu20.04.1+deb.sury.org+1) ...
2024-08-11T14:50:49.0299056Z Removing php8.2-snmp (8.2.22-1+ubuntu20.04.1+deb.sury.org+1) ...
2024-08-11T14:50:49.1050996Z Removing php8.2-soap (8.2.22-1+ubuntu20.04.1+deb.sury.org+1) ...
2024-08-11T14:50:49.1683583Z Removing php8.2-sqlite3 (8.2.22-1+ubuntu20.04.1+deb.sury.org+1) ...
2024-08-11T14:50:49.2751026Z Removing php8.2-sybase (8.2.22-1+ubuntu20.04.1+deb.sury.org+1) ...
2024-08-11T14:50:49.3386601Z Removing php8.2-tidy (8.2.22-1+ubuntu20.04.1+deb.sury.org+1) ...
2024-08-11T14:50:49.4027222Z Removing php8.2-xml (8.2.22-1+ubuntu20.04.1+deb.sury.org+1) ...
2024-08-11T14:50:49.6298567Z Removing php8.3 (8.3.10-1+ubuntu20.04.1+deb.sury.org+1) ...
2024-08-11T14:50:49.6497235Z Removing php8.3-amqp (2.1.2-1+ubuntu20.04.1+deb.sury.org+1) ...
2024-08-11T14:50:49.7895423Z Removing php8.3-apcu (5.1.23-1+ubuntu20.04.1+deb.sury.org+1) ...
2024-08-11T14:50:49.9189163Z Removing php8.3-bcmath (8.3.10-1+ubuntu20.04.1+deb.sury.org+1) ...
2024-08-11T14:50:50.0460665Z Removing php8.3-bz2 (8.3.10-1+ubuntu20.04.1+deb.sury.org+1) ...
2024-08-11T14:50:50.1691514Z Removing php8.3-yaml (2.2.3-2+ubuntu20.04.1+deb.sury.org+2) ...
2024-08-11T14:50:50.2904618Z Removing php8.3-cgi (8.3.10-1+ubuntu20.04.1+deb.sury.org+1) ...
2024-08-11T14:50:51.7686425Z Removing php8.3-xdebug (3.3.2-1+ubuntu20.04.1+deb.sury.org+1) ...
2024-08-11T14:50:51.8811892Z Removing php8.3-phpdbg (8.3.10-1+ubuntu20.04.1+deb.sury.org+1) ...
2024-08-11T14:50:53.3525802Z Removing php8.3-redis (6.0.2-1+ubuntu20.04.1+deb.sury.org+1) ...
2024-08-11T14:50:53.4424179Z Removing php8.3-fpm (8.3.10-1+ubuntu20.04.1+deb.sury.org+1) ...
2024-08-11T14:50:55.3576410Z Removing php8.3-pcov (1.0.11-5+ubuntu20.04.1+deb.sury.org+2) ...
2024-08-11T14:50:55.4376018Z Removing php8.3-xsl (8.3.10-1+ubuntu20.04.1+deb.sury.org+1) ...
2024-08-11T14:50:55.4564962Z Removing php8.3-curl (8.3.10-1+ubuntu20.04.1+deb.sury.org+1) ...
2024-08-11T14:50:55.5314744Z Removing php8.3-dba (8.3.10-1+ubuntu20.04.1+deb.sury.org+1) ...
2024-08-11T14:50:55.6100498Z Removing php8.3-enchant (8.3.10-1+ubuntu20.04.1+deb.sury.org+1) ...
2024-08-11T14:50:55.6736113Z Removing php8.3-gd (8.3.10-1+ubuntu20.04.1+deb.sury.org+1) ...
2024-08-11T14:50:55.7377746Z Removing php8.3-gmp (8.3.10-1+ubuntu20.04.1+deb.sury.org+1) ...
2024-08-11T14:50:55.7999438Z Removing php8.3-memcached (3.2.0++-1+ubuntu20.04.1+deb.sury.org+2) ...
2024-08-11T14:50:55.8726818Z Removing php8.3-igbinary (3.2.15-1+ubuntu20.04.1+deb.sury.org+1) ...
2024-08-11T14:50:55.9370591Z Removing php8.3-imagick (3.7.0-5+ubuntu20.04.1+deb.sury.org+1) ...
2024-08-11T14:50:56.0010801Z Removing php8.3-imap (8.3.10-1+ubuntu20.04.1+deb.sury.org+1) ...
2024-08-11T14:50:56.0693155Z Removing php8.3-interbase (8.3.10-1+ubuntu20.04.1+deb.sury.org+1) ...
2024-08-11T14:50:56.1323205Z Removing php8.3-intl (8.3.10-1+ubuntu20.04.1+deb.sury.org+1) ...
2024-08-11T14:50:56.1960179Z Removing php8.3-ldap (8.3.10-1+ubuntu20.04.1+deb.sury.org+1) ...
2024-08-11T14:50:56.2674467Z Removing php8.3-mbstring (8.3.10-1+ubuntu20.04.1+deb.sury.org+1) ...
2024-08-11T14:50:56.3442272Z Removing php8.3-memcache (8.2-2+ubuntu20.04.1+deb.sury.org+2) ...
2024-08-11T14:50:56.4063177Z Removing php8.3-mongodb (1.19.3-1+ubuntu20.04.1+deb.sury.org+1) ...
2024-08-11T14:50:56.4690069Z Removing php8.3-msgpack (1:2.2.0-4+ubuntu20.04.1+deb.sury.org+1) ...
2024-08-11T14:50:56.5437387Z Removing php8.3-mysql (8.3.10-1+ubuntu20.04.1+deb.sury.org+1) ...
2024-08-11T14:50:56.6686115Z Removing php8.3-odbc (8.3.10-1+ubuntu20.04.1+deb.sury.org+1) ...
2024-08-11T14:50:56.7682806Z Removing php8.3-pgsql (8.3.10-1+ubuntu20.04.1+deb.sury.org+1) ...
2024-08-11T14:50:56.8774415Z Removing php8.3-pspell (8.3.10-1+ubuntu20.04.1+deb.sury.org+1) ...
2024-08-11T14:50:56.9442338Z Removing php8.3-snmp (8.3.10-1+ubuntu20.04.1+deb.sury.org+1) ...
2024-08-11T14:50:57.0222311Z Removing php8.3-soap (8.3.10-1+ubuntu20.04.1+deb.sury.org+1) ...
2024-08-11T14:50:57.1005826Z Removing php8.3-sqlite3 (8.3.10-1+ubuntu20.04.1+deb.sury.org+1) ...
2024-08-11T14:50:57.2146398Z Removing php8.3-sybase (8.3.10-1+ubuntu20.04.1+deb.sury.org+1) ...
2024-08-11T14:50:57.2922466Z Removing php8.3-tidy (8.3.10-1+ubuntu20.04.1+deb.sury.org+1) ...
2024-08-11T14:50:57.3590618Z Removing php8.3-xml (8.3.10-1+ubuntu20.04.1+deb.sury.org+1) ...
2024-08-11T14:50:57.6150274Z Removing shtool (2.0.8-10) ...
2024-08-11T14:50:57.6393301Z Removing automake (1:1.16.1-4ubuntu6) ...
2024-08-11T14:50:57.7123920Z Removing libllvm12:amd64 (1:12.0.0-3ubuntu1~20.04.5) ...
2024-08-11T14:50:57.9284736Z Removing libzip4:amd64 (1.7.3-1+ubuntu20.04.1+deb.sury.org+2) ...
2024-08-11T14:50:57.9895459Z Removing php7.4-cli (1:7.4.33-14+ubuntu20.04.1+deb.sury.org+1) ...
2024-08-11T14:50:58.5498111Z Removing php7.4-json (1:7.4.33-14+ubuntu20.04.1+deb.sury.org+1) ...
2024-08-11T14:50:58.6053472Z Removing php7.4-opcache (1:7.4.33-14+ubuntu20.04.1+deb.sury.org+1) ...
2024-08-11T14:50:58.6463771Z Removing php7.4-readline (1:7.4.33-14+ubuntu20.04.1+deb.sury.org+1) ...
2024-08-11T14:50:58.6852200Z Removing php8.0-cli (1:8.0.30-8+ubuntu20.04.1+deb.sury.org+1) ...
2024-08-11T14:50:59.2135623Z Removing php8.0-opcache (1:8.0.30-8+ubuntu20.04.1+deb.sury.org+1) ...
2024-08-11T14:50:59.2557969Z Removing php8.0-readline (1:8.0.30-8+ubuntu20.04.1+deb.sury.org+1) ...
2024-08-11T14:50:59.2943550Z Removing php8.1-cli (8.1.29-1+ubuntu20.04.1+deb.sury.org+1) ...
2024-08-11T14:50:59.8278959Z Removing php8.1-opcache (8.1.29-1+ubuntu20.04.1+deb.sury.org+1) ...
2024-08-11T14:50:59.8856365Z Removing php8.1-readline (8.1.29-1+ubuntu20.04.1+deb.sury.org+1) ...
2024-08-11T14:50:59.9445513Z Removing php8.2-cli (8.2.22-1+ubuntu20.04.1+deb.sury.org+1) ...
2024-08-11T14:51:00.5195060Z Removing php8.2-opcache (8.2.22-1+ubuntu20.04.1+deb.sury.org+1) ...
2024-08-11T14:51:00.5585696Z Removing php8.2-readline (8.2.22-1+ubuntu20.04.1+deb.sury.org+1) ...
2024-08-11T14:51:00.6020188Z Removing php8.3-cli (8.3.10-1+ubuntu20.04.1+deb.sury.org+1) ...
2024-08-11T14:51:01.1334809Z Removing php8.3-opcache (8.3.10-1+ubuntu20.04.1+deb.sury.org+1) ...
2024-08-11T14:51:01.1872634Z Removing php8.3-readline (8.3.10-1+ubuntu20.04.1+deb.sury.org+1) ...
2024-08-11T14:51:01.2258706Z Removing autoconf (2.69-11.1) ...
2024-08-11T14:51:01.4561739Z Removing php7.4-common (1:7.4.33-14+ubuntu20.04.1+deb.sury.org+1) ...
2024-08-11T14:51:01.6146970Z Removing php8.0-common (1:8.0.30-8+ubuntu20.04.1+deb.sury.org+1) ...
2024-08-11T14:51:01.7720325Z Removing php8.1-common (8.1.29-1+ubuntu20.04.1+deb.sury.org+1) ...
2024-08-11T14:51:01.9447797Z Removing php8.2-common (8.2.22-1+ubuntu20.04.1+deb.sury.org+1) ...
2024-08-11T14:51:02.1016741Z Removing php8.3-common (8.3.10-1+ubuntu20.04.1+deb.sury.org+1) ...
2024-08-11T14:51:02.4802957Z Removing php-common (2:94+ubuntu20.04.1+deb.sury.org+2) ...
2024-08-11T14:51:02.4968599Z Warning: Stopping phpsessionclean.service, but it can still be activated by:
2024-08-11T14:51:02.4969656Z   phpsessionclean.timer
2024-08-11T14:51:03.5803211Z Removing monodoc-http (4.2-3xamarin5+ubuntu2004b1) ...
2024-08-11T14:51:03.7089572Z Restarting mono-xsp4 (via systemctl): mono-xsp4.service.
2024-08-11T14:51:03.7344953Z Removing mono-xsp4 (4.7.1-0xamarin3+ubuntu2004b1) ...
2024-08-11T14:51:04.0364386Z Removing mono-xsp4-base (4.7.1-0xamarin3+ubuntu2004b1) ...
2024-08-11T14:51:04.0879565Z Removing monodoc-base (6.12.0.200-0xamarin2+ubuntu2004b1) ...
2024-08-11T14:51:04.2812931Z Removing msbuild-sdkresolver (1:16.10.1+xamarinxplat.2021.05.26.14.00-0xamarin2+ubuntu2004b1) ...
2024-08-11T14:51:04.3065719Z Removing msbuild-libhostfxr (3.0.0.2019.04.16.02.13-0xamarin4+ubuntu2004b1) ...
2024-08-11T14:51:04.5675141Z Removing monodoc-manual (6.12.0.200-0xamarin2+ubuntu2004b1) ...
2024-08-11T14:51:04.5879015Z Removing mono-devel (6.12.0.200-0xamarin2+ubuntu2004b1) ...
2024-08-11T14:51:04.8083993Z Removing ca-certificates-mono (6.12.0.200-0xamarin2+ubuntu2004b1) ...
2024-08-11T14:51:04.8362234Z Removing pkgconf (1.6.3-5) ...
2024-08-11T14:51:04.8998536Z Removing 'diversion of /usr/bin/pkg-config to /usr/bin/pkg-config.real by pkgconf'
2024-08-11T14:51:04.9164197Z Removing 'diversion of /usr/share/aclocal/pkg.m4 to /usr/share/aclocal/pkg.real.m4 by pkgconf'
2024-08-11T14:51:04.9325635Z Removing 'diversion of /usr/share/man/man1/pkg-config.1.gz to /usr/share/man/man1/pkg-config.real.1.gz by pkgconf'
2024-08-11T14:51:04.9485104Z Removing 'diversion of /usr/share/pkg-config-crosswrapper to /usr/share/pkg-config-crosswrapper.real by pkgconf'
2024-08-11T14:51:04.9743089Z Removing libdpkg-perl (1.19.7ubuntu3.2) ...
2024-08-11T14:51:05.0119756Z Removing libmono-cil-dev (6.12.0.200-0xamarin2+ubuntu2004b1) ...
2024-08-11T14:51:05.0446144Z Removing libmono-system-windows-forms-datavisualization4.0a-cil (6.12.0.200-0xamarin2+ubuntu2004b1) ...
2024-08-11T14:51:05.0815800Z Removing libmono-2.0-dev (6.12.0.200-0xamarin2+ubuntu2004b1) ...
2024-08-11T14:51:05.1283671Z Removing libmono-cairo4.0-cil (6.12.0.200-0xamarin2+ubuntu2004b1) ...
2024-08-11T14:51:05.1719041Z Removing libmono-codecontracts4.0-cil (6.12.0.200-0xamarin2+ubuntu2004b1) ...
2024-08-11T14:51:05.1960554Z Removing libmono-compilerservices-symbolwriter4.0-cil (6.12.0.200-0xamarin2+ubuntu2004b1) ...
2024-08-11T14:51:05.2141462Z Removing mono-mcs (6.12.0.200-0xamarin2+ubuntu2004b1) ...
2024-08-11T14:51:05.2999046Z Removing libmono-cscompmgd0.0-cil (6.12.0.200-0xamarin2+ubuntu2004b1) ...
2024-08-11T14:51:05.3504669Z Removing libmono-csharp4.0c-cil (6.12.0.200-0xamarin2+ubuntu2004b1) ...
2024-08-11T14:51:05.3731762Z Removing libmono-custommarshalers4.0-cil (6.12.0.200-0xamarin2+ubuntu2004b1) ...
2024-08-11T14:51:05.3930330Z Removing libmono-data-tds4.0-cil (6.12.0.200-0xamarin2+ubuntu2004b1) ...
2024-08-11T14:51:05.4115406Z Removing libmono-db2-1.0-cil (6.12.0.200-0xamarin2+ubuntu2004b1) ...
2024-08-11T14:51:05.4355517Z Removing libmono-debugger-soft4.0a-cil (6.12.0.200-0xamarin2+ubuntu2004b1) ...
2024-08-11T14:51:05.4540489Z Removing libmono-http4.0-cil (6.12.0.200-0xamarin2+ubuntu2004b1) ...
2024-08-11T14:51:05.4731798Z Removing libmono-i18n4.0-all (6.12.0.200-0xamarin2+ubuntu2004b1) ...
2024-08-11T14:51:05.4989704Z Removing libmono-i18n-cjk4.0-cil (6.12.0.200-0xamarin2+ubuntu2004b1) ...
2024-08-11T14:51:05.5169609Z Removing libmono-i18n-mideast4.0-cil (6.12.0.200-0xamarin2+ubuntu2004b1) ...
2024-08-11T14:51:05.5516837Z Removing libmono-i18n-other4.0-cil (6.12.0.200-0xamarin2+ubuntu2004b1) ...
2024-08-11T14:51:05.5714601Z Removing libmono-i18n-rare4.0-cil (6.12.0.200-0xamarin2+ubuntu2004b1) ...
2024-08-11T14:51:05.5937004Z Removing libmono-system-web-mvc3.0-cil (6.12.0.200-0xamarin2+ubuntu2004b1) ...
2024-08-11T14:51:05.6258112Z Removing libmono-system-web-webpages-razor2.0-cil (6.12.0.200-0xamarin2+ubuntu2004b1) ...
2024-08-11T14:51:05.6592171Z Removing libmono-system-web-webpages2.0-cil (6.12.0.200-0xamarin2+ubuntu2004b1) ...
2024-08-11T14:51:05.7059494Z Removing libmono-system-web-dynamicdata4.0-cil (6.12.0.200-0xamarin2+ubuntu2004b1) ...
2024-08-11T14:51:05.7711848Z Removing libmono-system-ldap-protocols4.0-cil (6.12.0.200-0xamarin2+ubuntu2004b1) ...
2024-08-11T14:51:05.8022331Z Removing libmono-management4.0-cil (6.12.0.200-0xamarin2+ubuntu2004b1) ...
2024-08-11T14:51:05.8208977Z Removing libmono-messaging-rabbitmq4.0-cil (6.12.0.200-0xamarin2+ubuntu2004b1) ...
2024-08-11T14:51:05.8456126Z Removing libmono-system-xml-serialization4.0-cil (6.12.0.200-0xamarin2+ubuntu2004b1) ...
2024-08-11T14:51:05.8752452Z Removing mono-xbuild (6.12.0.200-0xamarin2+ubuntu2004b1) ...
2024-08-11T14:51:05.9226659Z Removing libmono-microsoft-build-tasks-v4.0-4.0-cil (6.12.0.200-0xamarin2+ubuntu2004b1) ...
2024-08-11T14:51:05.9484134Z Removing libmono-microsoft-build-engine4.0-cil (6.12.0.200-0xamarin2+ubuntu2004b1) ...
2024-08-11T14:51:05.9669854Z Removing libmono-microsoft-build4.0-cil (6.12.0.200-0xamarin2+ubuntu2004b1) ...
2024-08-11T14:51:05.9892811Z Removing libmono-microsoft-build-utilities-v4.0-4.0-cil (6.12.0.200-0xamarin2+ubuntu2004b1) ...
2024-08-11T14:51:06.0084235Z Removing libmono-microsoft-build-framework4.0-cil (6.12.0.200-0xamarin2+ubuntu2004b1) ...
2024-08-11T14:51:06.0273489Z Removing libmono-microsoft-csharp4.0-cil (6.12.0.200-0xamarin2+ubuntu2004b1) ...
2024-08-11T14:51:06.0526999Z Removing libmono-microsoft-visualc10.0-cil (6.12.0.200-0xamarin2+ubuntu2004b1) ...
2024-08-11T14:51:06.0729695Z Removing libmono-system-web-webpages-deployment2.0-cil (6.12.0.200-0xamarin2+ubuntu2004b1) ...
2024-08-11T14:51:06.0991565Z Removing libmono-system-web-http-webhost4.0-cil (6.12.0.200-0xamarin2+ubuntu2004b1) ...
2024-08-11T14:51:06.1222057Z Removing libmono-microsoft-web-infrastructure1.0-cil (6.12.0.200-0xamarin2+ubuntu2004b1) ...
2024-08-11T14:51:06.1405128Z Removing libmono-oracle4.0-cil (6.12.0.200-0xamarin2+ubuntu2004b1) ...
2024-08-11T14:51:06.1636551Z Removing libmono-parallel4.0-cil (6.12.0.200-0xamarin2+ubuntu2004b1) ...
2024-08-11T14:51:06.1825359Z Removing libmono-peapi4.0a-cil (6.12.0.200-0xamarin2+ubuntu2004b1) ...
2024-08-11T14:51:06.2065560Z Removing libmono-rabbitmq4.0-cil (6.12.0.200-0xamarin2+ubuntu2004b1) ...
2024-08-11T14:51:06.2253556Z Removing libmono-relaxng4.0-cil (6.12.0.200-0xamarin2+ubuntu2004b1) ...
2024-08-11T14:51:06.2436948Z Removing mono-roslyn (6.12.0.200-0xamarin2+ubuntu2004b1) ...
2024-08-11T14:51:06.3330550Z Removing libmono-system-reactive-windows-threading2.2-cil (6.12.0.200-0xamarin2+ubuntu2004b1) ...
2024-08-11T14:51:06.3644395Z Removing libmono-windowsbase4.0-cil (6.12.0.200-0xamarin2+ubuntu2004b1) ...
2024-08-11T14:51:06.3946132Z Removing libmono-xbuild-tasks4.0-cil (6.12.0.200-0xamarin2+ubuntu2004b1) ...
2024-08-11T14:51:06.4267410Z Removing libmono-sharpzip4.84-cil (6.12.0.200-0xamarin2+ubuntu2004b1) ...
2024-08-11T14:51:06.4449522Z Removing libmono-simd4.0-cil (6.12.0.200-0xamarin2+ubuntu2004b1) ...
2024-08-11T14:51:06.4641936Z Removing libmono-smdiagnostics0.0-cil (6.12.0.200-0xamarin2+ubuntu2004b1) ...
2024-08-11T14:51:06.4896115Z Removing libmono-system-componentmodel-composition4.0-cil (6.12.0.200-0xamarin2+ubuntu2004b1) ...
2024-08-11T14:51:06.5107958Z Removing libmono-system-web-http-selfhost4.0-cil (6.12.0.200-0xamarin2+ubuntu2004b1) ...
2024-08-11T14:51:06.5385128Z Removing libmono-system-web-http4.0-cil (6.12.0.200-0xamarin2+ubuntu2004b1) ...
2024-08-11T14:51:06.5587498Z Removing libmono-system-data-entity4.0-cil (6.12.0.200-0xamarin2+ubuntu2004b1) ...
2024-08-11T14:51:06.5882115Z Removing libmono-system-serviceprocess4.0-cil (6.12.0.200-0xamarin2+ubuntu2004b1) ...
2024-08-11T14:51:06.6064315Z Removing libmono-system-management4.0-cil (6.12.0.200-0xamarin2+ubuntu2004b1) ...
2024-08-11T14:51:06.6503411Z Removing libmono-webmatrix-data4.0-cil (6.12.0.200-0xamarin2+ubuntu2004b1) ...
2024-08-11T14:51:06.6701505Z Removing libmono-system-data-datasetextensions4.0-cil (6.12.0.200-0xamarin2+ubuntu2004b1) ...
2024-08-11T14:51:06.6907224Z Removing libmono-system-data-services4.0-cil (6.12.0.200-0xamarin2+ubuntu2004b1) ...
2024-08-11T14:51:06.7223054Z Removing libmono-system-data-services-client4.0-cil (6.12.0.200-0xamarin2+ubuntu2004b1) ...
2024-08-11T14:51:06.7429652Z Removing libmono-system-runtime-caching4.0-cil (6.12.0.200-0xamarin2+ubuntu2004b1) ...
2024-08-11T14:51:06.7728767Z Removing libmono-system-deployment4.0-cil (6.12.0.200-0xamarin2+ubuntu2004b1) ...
2024-08-11T14:51:06.7942927Z Removing libmono-system-web-extensions-design4.0-cil (6.12.0.200-0xamarin2+ubuntu2004b1) ...
2024-08-11T14:51:06.8195316Z Removing libmono-system-drawing-design4.0-cil (6.12.0.200-0xamarin2+ubuntu2004b1) ...
2024-08-11T14:51:06.8376484Z Removing libmono-system-dynamic4.0-cil (6.12.0.200-0xamarin2+ubuntu2004b1) ...
2024-08-11T14:51:06.8648831Z Removing libmono-system-io-compression-filesystem4.0-cil (6.12.0.200-0xamarin2+ubuntu2004b1) ...
2024-08-11T14:51:06.8894969Z Removing libmono-system-io-compression4.0-cil (6.12.0.200-0xamarin2+ubuntu2004b1) ...
2024-08-11T14:51:06.9105896Z Removing libmono-system-json-microsoft4.0-cil (6.12.0.200-0xamarin2+ubuntu2004b1) ...
2024-08-11T14:51:06.9317751Z Removing libmono-system-json4.0-cil (6.12.0.200-0xamarin2+ubuntu2004b1) ...
2024-08-11T14:51:06.9503340Z Removing libmono-system-net-http-formatting4.0-cil (6.12.0.200-0xamarin2+ubuntu2004b1) ...
2024-08-11T14:51:06.9741768Z Removing libmono-system-net-http-webrequest4.0-cil (6.12.0.200-0xamarin2+ubuntu2004b1) ...
2024-08-11T14:51:06.9968563Z Removing libmono-system-net-http4.0-cil (6.12.0.200-0xamarin2+ubuntu2004b1) ...
2024-08-11T14:51:07.0172815Z Removing libmono-system-net4.0-cil (6.12.0.200-0xamarin2+ubuntu2004b1) ...
2024-08-11T14:51:07.0377456Z Removing libmono-system-numerics-vectors4.0-cil (6.12.0.200-0xamarin2+ubuntu2004b1) ...
2024-08-11T14:51:07.0595308Z Removing libmono-system-reactive-windows-forms2.2-cil (6.12.0.200-0xamarin2+ubuntu2004b1) ...
2024-08-11T14:51:07.0808176Z Removing libmono-system-reactive-debugger2.2-cil (6.12.0.200-0xamarin2+ubuntu2004b1) ...
2024-08-11T14:51:07.1117383Z Removing libmono-system-reactive-experimental2.2-cil (6.12.0.200-0xamarin2+ubuntu2004b1) ...
2024-08-11T14:51:07.1312873Z Removing libmono-system-reactive-runtime-remoting2.2-cil (6.12.0.200-0xamarin2+ubuntu2004b1) ...
2024-08-11T14:51:07.1546609Z Removing libmono-system-reactive-observable-aliases0.0-cil (6.12.0.200-0xamarin2+ubuntu2004b1) ...
2024-08-11T14:51:07.1747000Z Removing libmono-system-reactive-providers2.2-cil (6.12.0.200-0xamarin2+ubuntu2004b1) ...
2024-08-11T14:51:07.1958220Z Removing libmono-system-reactive-platformservices2.2-cil (6.12.0.200-0xamarin2+ubuntu2004b1) ...
2024-08-11T14:51:07.2162205Z Removing libmono-system-reactive-linq2.2-cil (6.12.0.200-0xamarin2+ubuntu2004b1) ...
2024-08-11T14:51:07.2351610Z Removing libmono-system-reflection-context4.0-cil (6.12.0.200-0xamarin2+ubuntu2004b1) ...
2024-08-11T14:51:07.2543343Z Removing libmono-system-runtime-durableinstancing4.0-cil (6.12.0.200-0xamarin2+ubuntu2004b1) ...
2024-08-11T14:51:07.2751229Z Removing libmono-system-runtime4.0-cil (6.12.0.200-0xamarin2+ubuntu2004b1) ...
2024-08-11T14:51:07.2961390Z Removing libmono-system-servicemodel-web4.0-cil (6.12.0.200-0xamarin2+ubuntu2004b1) ...
2024-08-11T14:51:07.3221642Z Removing libmono-system-servicemodel-routing4.0-cil (6.12.0.200-0xamarin2+ubuntu2004b1) ...
2024-08-11T14:51:07.3444839Z Removing libmono-system-servicemodel-discovery4.0-cil (6.12.0.200-0xamarin2+ubuntu2004b1) ...
2024-08-11T14:51:07.3650129Z Removing libmono-system-threading-tasks-dataflow4.0-cil (6.12.0.200-0xamarin2+ubuntu2004b1) ...
2024-08-11T14:51:07.3998760Z Removing libmono-system-web-abstractions4.0-cil (6.12.0.200-0xamarin2+ubuntu2004b1) ...
2024-08-11T14:51:07.4207470Z Removing libmono-system-web-mobile4.0-cil (6.12.0.200-0xamarin2+ubuntu2004b1) ...
2024-08-11T14:51:07.4441107Z Removing libmono-system-web-razor2.0-cil (6.12.0.200-0xamarin2+ubuntu2004b1) ...
2024-08-11T14:51:07.4659703Z Removing libmono-system-web-regularexpressions4.0-cil (6.12.0.200-0xamarin2+ubuntu2004b1) ...
2024-08-11T14:51:07.4871908Z Removing libmono-system-web-routing4.0-cil (6.12.0.200-0xamarin2+ubuntu2004b1) ...
2024-08-11T14:51:07.5081305Z Removing libmono-system-windows4.0-cil (6.12.0.200-0xamarin2+ubuntu2004b1) ...
2024-08-11T14:51:07.5310908Z Removing libmono-system-workflow-activities4.0-cil (6.12.0.200-0xamarin2+ubuntu2004b1) ...
2024-08-11T14:51:07.5597502Z Removing libmono-system-workflow-componentmodel4.0-cil (6.12.0.200-0xamarin2+ubuntu2004b1) ...
2024-08-11T14:51:07.5813880Z Removing libmono-system-workflow-runtime4.0-cil (6.12.0.200-0xamarin2+ubuntu2004b1) ...
2024-08-11T14:51:07.5999588Z Removing libmono-system-xaml4.0-cil (6.12.0.200-0xamarin2+ubuntu2004b1) ...
2024-08-11T14:51:07.6228072Z Removing libmono-tasklets4.0-cil (6.12.0.200-0xamarin2+ubuntu2004b1) ...
2024-08-11T14:51:07.6436221Z Removing libmonosgen-2.0-dev (6.12.0.200-0xamarin2+ubuntu2004b1) ...
2024-08-11T14:51:07.6646647Z Removing libmonosgen-2.0-1 (6.12.0.200-0xamarin2+ubuntu2004b1) ...
2024-08-11T14:51:07.7084597Z Removing perl (5.30.0-9ubuntu0.5) ...
2024-08-11T14:51:07.7920658Z Removing libmono-cecil-private-cil (6.12.0.200-0xamarin2+ubuntu2004b1) ...
2024-08-11T14:51:07.8333653Z Removing libmono-system-web-extensions4.0-cil (6.12.0.200-0xamarin2+ubuntu2004b1) ...
2024-08-11T14:51:07.8590115Z Removing libmono-system-servicemodel4.0a-cil (6.12.0.200-0xamarin2+ubuntu2004b1) ...
2024-08-11T14:51:07.8796974Z Removing libmono-system-messaging4.0-cil (6.12.0.200-0xamarin2+ubuntu2004b1) ...
2024-08-11T14:51:07.8994231Z Removing libmono-messaging4.0-cil (6.12.0.200-0xamarin2+ubuntu2004b1) ...
2024-08-11T14:51:07.9417753Z Removing libmono-system-configuration-install4.0-cil (6.12.0.200-0xamarin2+ubuntu2004b1) ...
2024-08-11T14:51:07.9624942Z Removing libmono-system-data-linq4.0-cil (6.12.0.200-0xamarin2+ubuntu2004b1) ...
2024-08-11T14:51:07.9912405Z Removing libmono-system-identitymodel-selectors4.0-cil (6.12.0.200-0xamarin2+ubuntu2004b1) ...
2024-08-11T14:51:08.0099791Z Removing libmono-system-identitymodel4.0-cil (6.12.0.200-0xamarin2+ubuntu2004b1) ...
2024-08-11T14:51:08.0306405Z Removing libmono-system-reactive-core2.2-cil (6.12.0.200-0xamarin2+ubuntu2004b1) ...
2024-08-11T14:51:08.0494063Z Removing libmono-system-reactive-interfaces2.2-cil (6.12.0.200-0xamarin2+ubuntu2004b1) ...
2024-08-11T14:51:08.0701930Z Removing libmono-system-runtime-serialization4.0-cil (6.12.0.200-0xamarin2+ubuntu2004b1) ...
2024-08-11T14:51:08.0884190Z Removing libmono-system-servicemodel-activation4.0-cil (6.12.0.200-0xamarin2+ubuntu2004b1) ...
2024-08-11T14:51:08.1091580Z Removing libmono-system-servicemodel-internals0.0-cil (6.12.0.200-0xamarin2+ubuntu2004b1) ...
2024-08-11T14:51:08.1302448Z Removing libmono-system-xml-linq4.0-cil (6.12.0.200-0xamarin2+ubuntu2004b1) ...
2024-08-11T14:51:08.1746983Z Removing libmono-system-web4.0-cil (6.12.0.200-0xamarin2+ubuntu2004b1) ...
2024-08-11T14:51:08.2069885Z Removing libmono-system-web-services4.0-cil (6.12.0.200-0xamarin2+ubuntu2004b1) ...
2024-08-11T14:51:08.2313293Z Removing libmono-system-ldap4.0-cil (6.12.0.200-0xamarin2+ubuntu2004b1) ...
2024-08-11T14:51:08.2507973Z Removing libmono-ldap4.0-cil (6.12.0.200-0xamarin2+ubuntu2004b1) ...
2024-08-11T14:51:08.2866572Z Removing libmono-sqlite4.0-cil (6.12.0.200-0xamarin2+ubuntu2004b1) ...
2024-08-11T14:51:08.3050485Z Removing libmono-system-componentmodel-dataannotations4.0-cil (6.12.0.200-0xamarin2+ubuntu2004b1) ...
2024-08-11T14:51:08.3350625Z Removing libmono-system-design4.0-cil (6.12.0.200-0xamarin2+ubuntu2004b1) ...
2024-08-11T14:51:08.3607110Z Removing libmono-system-web-applicationservices4.0-cil (6.12.0.200-0xamarin2+ubuntu2004b1) ...
2024-08-11T14:51:08.3841307Z Removing libmono-system-windows-forms4.0-cil (6.12.0.200-0xamarin2+ubuntu2004b1) ...
2024-08-11T14:51:08.4039068Z Removing libmono-accessibility4.0-cil (6.12.0.200-0xamarin2+ubuntu2004b1) ...
2024-08-11T14:51:08.4357102Z Removing libmono-i18n-west4.0-cil (6.12.0.200-0xamarin2+ubuntu2004b1) ...
2024-08-11T14:51:08.4553813Z Removing libmono-i18n4.0-cil (6.12.0.200-0xamarin2+ubuntu2004b1) ...
2024-08-11T14:51:08.4745789Z Removing libmono-posix4.0-cil (6.12.0.200-0xamarin2+ubuntu2004b1) ...
2024-08-11T14:51:08.5070182Z Removing libmono-system-data4.0-cil (6.12.0.200-0xamarin2+ubuntu2004b1) ...
2024-08-11T14:51:08.5265790Z Removing libmono-system-enterpriseservices4.0-cil (6.12.0.200-0xamarin2+ubuntu2004b1) ...
2024-08-11T14:51:08.5480794Z Removing libmono-system-runtime-serialization-formatters-soap4.0-cil (6.12.0.200-0xamarin2+ubuntu2004b1) ...
2024-08-11T14:51:08.5688600Z Removing libmono-system-transactions4.0-cil (6.12.0.200-0xamarin2+ubuntu2004b1) ...
2024-08-11T14:51:08.5878629Z Removing libmono-webbrowser4.0-cil (6.12.0.200-0xamarin2+ubuntu2004b1) ...
2024-08-11T14:51:08.6053487Z Removing libmono-system-drawing4.0-cil (6.12.0.200-0xamarin2+ubuntu2004b1) ...
2024-08-11T14:51:08.6237768Z Removing libgdiplus (6.0.5-0xamarin1+ubuntu2004b1) ...
2024-08-11T14:51:08.6498845Z Removing libmono-corlib4.5-cil (6.12.0.200-0xamarin2+ubuntu2004b1) ...
2024-08-11T14:51:08.6937176Z Removing mono-runtime (6.12.0.200-0xamarin2+ubuntu2004b1) ...
2024-08-11T14:51:08.7685828Z Removing mono-runtime-sgen (6.12.0.200-0xamarin2+ubuntu2004b1) ...
2024-08-11T14:51:08.7918024Z Removing mono-runtime-common (6.12.0.200-0xamarin2+ubuntu2004b1) ...
2024-08-11T14:51:08.8049107Z update-binfmts: warning: no executable /usr/bin/cli found, but continuing anyway as you request
2024-08-11T14:51:08.8422040Z Removing mono-gac (6.12.0.200-0xamarin2+ubuntu2004b1) ...
2024-08-11T14:51:08.8742404Z Removing mono-4.0-gac (6.12.0.200-0xamarin2+ubuntu2004b1) ...
2024-08-11T14:51:08.9020662Z Removing libmono-security4.0-cil (6.12.0.200-0xamarin2+ubuntu2004b1) ...
2024-08-11T14:51:08.9130099Z dpkg: warning: while removing libmono-security4.0-cil, directory '/etc/mono/certstore' not empty so not removed
2024-08-11T14:51:08.9289714Z Removing libmono-system4.0-cil (6.12.0.200-0xamarin2+ubuntu2004b1) ...
2024-08-11T14:51:08.9487733Z Removing libmono-system-configuration4.0-cil (6.12.0.200-0xamarin2+ubuntu2004b1) ...
2024-08-11T14:51:08.9847540Z Removing libmono-system-security4.0-cil (6.12.0.200-0xamarin2+ubuntu2004b1) ...
2024-08-11T14:51:09.0061981Z Removing libmono-system-numerics4.0-cil (6.12.0.200-0xamarin2+ubuntu2004b1) ...
2024-08-11T14:51:09.0620396Z Removing libmono-system-xml4.0-cil (6.12.0.200-0xamarin2+ubuntu2004b1) ...
2024-08-11T14:51:09.0798512Z Removing libmono-system-core4.0-cil (6.12.0.200-0xamarin2+ubuntu2004b1) ...
2024-08-11T14:51:09.1033069Z dpkg: warning: while removing libmono-system-core4.0-cil, directory '/usr/lib/mono' not empty so not removed
2024-08-11T14:51:09.1390157Z Processing triggers for libglib2.0-0:amd64 (2.64.6-1~ubuntu20.04.7) ...
2024-08-11T14:51:09.1558119Z Processing triggers for libc-bin (2.31-0ubuntu9.16) ...
2024-08-11T14:51:09.4536143Z Processing triggers for ufw (0.36-6ubuntu1.1) ...
2024-08-11T14:51:09.6104279Z Processing triggers for man-db (2.9.1-1) ...
2024-08-11T14:51:11.3382737Z Processing triggers for tex-common (6.13) ...
2024-08-11T14:51:11.4719584Z Processing triggers for ca-certificates (20230311ubuntu0.20.04.1) ...
2024-08-11T14:51:11.4765837Z Updating certificates in /etc/ssl/certs...
2024-08-11T14:51:11.9562536Z 0 added, 0 removed; done.
2024-08-11T14:51:11.9563333Z Running hooks in /etc/ca-certificates/update.d...
2024-08-11T14:51:12.0866230Z /etc/ssl/certs/adoptium/cacerts successfully populated.
2024-08-11T14:51:12.1041386Z Updating Mono key store
2024-08-11T14:51:12.1044406Z /etc/ca-certificates/update.d/mono-keystore: 10: /usr/bin/cert-sync: not found
2024-08-11T14:51:12.1045517Z Done
2024-08-11T14:51:12.1046573Z done.
2024-08-11T14:51:12.1094168Z Processing triggers for install-info (6.7.0.dfsg.2-5) ...
2024-08-11T14:51:12.2009463Z Processing triggers for mime-support (3.64ubuntu1) ...
2024-08-11T14:51:12.2942084Z (Reading database ... 
2024-08-11T14:51:12.2942894Z (Reading database ... 5%
2024-08-11T14:51:12.2943761Z (Reading database ... 10%
2024-08-11T14:51:12.2944432Z (Reading database ... 15%
2024-08-11T14:51:12.2945041Z (Reading database ... 20%
2024-08-11T14:51:12.2945678Z (Reading database ... 25%
2024-08-11T14:51:12.2946221Z (Reading database ... 30%
2024-08-11T14:51:12.2946831Z (Reading database ... 35%
2024-08-11T14:51:12.2947475Z (Reading database ... 40%
2024-08-11T14:51:12.2948025Z (Reading database ... 45%
2024-08-11T14:51:12.2948626Z (Reading database ... 50%
2024-08-11T14:51:12.2949359Z (Reading database ... 55%
2024-08-11T14:51:12.2955491Z (Reading database ... 60%
2024-08-11T14:51:12.2978277Z (Reading database ... 65%
2024-08-11T14:51:12.3011721Z (Reading database ... 70%
2024-08-11T14:51:12.3035907Z (Reading database ... 75%
2024-08-11T14:51:12.3137758Z (Reading database ... 80%
2024-08-11T14:51:12.3185021Z (Reading database ... 85%
2024-08-11T14:51:12.3384516Z (Reading database ... 90%
2024-08-11T14:51:12.3685303Z (Reading database ... 95%
2024-08-11T14:51:12.3688480Z (Reading database ... 100%
2024-08-11T14:51:12.3689902Z (Reading database ... 240092 files and directories currently installed.)
2024-08-11T14:51:12.3730972Z Purging configuration files for microsoft-edge-stable (127.0.2651.86-1) ...
2024-08-11T14:51:12.4142085Z Purging configuration files for postgresql-14 (14.12-1.pgdg20.04+1) ...
2024-08-11T14:51:12.5091975Z Dropping cluster main...
2024-08-11T14:51:12.5925100Z Purging configuration files for postgresql-client-common (261.pgdg20.04+1) ...
2024-08-11T14:51:12.6195415Z Purging configuration files for php8.0-pcov (1.0.11-5+ubuntu20.04.1+deb.sury.org+2) ...
2024-08-11T14:51:12.6464286Z Purging configuration files for php8.3-mongodb (1.19.3-1+ubuntu20.04.1+deb.sury.org+1) ...
2024-08-11T14:51:12.6731731Z Purging configuration files for php8.3-odbc (8.3.10-1+ubuntu20.04.1+deb.sury.org+1) ...
2024-08-11T14:51:12.8579960Z Purging configuration files for php8.2-mongodb (1.19.3-1+ubuntu20.04.1+deb.sury.org+1) ...
2024-08-11T14:51:12.8857165Z Purging configuration files for mysql-server-8.0 (8.0.39-0ubuntu0.20.04.1) ...
2024-08-11T14:51:13.5773608Z Purging configuration files for php8.0-tidy (1:8.0.30-8+ubuntu20.04.1+deb.sury.org+1) ...
2024-08-11T14:51:13.6766019Z Purging configuration files for php7.4-snmp (1:7.4.33-14+ubuntu20.04.1+deb.sury.org+1) ...
2024-08-11T14:51:13.7772391Z Purging configuration files for php7.4-gmp (1:7.4.33-14+ubuntu20.04.1+deb.sury.org+1) ...
2024-08-11T14:51:13.8761122Z Purging configuration files for php-common (2:94+ubuntu20.04.1+deb.sury.org+2) ...
2024-08-11T14:51:14.4584043Z Purging configuration files for php7.4-phpdbg (1:7.4.33-14+ubuntu20.04.1+deb.sury.org+1) ...
2024-08-11T14:51:14.5558698Z Purging configuration files for libnginx-mod-mail (1.18.0-0ubuntu1.5) ...
2024-08-11T14:51:14.5846716Z Purging configuration files for php8.2-odbc (8.2.22-1+ubuntu20.04.1+deb.sury.org+1) ...
2024-08-11T14:51:14.7562597Z Purging configuration files for php8.2-common (8.2.22-1+ubuntu20.04.1+deb.sury.org+1) ...
2024-08-11T14:51:15.9988408Z Purging configuration files for php8.2-ldap (8.2.22-1+ubuntu20.04.1+deb.sury.org+1) ...
2024-08-11T14:51:16.1012820Z Purging configuration files for google-chrome-stable (127.0.6533.88-1) ...
2024-08-11T14:51:16.1422505Z Purging configuration files for php-pear (1:1.10.13+submodules+notgz+2022032202-2+ubuntu20.04.1+deb.sury.org+1) ...
2024-08-11T14:51:16.1744481Z Purging configuration files for php7.4-amqp (2.1.2-1+ubuntu20.04.1+deb.sury.org+1) ...
2024-08-11T14:51:16.2018568Z Purging configuration files for php7.4-json (1:7.4.33-14+ubuntu20.04.1+deb.sury.org+1) ...
2024-08-11T14:51:16.3021692Z Purging configuration files for php8.2-memcache (8.2-2+ubuntu20.04.1+deb.sury.org+2) ...
2024-08-11T14:51:16.3305459Z Purging configuration files for php8.2-imap (8.2.22-1+ubuntu20.04.1+deb.sury.org+1) ...
2024-08-11T14:51:16.4316182Z Purging configuration files for php8.2-pgsql (8.2.22-1+ubuntu20.04.1+deb.sury.org+1) ...
2024-08-11T14:51:16.6037790Z Purging configuration files for php7.4-xml (1:7.4.33-14+ubuntu20.04.1+deb.sury.org+1) ...
2024-08-11T14:51:17.0570469Z Purging configuration files for php7.4-pgsql (1:7.4.33-14+ubuntu20.04.1+deb.sury.org+1) ...
2024-08-11T14:51:17.2329879Z Purging configuration files for php8.2-dba (8.2.22-1+ubuntu20.04.1+deb.sury.org+1) ...
2024-08-11T14:51:17.3360066Z Purging configuration files for php8.0-xml (1:8.0.30-8+ubuntu20.04.1+deb.sury.org+1) ...
2024-08-11T14:51:17.7948628Z Purging configuration files for php8.1-dba (8.1.29-1+ubuntu20.04.1+deb.sury.org+1) ...
2024-08-11T14:51:17.8968198Z Purging configuration files for php8.2-mysql (8.2.22-1+ubuntu20.04.1+deb.sury.org+1) ...
2024-08-11T14:51:18.1384180Z Purging configuration files for php7.4-common (1:7.4.33-14+ubuntu20.04.1+deb.sury.org+1) ...
2024-08-11T14:51:19.3841096Z Purging configuration files for php8.0-memcached (3.2.0++-1+ubuntu20.04.1+deb.sury.org+2) ...
2024-08-11T14:51:19.4110374Z Purging configuration files for php8.0-imap (1:8.0.30-8+ubuntu20.04.1+deb.sury.org+1) ...
2024-08-11T14:51:19.5144995Z Purging configuration files for php8.3-sybase (8.3.10-1+ubuntu20.04.1+deb.sury.org+1) ...
2024-08-11T14:51:19.6157355Z Purging configuration files for php7.4-apcu (5.1.23-1+ubuntu20.04.1+deb.sury.org+1) ...
2024-08-11T14:51:19.6438029Z Purging configuration files for php8.2-bz2 (8.2.22-1+ubuntu20.04.1+deb.sury.org+1) ...
2024-08-11T14:51:19.7441670Z Purging configuration files for php8.0-soap (1:8.0.30-8+ubuntu20.04.1+deb.sury.org+1) ...
2024-08-11T14:51:19.8457162Z Purging configuration files for php7.4-imagick (3.7.0-5+ubuntu20.04.1+deb.sury.org+1) ...
2024-08-11T14:51:19.8728223Z Purging configuration files for php8.1-snmp (8.1.29-1+ubuntu20.04.1+deb.sury.org+1) ...
2024-08-11T14:51:19.9736946Z Purging configuration files for php7.4-xmlrpc (1:7.4.33-14+ubuntu20.04.1+deb.sury.org+1) ...
2024-08-11T14:51:20.0780711Z Purging configuration files for php8.2-snmp (8.2.22-1+ubuntu20.04.1+deb.sury.org+1) ...
2024-08-11T14:51:20.1786706Z Purging configuration files for php8.1-bcmath (8.1.29-1+ubuntu20.04.1+deb.sury.org+1) ...
2024-08-11T14:51:20.2926889Z Purging configuration files for php7.4-curl (1:7.4.33-14+ubuntu20.04.1+deb.sury.org+1) ...
2024-08-11T14:51:20.3934981Z Purging configuration files for php8.0-apcu (5.1.23-1+ubuntu20.04.1+deb.sury.org+1) ...
2024-08-11T14:51:20.4202770Z Purging configuration files for php7.4-mysql (1:7.4.33-14+ubuntu20.04.1+deb.sury.org+1) ...
2024-08-11T14:51:20.6703527Z Purging configuration files for php7.4-zmq (1.1.3-24+ubuntu20.04.1+deb.sury.org+2) ...
2024-08-11T14:51:20.6980388Z Purging configuration files for php8.0-msgpack (1:2.2.0-4+ubuntu20.04.1+deb.sury.org+1) ...
2024-08-11T14:51:20.7264282Z Purging configuration files for php8.3-curl (8.3.10-1+ubuntu20.04.1+deb.sury.org+1) ...
2024-08-11T14:51:20.8344555Z Purging configuration files for php7.4-fpm (1:7.4.33-14+ubuntu20.04.1+deb.sury.org+1) ...
2024-08-11T14:51:21.6613631Z Purging configuration files for php8.2-bcmath (8.2.22-1+ubuntu20.04.1+deb.sury.org+1) ...
2024-08-11T14:51:21.7631938Z Purging configuration files for php8.1-gmp (8.1.29-1+ubuntu20.04.1+deb.sury.org+1) ...
2024-08-11T14:51:21.8643232Z Purging configuration files for php7.4-cgi (1:7.4.33-14+ubuntu20.04.1+deb.sury.org+1) ...
2024-08-11T14:51:21.9628793Z Purging configuration files for ca-certificates-mono (6.12.0.200-0xamarin2+ubuntu2004b1) ...
2024-08-11T14:51:21.9765138Z Purging configuration files for php8.0-mysql (1:8.0.30-8+ubuntu20.04.1+deb.sury.org+1) ...
2024-08-11T14:51:22.2198817Z Purging configuration files for mono-xsp4 (4.7.1-0xamarin3+ubuntu2004b1) ...
2024-08-11T14:51:23.2243896Z Purging configuration files for php8.1-xdebug (3.3.2-1+ubuntu20.04.1+deb.sury.org+1) ...
2024-08-11T14:51:23.2556017Z Purging configuration files for php8.1-bz2 (8.1.29-1+ubuntu20.04.1+deb.sury.org+1) ...
2024-08-11T14:51:23.3589667Z Purging configuration files for php8.1-mbstring (8.1.29-1+ubuntu20.04.1+deb.sury.org+1) ...
2024-08-11T14:51:23.4582008Z Purging configuration files for php7.4-enchant (1:7.4.33-14+ubuntu20.04.1+deb.sury.org+1) ...
2024-08-11T14:51:23.5575350Z Purging configuration files for php8.1-common (8.1.29-1+ubuntu20.04.1+deb.sury.org+1) ...
2024-08-11T14:51:24.8035219Z Purging configuration files for php8.3-imap (8.3.10-1+ubuntu20.04.1+deb.sury.org+1) ...
2024-08-11T14:51:24.9041615Z Purging configuration files for php7.4-bcmath (1:7.4.33-14+ubuntu20.04.1+deb.sury.org+1) ...
2024-08-11T14:51:25.0052368Z Purging configuration files for php8.2-zip (8.2.22-1+ubuntu20.04.1+deb.sury.org+1) ...
2024-08-11T14:51:25.1075289Z Purging configuration files for php7.4-memcache (1:4.0.5.2-1+ubuntu20.04.1+deb.sury.org+1) ...
2024-08-11T14:51:25.1341012Z Purging configuration files for php8.3-fpm (8.3.10-1+ubuntu20.04.1+deb.sury.org+1) ...
2024-08-11T14:51:25.9562422Z dpkg: warning: while removing php8.3-fpm, directory '/usr/share/php' not empty so not removed
2024-08-11T14:51:25.9752328Z Purging configuration files for php8.2-opcache (8.2.22-1+ubuntu20.04.1+deb.sury.org+1) ...
2024-08-11T14:51:26.0753218Z Purging configuration files for php8.1-imap (8.1.29-1+ubuntu20.04.1+deb.sury.org+1) ...
2024-08-11T14:51:26.1739220Z Purging configuration files for php8.0-interbase (1:8.0.30-8+ubuntu20.04.1+deb.sury.org+1) ...
2024-08-11T14:51:26.2736658Z Purging configuration files for php8.0-mbstring (1:8.0.30-8+ubuntu20.04.1+deb.sury.org+1) ...
2024-08-11T14:51:26.3746186Z Purging configuration files for apache2 (2.4.41-4ubuntu3.21) ...
2024-08-11T14:51:27.4848889Z Purging configuration files for php8.2-readline (8.2.22-1+ubuntu20.04.1+deb.sury.org+1) ...
2024-08-11T14:51:27.5846132Z Purging configuration files for php8.2-mbstring (8.2.22-1+ubuntu20.04.1+deb.sury.org+1) ...
2024-08-11T14:51:27.6906666Z Purging configuration files for php8.1-memcached (3.2.0++-1+ubuntu20.04.1+deb.sury.org+2) ...
2024-08-11T14:51:27.7193697Z Purging configuration files for libgl1-mesa-dri:amd64 (21.2.6-0ubuntu0.1~20.04.2) ...
2024-08-11T14:51:27.7498166Z Purging configuration files for libnginx-mod-http-image-filter (1.18.0-0ubuntu1.5) ...
2024-08-11T14:51:27.7789025Z Purging configuration files for php8.3-pgsql (8.3.10-1+ubuntu20.04.1+deb.sury.org+1) ...
2024-08-11T14:51:27.9530748Z Purging configuration files for php8.1-gd (8.1.29-1+ubuntu20.04.1+deb.sury.org+1) ...
2024-08-11T14:51:28.0524432Z Purging configuration files for php8.2-xdebug (3.3.2-1+ubuntu20.04.1+deb.sury.org+1) ...
2024-08-11T14:51:28.0829377Z Purging configuration files for libmagickcore-dev (8:6.9.10.23+dfsg-2.1ubuntu11.10) ...
2024-08-11T14:51:28.1107789Z Purging configuration files for php8.1-phpdbg (8.1.29-1+ubuntu20.04.1+deb.sury.org+1) ...
2024-08-11T14:51:28.2093506Z Purging configuration files for libnginx-mod-stream (1.18.0-0ubuntu1.5) ...
2024-08-11T14:51:28.2372492Z Purging configuration files for php7.4-imap (1:7.4.33-14+ubuntu20.04.1+deb.sury.org+1) ...
2024-08-11T14:51:28.3368061Z Purging configuration files for php8.3-intl (8.3.10-1+ubuntu20.04.1+deb.sury.org+1) ...
2024-08-11T14:51:28.4370959Z Purging configuration files for php8.3-xdebug (3.3.2-1+ubuntu20.04.1+deb.sury.org+1) ...
2024-08-11T14:51:28.4794722Z Purging configuration files for rpm (4.14.2.1+dfsg1-1build2) ...
2024-08-11T14:51:28.5057833Z Purging configuration files for php7.4-readline (1:7.4.33-14+ubuntu20.04.1+deb.sury.org+1) ...
2024-08-11T14:51:28.6069040Z Purging configuration files for php8.0-zmq (1.1.3-24+ubuntu20.04.1+deb.sury.org+2) ...
2024-08-11T14:51:28.6340263Z Purging configuration files for php7.4-xdebug (1:3.1.6-1+ubuntu20.04.1+deb.sury.org+1) ...
2024-08-11T14:51:28.6610855Z Purging configuration files for nginx-common (1.18.0-0ubuntu1.5) ...
2024-08-11T14:51:29.5921783Z dpkg: warning: while removing nginx-common, directory '/var/www/html' not empty so not removed
2024-08-11T14:51:29.6130618Z Purging configuration files for php7.4-mbstring (1:7.4.33-14+ubuntu20.04.1+deb.sury.org+1) ...
2024-08-11T14:51:29.7142329Z Purging configuration files for php8.3-igbinary (3.2.15-1+ubuntu20.04.1+deb.sury.org+1) ...
2024-08-11T14:51:29.7439256Z Purging configuration files for php8.0-bz2 (1:8.0.30-8+ubuntu20.04.1+deb.sury.org+1) ...
2024-08-11T14:51:29.8433364Z Purging configuration files for php7.4-odbc (1:7.4.33-14+ubuntu20.04.1+deb.sury.org+1) ...
2024-08-11T14:51:30.0129467Z Purging configuration files for mono-runtime-common (6.12.0.200-0xamarin2+ubuntu2004b1) ...
2024-08-11T14:51:30.0385985Z Purging configuration files for php8.1-pgsql (8.1.29-1+ubuntu20.04.1+deb.sury.org+1) ...
2024-08-11T14:51:30.2146999Z Purging configuration files for php8.0-zip (1:8.0.30-8+ubuntu20.04.1+deb.sury.org+1) ...
2024-08-11T14:51:30.3156795Z Purging configuration files for php8.0-intl (1:8.0.30-8+ubuntu20.04.1+deb.sury.org+1) ...
2024-08-11T14:51:30.4153581Z Purging configuration files for php7.4-bz2 (1:7.4.33-14+ubuntu20.04.1+deb.sury.org+1) ...
2024-08-11T14:51:30.5151674Z Purging configuration files for php8.2-amqp (2.1.2-1+ubuntu20.04.1+deb.sury.org+1) ...
2024-08-11T14:51:30.5432871Z Purging configuration files for php8.3-common (8.3.10-1+ubuntu20.04.1+deb.sury.org+1) ...
2024-08-11T14:51:31.7725385Z Purging configuration files for php7.4-cli (1:7.4.33-14+ubuntu20.04.1+deb.sury.org+1) ...
2024-08-11T14:51:31.8677660Z Purging configuration files for php8.3-cli (8.3.10-1+ubuntu20.04.1+deb.sury.org+1) ...
2024-08-11T14:51:31.9636728Z Purging configuration files for php8.1-zmq (1.1.3-24+ubuntu20.04.1+deb.sury.org+2) ...
2024-08-11T14:51:31.9897842Z Purging configuration files for php8.1-msgpack (1:2.2.0-4+ubuntu20.04.1+deb.sury.org+1) ...
2024-08-11T14:51:32.0166979Z Purging configuration files for php8.0-yaml (2.2.3-2+ubuntu20.04.1+deb.sury.org+2) ...
2024-08-11T14:51:32.0432862Z Purging configuration files for mono-devel (6.12.0.200-0xamarin2+ubuntu2004b1) ...
2024-08-11T14:51:32.0496099Z dpkg: warning: while removing mono-devel, directory '/etc/mono' not empty so not removed
2024-08-11T14:51:32.0587694Z Purging configuration files for php8.3-dba (8.3.10-1+ubuntu20.04.1+deb.sury.org+1) ...
2024-08-11T14:51:32.1761032Z Purging configuration files for php8.3-zip (8.3.10-1+ubuntu20.04.1+deb.sury.org+1) ...
2024-08-11T14:51:32.2785932Z Purging configuration files for libxml-sax-perl (1.02+dfsg-1) ...
2024-08-11T14:51:32.3727699Z Purging configuration files for php8.3-tidy (8.3.10-1+ubuntu20.04.1+deb.sury.org+1) ...
2024-08-11T14:51:32.4724067Z Purging configuration files for php7.4-intl (1:7.4.33-14+ubuntu20.04.1+deb.sury.org+1) ...
2024-08-11T14:51:32.5720997Z Purging configuration files for php8.2-intl (8.2.22-1+ubuntu20.04.1+deb.sury.org+1) ...
2024-08-11T14:51:32.6712173Z Purging configuration files for php8.0-bcmath (1:8.0.30-8+ubuntu20.04.1+deb.sury.org+1) ...
2024-08-11T14:51:32.7711790Z Purging configuration files for php8.0-odbc (1:8.0.30-8+ubuntu20.04.1+deb.sury.org+1) ...
2024-08-11T14:51:32.9419901Z Purging configuration files for php8.2-enchant (8.2.22-1+ubuntu20.04.1+deb.sury.org+1) ...
2024-08-11T14:51:33.0403517Z Purging configuration files for php8.0-gd (1:8.0.30-8+ubuntu20.04.1+deb.sury.org+1) ...
2024-08-11T14:51:33.1397352Z Purging configuration files for php8.1-curl (8.1.29-1+ubuntu20.04.1+deb.sury.org+1) ...
2024-08-11T14:51:33.2387886Z Purging configuration files for php8.0-memcache (8.2-2+ubuntu20.04.1+deb.sury.org+2) ...
2024-08-11T14:51:33.2664885Z Purging configuration files for php8.1-odbc (8.1.29-1+ubuntu20.04.1+deb.sury.org+1) ...
2024-08-11T14:51:33.4359623Z Purging configuration files for dpkg-dev (1.19.7ubuntu3.2) ...
2024-08-11T14:51:33.4494613Z Purging configuration files for pkgconf (1.6.3-5) ...
2024-08-11T14:51:33.4744759Z Purging configuration files for php8.1-yaml (2.2.3-2+ubuntu20.04.1+deb.sury.org+2) ...
2024-08-11T14:51:33.5001180Z Purging configuration files for php7.4-msgpack (1:2.2.0-4+ubuntu20.04.1+deb.sury.org+1) ...
2024-08-11T14:51:33.5242252Z Purging configuration files for php8.0-gmp (1:8.0.30-8+ubuntu20.04.1+deb.sury.org+1) ...
2024-08-11T14:51:33.6230450Z Purging configuration files for php8.1-sqlite3 (8.1.29-1+ubuntu20.04.1+deb.sury.org+1) ...
2024-08-11T14:51:33.7941820Z Purging configuration files for php8.2-igbinary (3.2.15-1+ubuntu20.04.1+deb.sury.org+1) ...
2024-08-11T14:51:33.8337342Z Purging configuration files for php8.3-mysql (8.3.10-1+ubuntu20.04.1+deb.sury.org+1) ...
2024-08-11T14:51:34.0729177Z Purging configuration files for php8.3-sqlite3 (8.3.10-1+ubuntu20.04.1+deb.sury.org+1) ...
2024-08-11T14:51:34.2458727Z Purging configuration files for php8.2-phpdbg (8.2.22-1+ubuntu20.04.1+deb.sury.org+1) ...
2024-08-11T14:51:34.3419275Z Purging configuration files for php8.1-xml (8.1.29-1+ubuntu20.04.1+deb.sury.org+1) ...
2024-08-11T14:51:34.7949583Z Purging configuration files for php8.0-cgi (1:8.0.30-8+ubuntu20.04.1+deb.sury.org+1) ...
2024-08-11T14:51:34.8927746Z Purging configuration files for php8.0-pspell (1:8.0.30-8+ubuntu20.04.1+deb.sury.org+1) ...
2024-08-11T14:51:34.9917315Z Purging configuration files for php8.0-fpm (1:8.0.30-8+ubuntu20.04.1+deb.sury.org+1) ...
2024-08-11T14:51:35.8649595Z Purging configuration files for php8.0-mongodb (1.19.3-1+ubuntu20.04.1+deb.sury.org+1) ...
2024-08-11T14:51:35.8946670Z Purging configuration files for php8.0-curl (1:8.0.30-8+ubuntu20.04.1+deb.sury.org+1) ...
2024-08-11T14:51:35.9954898Z Purging configuration files for php8.1-soap (8.1.29-1+ubuntu20.04.1+deb.sury.org+1) ...
2024-08-11T14:51:36.0948300Z Purging configuration files for php8.0-phpdbg (1:8.0.30-8+ubuntu20.04.1+deb.sury.org+1) ...
2024-08-11T14:51:36.2004021Z Purging configuration files for php8.3-cgi (8.3.10-1+ubuntu20.04.1+deb.sury.org+1) ...
2024-08-11T14:51:36.2972678Z Purging configuration files for libnginx-mod-http-xslt-filter (1.18.0-0ubuntu1.5) ...
2024-08-11T14:51:36.3239879Z Purging configuration files for php8.3-zmq (1.1.3-24+ubuntu20.04.1+deb.sury.org+2) ...
2024-08-11T14:51:36.3506803Z Purging configuration files for php8.2-fpm (8.2.22-1+ubuntu20.04.1+deb.sury.org+1) ...
2024-08-11T14:51:37.1898769Z Purging configuration files for monodoc-http (4.2-3xamarin5+ubuntu2004b1) ...
2024-08-11T14:51:37.2168141Z Purging configuration files for perl (5.30.0-9ubuntu0.5) ...
2024-08-11T14:51:37.2516169Z Purging configuration files for php8.3-mbstring (8.3.10-1+ubuntu20.04.1+deb.sury.org+1) ...
2024-08-11T14:51:37.3529631Z Purging configuration files for php8.1-enchant (8.1.29-1+ubuntu20.04.1+deb.sury.org+1) ...
2024-08-11T14:51:37.4524126Z Purging configuration files for php8.3-enchant (8.3.10-1+ubuntu20.04.1+deb.sury.org+1) ...
2024-08-11T14:51:37.5514403Z Purging configuration files for php8.1-fpm (8.1.29-1+ubuntu20.04.1+deb.sury.org+1) ...
2024-08-11T14:51:38.3873233Z Purging configuration files for php8.2-memcached (3.2.0++-1+ubuntu20.04.1+deb.sury.org+2) ...
2024-08-11T14:51:38.4149794Z Purging configuration files for php7.4-yaml (1:2.2.3-1+ubuntu20.04.1+deb.sury.org+2) ...
2024-08-11T14:51:38.4413817Z Purging configuration files for php8.2-curl (8.2.22-1+ubuntu20.04.1+deb.sury.org+1) ...
2024-08-11T14:51:38.5392634Z Purging configuration files for php8.3-readline (8.3.10-1+ubuntu20.04.1+deb.sury.org+1) ...
2024-08-11T14:51:38.6377733Z Purging configuration files for php7.4-zip (1:7.4.33-14+ubuntu20.04.1+deb.sury.org+1) ...
2024-08-11T14:51:38.7368106Z Purging configuration files for php8.1-mysql (8.1.29-1+ubuntu20.04.1+deb.sury.org+1) ...
2024-08-11T14:51:38.9801895Z Purging configuration files for php7.4-igbinary (3.2.15-1+ubuntu20.04.1+deb.sury.org+1) ...
2024-08-11T14:51:39.0062990Z Purging configuration files for php8.3-interbase (8.3.10-1+ubuntu20.04.1+deb.sury.org+1) ...
2024-08-11T14:51:39.1064208Z Purging configuration files for php8.1-cli (8.1.29-1+ubuntu20.04.1+deb.sury.org+1) ...
2024-08-11T14:51:39.2024975Z Purging configuration files for php8.2-interbase (8.2.22-1+ubuntu20.04.1+deb.sury.org+1) ...
2024-08-11T14:51:39.3028140Z Purging configuration files for php8.2-xml (8.2.22-1+ubuntu20.04.1+deb.sury.org+1) ...
2024-08-11T14:51:39.7598899Z Purging configuration files for php8.3-gmp (8.3.10-1+ubuntu20.04.1+deb.sury.org+1) ...
2024-08-11T14:51:39.8603064Z Purging configuration files for php8.2-imagick (3.7.0-5+ubuntu20.04.1+deb.sury.org+1) ...
2024-08-11T14:51:39.8877766Z Purging configuration files for php7.4-pspell (1:7.4.33-14+ubuntu20.04.1+deb.sury.org+1) ...
2024-08-11T14:51:39.9867794Z Purging configuration files for libmono-profiler (6.12.0.200-0xamarin2+ubuntu2004b1) ...
2024-08-11T14:51:40.0115505Z Purging configuration files for php8.2-pspell (8.2.22-1+ubuntu20.04.1+deb.sury.org+1) ...
2024-08-11T14:51:40.1107069Z Purging configuration files for php7.4-dba (1:7.4.33-14+ubuntu20.04.1+deb.sury.org+1) ...
2024-08-11T14:51:40.2092589Z Purging configuration files for postgresql-common (261.pgdg20.04+1) ...
2024-08-11T14:51:41.6906180Z Purging configuration files for php8.0-readline (1:8.0.30-8+ubuntu20.04.1+deb.sury.org+1) ...
2024-08-11T14:51:41.7907169Z Purging configuration files for php8.0-amqp (2.1.2-1+ubuntu20.04.1+deb.sury.org+1) ...
2024-08-11T14:51:41.8330422Z Purging configuration files for php8.2-redis (6.0.2-1+ubuntu20.04.1+deb.sury.org+1) ...
2024-08-11T14:51:41.8581320Z Purging configuration files for php7.4-interbase (1:7.4.33-14+ubuntu20.04.1+deb.sury.org+1) ...
2024-08-11T14:51:41.9570773Z Purging configuration files for git (1:2.46.0-0ppa1~ubuntu20.04.1) ...
2024-08-11T14:51:41.9877547Z Purging configuration files for php8.0-cli (1:8.0.30-8+ubuntu20.04.1+deb.sury.org+1) ...
2024-08-11T14:51:42.0838572Z Purging configuration files for php8.2-zmq (1.1.3-24+ubuntu20.04.1+deb.sury.org+2) ...
2024-08-11T14:51:42.1089852Z Purging configuration files for php8.3-msgpack (1:2.2.0-4+ubuntu20.04.1+deb.sury.org+1) ...
2024-08-11T14:51:42.1341281Z Purging configuration files for texinfo (6.7.0.dfsg.2-5) ...
2024-08-11T14:51:42.1656170Z Purging configuration files for php8.2-apcu (5.1.23-1+ubuntu20.04.1+deb.sury.org+1) ...
2024-08-11T14:51:42.1906302Z Purging configuration files for php8.0-opcache (1:8.0.30-8+ubuntu20.04.1+deb.sury.org+1) ...
2024-08-11T14:51:42.2896585Z Purging configuration files for php8.3-soap (8.3.10-1+ubuntu20.04.1+deb.sury.org+1) ...
2024-08-11T14:51:42.3879267Z Purging configuration files for php8.1-tidy (8.1.29-1+ubuntu20.04.1+deb.sury.org+1) ...
2024-08-11T14:51:42.4847930Z Purging configuration files for parallel (20161222-1.1) ...
2024-08-11T14:51:42.5119623Z Purging configuration files for autoconf (2.69-11.1) ...
2024-08-11T14:51:42.5245026Z Purging configuration files for php8.3-ldap (8.3.10-1+ubuntu20.04.1+deb.sury.org+1) ...
2024-08-11T14:51:42.6228834Z Purging configuration files for php8.0-common (1:8.0.30-8+ubuntu20.04.1+deb.sury.org+1) ...
2024-08-11T14:51:43.8464366Z Purging configuration files for php8.0-xdebug (3.3.2-1+ubuntu20.04.1+deb.sury.org+1) ...
2024-08-11T14:51:43.8734163Z Purging configuration files for php8.0-ldap (1:8.0.30-8+ubuntu20.04.1+deb.sury.org+1) ...
2024-08-11T14:51:43.9715518Z Purging configuration files for php8.2-cgi (8.2.22-1+ubuntu20.04.1+deb.sury.org+1) ...
2024-08-11T14:51:44.0660923Z Purging configuration files for php8.3-bcmath (8.3.10-1+ubuntu20.04.1+deb.sury.org+1) ...
2024-08-11T14:51:44.1649201Z Purging configuration files for php8.2-msgpack (1:2.2.0-4+ubuntu20.04.1+deb.sury.org+1) ...
2024-08-11T14:51:44.1913427Z Purging configuration files for php8.1-zip (8.1.29-1+ubuntu20.04.1+deb.sury.org+1) ...
2024-08-11T14:51:44.2875352Z Purging configuration files for php8.0-redis (6.0.2-1+ubuntu20.04.1+deb.sury.org+1) ...
2024-08-11T14:51:44.3139543Z Purging configuration files for php8.1-redis (6.0.2-1+ubuntu20.04.1+deb.sury.org+1) ...
2024-08-11T14:51:44.3404350Z Purging configuration files for libmagickwand-dev (8:6.9.10.23+dfsg-2.1ubuntu11.10) ...
2024-08-11T14:51:44.3678746Z Purging configuration files for php8.1-amqp (2.1.2-1+ubuntu20.04.1+deb.sury.org+1) ...
2024-08-11T14:51:44.3934790Z Purging configuration files for php7.4-ldap (1:7.4.33-14+ubuntu20.04.1+deb.sury.org+1) ...
2024-08-11T14:51:44.4918178Z Purging configuration files for php8.3-yaml (2.2.3-2+ubuntu20.04.1+deb.sury.org+2) ...
2024-08-11T14:51:44.5174601Z Purging configuration files for php8.1-igbinary (3.2.15-1+ubuntu20.04.1+deb.sury.org+1) ...
2024-08-11T14:51:44.5431424Z Purging configuration files for php8.2-gmp (8.2.22-1+ubuntu20.04.1+deb.sury.org+1) ...
2024-08-11T14:51:44.6413736Z Purging configuration files for php8.0-pgsql (1:8.0.30-8+ubuntu20.04.1+deb.sury.org+1) ...
2024-08-11T14:51:44.8141163Z Purging configuration files for php8.0-enchant (1:8.0.30-8+ubuntu20.04.1+deb.sury.org+1) ...
2024-08-11T14:51:44.9103005Z Purging configuration files for php8.3-bz2 (8.3.10-1+ubuntu20.04.1+deb.sury.org+1) ...
2024-08-11T14:51:45.0135916Z Purging configuration files for php7.4-opcache (1:7.4.33-14+ubuntu20.04.1+deb.sury.org+1) ...
2024-08-11T14:51:45.1140218Z Purging configuration files for php8.1-memcache (8.2-2+ubuntu20.04.1+deb.sury.org+2) ...
2024-08-11T14:51:45.1402751Z Purging configuration files for php8.2-gd (8.2.22-1+ubuntu20.04.1+deb.sury.org+1) ...
2024-08-11T14:51:45.2387662Z Purging configuration files for php7.4-pcov (1.0.11-5+ubuntu20.04.1+deb.sury.org+2) ...
2024-08-11T14:51:45.2675884Z Purging configuration files for php8.1-pspell (8.1.29-1+ubuntu20.04.1+deb.sury.org+1) ...
2024-08-11T14:51:45.3663966Z Purging configuration files for php8.3-xml (8.3.10-1+ubuntu20.04.1+deb.sury.org+1) ...
2024-08-11T14:51:45.8195364Z Purging configuration files for php8.1-readline (8.1.29-1+ubuntu20.04.1+deb.sury.org+1) ...
2024-08-11T14:51:45.9219452Z Purging configuration files for php8.0-sqlite3 (1:8.0.30-8+ubuntu20.04.1+deb.sury.org+1) ...
2024-08-11T14:51:46.0947892Z Purging configuration files for php8.3-apcu (5.1.23-1+ubuntu20.04.1+deb.sury.org+1) ...
2024-08-11T14:51:46.1222965Z Purging configuration files for php8.2-yaml (2.2.3-2+ubuntu20.04.1+deb.sury.org+2) ...
2024-08-11T14:51:46.1647183Z Purging configuration files for php8.3-pspell (8.3.10-1+ubuntu20.04.1+deb.sury.org+1) ...
2024-08-11T14:51:46.2652528Z Purging configuration files for php7.4-mongodb (1.19.3-1+ubuntu20.04.1+deb.sury.org+1) ...
2024-08-11T14:51:46.2921738Z Purging configuration files for php8.3-imagick (3.7.0-5+ubuntu20.04.1+deb.sury.org+1) ...
2024-08-11T14:51:46.3196489Z Purging configuration files for php8.1-imagick (3.7.0-5+ubuntu20.04.1+deb.sury.org+1) ...
2024-08-11T14:51:46.3457478Z Purging configuration files for php8.3-opcache (8.3.10-1+ubuntu20.04.1+deb.sury.org+1) ...
2024-08-11T14:51:46.4447280Z Purging configuration files for php8.2-sybase (8.2.22-1+ubuntu20.04.1+deb.sury.org+1) ...
2024-08-11T14:51:46.5452058Z Purging configuration files for php8.2-cli (8.2.22-1+ubuntu20.04.1+deb.sury.org+1) ...
2024-08-11T14:51:46.6419446Z Purging configuration files for php8.3-amqp (2.1.2-1+ubuntu20.04.1+deb.sury.org+1) ...
2024-08-11T14:51:46.6686943Z Purging configuration files for php7.4-sqlite3 (1:7.4.33-14+ubuntu20.04.1+deb.sury.org+1) ...
2024-08-11T14:51:46.8394085Z Purging configuration files for php8.1-cgi (8.1.29-1+ubuntu20.04.1+deb.sury.org+1) ...
2024-08-11T14:51:46.9345960Z Purging configuration files for php8.2-pcov (1.0.11-5+ubuntu20.04.1+deb.sury.org+2) ...
2024-08-11T14:51:46.9431212Z dpkg: warning: while removing php8.2-pcov, directory '/etc/php/8.2/mods-available' not empty so not removed
2024-08-11T14:51:46.9607942Z Purging configuration files for php8.0-dba (1:8.0.30-8+ubuntu20.04.1+deb.sury.org+1) ...
2024-08-11T14:51:47.0581024Z Purging configuration files for php8.3-memcache (8.2-2+ubuntu20.04.1+deb.sury.org+2) ...
2024-08-11T14:51:47.0842731Z Purging configuration files for php8.2-sqlite3 (8.2.22-1+ubuntu20.04.1+deb.sury.org+1) ...
2024-08-11T14:51:47.2533409Z Purging configuration files for php8.3-phpdbg (8.3.10-1+ubuntu20.04.1+deb.sury.org+1) ...
2024-08-11T14:51:47.3496938Z Purging configuration files for php8.2-soap (8.2.22-1+ubuntu20.04.1+deb.sury.org+1) ...
2024-08-11T14:51:47.4479123Z Purging configuration files for php7.4-tidy (1:7.4.33-14+ubuntu20.04.1+deb.sury.org+1) ...
2024-08-11T14:51:47.5482795Z Purging configuration files for php8.0-snmp (1:8.0.30-8+ubuntu20.04.1+deb.sury.org+1) ...
2024-08-11T14:51:47.6481972Z Purging configuration files for php7.4-soap (1:7.4.33-14+ubuntu20.04.1+deb.sury.org+1) ...
2024-08-11T14:51:47.7458586Z Purging configuration files for php8.3-memcached (3.2.0++-1+ubuntu20.04.1+deb.sury.org+2) ...
2024-08-11T14:51:47.7713496Z Purging configuration files for php7.4-sybase (1:7.4.33-14+ubuntu20.04.1+deb.sury.org+1) ...
2024-08-11T14:51:47.8687879Z Purging configuration files for php8.1-interbase (8.1.29-1+ubuntu20.04.1+deb.sury.org+1) ...
2024-08-11T14:51:47.9661012Z Purging configuration files for php8.0-igbinary (3.2.15-1+ubuntu20.04.1+deb.sury.org+1) ...
2024-08-11T14:51:47.9922752Z Purging configuration files for php8.2-tidy (8.2.22-1+ubuntu20.04.1+deb.sury.org+1) ...
2024-08-11T14:51:48.0908982Z Purging configuration files for php7.4-redis (6.0.2-1+ubuntu20.04.1+deb.sury.org+1) ...
2024-08-11T14:51:48.1168426Z Purging configuration files for php8.0-sybase (1:8.0.30-8+ubuntu20.04.1+deb.sury.org+1) ...
2024-08-11T14:51:48.2146389Z Purging configuration files for php8.1-opcache (8.1.29-1+ubuntu20.04.1+deb.sury.org+1) ...
2024-08-11T14:51:48.3123563Z Purging configuration files for php8.1-intl (8.1.29-1+ubuntu20.04.1+deb.sury.org+1) ...
2024-08-11T14:51:48.4117806Z Purging configuration files for php8.3-pcov (1.0.11-5+ubuntu20.04.1+deb.sury.org+2) ...
2024-08-11T14:51:48.4383066Z Purging configuration files for php7.4-gd (1:7.4.33-14+ubuntu20.04.1+deb.sury.org+1) ...
2024-08-11T14:51:48.5351267Z Purging configuration files for php8.1-sybase (8.1.29-1+ubuntu20.04.1+deb.sury.org+1) ...
2024-08-11T14:51:48.6361988Z Purging configuration files for php7.4-memcached (3.2.0++-1+ubuntu20.04.1+deb.sury.org+2) ...
2024-08-11T14:51:48.6627644Z Purging configuration files for php8.0-imagick (3.7.0-5+ubuntu20.04.1+deb.sury.org+1) ...
2024-08-11T14:51:48.6885272Z Purging configuration files for php8.1-mongodb (1.19.3-1+ubuntu20.04.1+deb.sury.org+1) ...
2024-08-11T14:51:48.7144196Z Purging configuration files for php8.1-apcu (5.1.23-1+ubuntu20.04.1+deb.sury.org+1) ...
2024-08-11T14:51:48.7404479Z Purging configuration files for php8.3-snmp (8.3.10-1+ubuntu20.04.1+deb.sury.org+1) ...
2024-08-11T14:51:48.8367222Z Purging configuration files for php8.1-ldap (8.1.29-1+ubuntu20.04.1+deb.sury.org+1) ...
2024-08-11T14:51:48.9358470Z Purging configuration files for php8.3-redis (6.0.2-1+ubuntu20.04.1+deb.sury.org+1) ...
2024-08-11T14:51:48.9448721Z dpkg: warning: while removing php8.3-redis, directory '/etc/php/8.3/mods-available' not empty so not removed
2024-08-11T14:51:48.9634274Z Purging configuration files for php8.3-gd (8.3.10-1+ubuntu20.04.1+deb.sury.org+1) ...
2024-08-11T14:51:49.0612313Z Purging configuration files for php8.1-pcov (1.0.11-5+ubuntu20.04.1+deb.sury.org+2) ...
2024-08-11T14:51:49.1188982Z Processing triggers for systemd (245.4-4ubuntu3.23) ...
2024-08-11T14:51:49.3439248Z Processing triggers for ufw (0.36-6ubuntu1.1) ...
2024-08-11T14:51:51.9995140Z Selecting previously unselected package perl.
2024-08-11T14:51:52.0047160Z (Reading database ... 
2024-08-11T14:51:52.0048033Z (Reading database ... 5%
2024-08-11T14:51:52.0048854Z (Reading database ... 10%
2024-08-11T14:51:52.0049995Z (Reading database ... 15%
2024-08-11T14:51:52.0050903Z (Reading database ... 20%
2024-08-11T14:51:52.0051599Z (Reading database ... 25%
2024-08-11T14:51:52.0052169Z (Reading database ... 30%
2024-08-11T14:51:52.0052742Z (Reading database ... 35%
2024-08-11T14:51:52.0053910Z (Reading database ... 40%
2024-08-11T14:51:52.0054480Z (Reading database ... 45%
2024-08-11T14:51:52.0055060Z (Reading database ... 50%
2024-08-11T14:51:52.0066459Z (Reading database ... 55%
2024-08-11T14:51:52.0084808Z (Reading database ... 60%
2024-08-11T14:51:52.0112872Z (Reading database ... 65%
2024-08-11T14:51:52.0127172Z (Reading database ... 70%
2024-08-11T14:51:52.0153410Z (Reading database ... 75%
2024-08-11T14:51:52.0244652Z (Reading database ... 80%
2024-08-11T14:51:52.0286613Z (Reading database ... 85%
2024-08-11T14:51:52.0482909Z (Reading database ... 90%
2024-08-11T14:51:52.0792098Z (Reading database ... 95%
2024-08-11T14:51:52.0793298Z (Reading database ... 100%
2024-08-11T14:51:52.0794544Z (Reading database ... 239699 files and directories currently installed.)
2024-08-11T14:51:52.0838148Z Preparing to unpack .../perl_5.30.0-9ubuntu0.5_amd64.deb ...
2024-08-11T14:51:52.0909706Z Unpacking perl (5.30.0-9ubuntu0.5) ...
2024-08-11T14:51:52.1302821Z dpkg: warning: downgrading libpcre2-8-0:amd64 from 10.42-3+ubuntu20.04.1+deb.sury.org+1 to 10.34-7ubuntu0.1
2024-08-11T14:51:52.1439327Z Preparing to unpack .../libpcre2-8-0_10.34-7ubuntu0.1_amd64.deb ...
2024-08-11T14:51:52.1538219Z Unpacking libpcre2-8-0:amd64 (10.34-7ubuntu0.1) over (10.42-3+ubuntu20.04.1+deb.sury.org+1) ...
2024-08-11T14:51:52.2087053Z Setting up libpcre2-8-0:amd64 (10.34-7ubuntu0.1) ...
2024-08-11T14:51:52.2380821Z Selecting previously unselected package autoconf.
2024-08-11T14:51:52.2434910Z (Reading database ... 
2024-08-11T14:51:52.2435685Z (Reading database ... 5%
2024-08-11T14:51:52.2436339Z (Reading database ... 10%
2024-08-11T14:51:52.2436812Z (Reading database ... 15%
2024-08-11T14:51:52.2437280Z (Reading database ... 20%
2024-08-11T14:51:52.2437740Z (Reading database ... 25%
2024-08-11T14:51:52.2438175Z (Reading database ... 30%
2024-08-11T14:51:52.2438599Z (Reading database ... 35%
2024-08-11T14:51:52.2439043Z (Reading database ... 40%
2024-08-11T14:51:52.2439471Z (Reading database ... 45%
2024-08-11T14:51:52.2439882Z (Reading database ... 50%
2024-08-11T14:51:52.2444374Z (Reading database ... 55%
2024-08-11T14:51:52.2461671Z (Reading database ... 60%
2024-08-11T14:51:52.2489768Z (Reading database ... 65%
2024-08-11T14:51:52.2503599Z (Reading database ... 70%
2024-08-11T14:51:52.2530965Z (Reading database ... 75%
2024-08-11T14:51:52.2623690Z (Reading database ... 80%
2024-08-11T14:51:52.2667382Z (Reading database ... 85%
2024-08-11T14:51:52.2866169Z (Reading database ... 90%
2024-08-11T14:51:52.3162074Z (Reading database ... 95%
2024-08-11T14:51:52.3163006Z (Reading database ... 100%
2024-08-11T14:51:52.3163750Z (Reading database ... 239764 files and directories currently installed.)
2024-08-11T14:51:52.3207866Z Preparing to unpack .../00-autoconf_2.69-11.1_all.deb ...
2024-08-11T14:51:52.3219279Z Unpacking autoconf (2.69-11.1) ...
2024-08-11T14:51:52.3669585Z Selecting previously unselected package automake.
2024-08-11T14:51:52.3807225Z Preparing to unpack .../01-automake_1%3a1.16.1-4ubuntu6_all.deb ...
2024-08-11T14:51:52.3837967Z Unpacking automake (1:1.16.1-4ubuntu6) ...
2024-08-11T14:51:52.4399754Z Selecting previously unselected package libdpkg-perl.
2024-08-11T14:51:52.4536118Z Preparing to unpack .../02-libdpkg-perl_1.19.7ubuntu3.2_all.deb ...
2024-08-11T14:51:52.4548676Z Unpacking libdpkg-perl (1.19.7ubuntu3.2) ...
2024-08-11T14:51:52.4995144Z Selecting previously unselected package dpkg-dev.
2024-08-11T14:51:52.5131766Z Preparing to unpack .../03-dpkg-dev_1.19.7ubuntu3.2_all.deb ...
2024-08-11T14:51:52.5142659Z Unpacking dpkg-dev (1.19.7ubuntu3.2) ...
2024-08-11T14:51:52.5818884Z Selecting previously unselected package build-essential.
2024-08-11T14:51:52.5957489Z Preparing to unpack .../04-build-essential_12.8ubuntu1.1_amd64.deb ...
2024-08-11T14:51:52.5967990Z Unpacking build-essential (12.8ubuntu1.1) ...
2024-08-11T14:51:52.6171597Z Selecting previously unselected package liberror-perl.
2024-08-11T14:51:52.6306070Z Preparing to unpack .../05-liberror-perl_0.17029-1_all.deb ...
2024-08-11T14:51:52.6317687Z Unpacking liberror-perl (0.17029-1) ...
2024-08-11T14:51:52.6565852Z Selecting previously unselected package git-man.
2024-08-11T14:51:52.6698379Z Preparing to unpack .../06-git-man_1%3a2.25.1-1ubuntu3.13_all.deb ...
2024-08-11T14:51:52.6710819Z Unpacking git-man (1:2.25.1-1ubuntu3.13) ...
2024-08-11T14:51:52.7577850Z Selecting previously unselected package git.
2024-08-11T14:51:52.7716950Z Preparing to unpack .../07-git_1%3a2.25.1-1ubuntu3.13_amd64.deb ...
2024-08-11T14:51:52.7885063Z Unpacking git (1:2.25.1-1ubuntu3.13) ...
2024-08-11T14:51:53.2309336Z Selecting previously unselected package libalgorithm-diff-perl.
2024-08-11T14:51:53.2449953Z Preparing to unpack .../08-libalgorithm-diff-perl_1.19.03-2_all.deb ...
2024-08-11T14:51:53.2464110Z Unpacking libalgorithm-diff-perl (1.19.03-2) ...
2024-08-11T14:51:53.2695918Z Selecting previously unselected package libalgorithm-diff-xs-perl.
2024-08-11T14:51:53.2833729Z Preparing to unpack .../09-libalgorithm-diff-xs-perl_0.04-6_amd64.deb ...
2024-08-11T14:51:53.2849435Z Unpacking libalgorithm-diff-xs-perl (0.04-6) ...
2024-08-11T14:51:53.3063195Z Selecting previously unselected package libalgorithm-merge-perl.
2024-08-11T14:51:53.3200012Z Preparing to unpack .../10-libalgorithm-merge-perl_0.08-3_all.deb ...
2024-08-11T14:51:53.3212020Z Unpacking libalgorithm-merge-perl (0.08-3) ...
2024-08-11T14:51:53.3456049Z Selecting previously unselected package libfile-fcntllock-perl.
2024-08-11T14:51:53.3591312Z Preparing to unpack .../11-libfile-fcntllock-perl_0.22-3build4_amd64.deb ...
2024-08-11T14:51:53.3603484Z Unpacking libfile-fcntllock-perl (0.22-3build4) ...
2024-08-11T14:51:53.3859094Z dpkg: warning: downgrading libgd3:amd64 from 2.3.3-12+ubuntu20.04.1+deb.sury.org+1 to 2.2.5-5.2ubuntu2.1
2024-08-11T14:51:53.3993113Z Preparing to unpack .../12-libgd3_2.2.5-5.2ubuntu2.1_amd64.deb ...
2024-08-11T14:51:53.4031120Z Unpacking libgd3:amd64 (2.2.5-5.2ubuntu2.1) over (2.3.3-12+ubuntu20.04.1+deb.sury.org+1) ...
2024-08-11T14:51:53.4350994Z dpkg: warning: downgrading libpcre2-16-0:amd64 from 10.42-3+ubuntu20.04.1+deb.sury.org+1 to 10.34-7ubuntu0.1
2024-08-11T14:51:53.4484234Z Preparing to unpack .../13-libpcre2-16-0_10.34-7ubuntu0.1_amd64.deb ...
2024-08-11T14:51:53.4517199Z Unpacking libpcre2-16-0:amd64 (10.34-7ubuntu0.1) over (10.42-3+ubuntu20.04.1+deb.sury.org+1) ...
2024-08-11T14:51:53.4871941Z dpkg: warning: downgrading libpcre2-32-0:amd64 from 10.42-3+ubuntu20.04.1+deb.sury.org+1 to 10.34-7ubuntu0.1
2024-08-11T14:51:53.5004691Z Preparing to unpack .../14-libpcre2-32-0_10.34-7ubuntu0.1_amd64.deb ...
2024-08-11T14:51:53.5286340Z Unpacking libpcre2-32-0:amd64 (10.34-7ubuntu0.1) over (10.42-3+ubuntu20.04.1+deb.sury.org+1) ...
2024-08-11T14:51:53.5648240Z Selecting previously unselected package libpcre2-dev:amd64.
2024-08-11T14:51:53.5786335Z Preparing to unpack .../15-libpcre2-dev_10.34-7ubuntu0.1_amd64.deb ...
2024-08-11T14:51:53.5796111Z Unpacking libpcre2-dev:amd64 (10.34-7ubuntu0.1) ...
2024-08-11T14:51:53.6537526Z Selecting previously unselected package libselinux1-dev:amd64.
2024-08-11T14:51:53.6677340Z Preparing to unpack .../16-libselinux1-dev_3.0-1build2_amd64.deb ...
2024-08-11T14:51:53.6685768Z Unpacking libselinux1-dev:amd64 (3.0-1build2) ...
2024-08-11T14:51:53.7145549Z Selecting previously unselected package pkg-config.
2024-08-11T14:51:53.7284001Z Preparing to unpack .../17-pkg-config_0.29.1-0ubuntu4_amd64.deb ...
2024-08-11T14:51:53.7292890Z Unpacking pkg-config (0.29.1-0ubuntu4) ...
2024-08-11T14:51:53.7536562Z Selecting previously unselected package libglib2.0-dev:amd64.
2024-08-11T14:51:53.7673195Z Preparing to unpack .../18-libglib2.0-dev_2.64.6-1~ubuntu20.04.7_amd64.deb ...
2024-08-11T14:51:53.7685178Z Unpacking libglib2.0-dev:amd64 (2.64.6-1~ubuntu20.04.7) ...
2024-08-11T14:51:53.9579810Z Setting up libpcre2-16-0:amd64 (10.34-7ubuntu0.1) ...
2024-08-11T14:51:53.9613341Z Setting up perl (5.30.0-9ubuntu0.5) ...
2024-08-11T14:51:53.9715074Z Setting up libpcre2-32-0:amd64 (10.34-7ubuntu0.1) ...
2024-08-11T14:51:53.9755360Z Setting up libgd3:amd64 (2.2.5-5.2ubuntu2.1) ...
2024-08-11T14:51:53.9797447Z Setting up libdpkg-perl (1.19.7ubuntu3.2) ...
2024-08-11T14:51:53.9835905Z Setting up autoconf (2.69-11.1) ...
2024-08-11T14:51:53.9875760Z Setting up git-man (1:2.25.1-1ubuntu3.13) ...
2024-08-11T14:51:53.9913306Z Setting up automake (1:1.16.1-4ubuntu6) ...
2024-08-11T14:51:53.9977907Z update-alternatives: using /usr/bin/automake-1.16 to provide /usr/bin/automake (automake) in auto mode
2024-08-11T14:51:54.0032451Z Setting up libpcre2-dev:amd64 (10.34-7ubuntu0.1) ...
2024-08-11T14:51:54.0065470Z Setting up libfile-fcntllock-perl (0.22-3build4) ...
2024-08-11T14:51:54.0098441Z Setting up libselinux1-dev:amd64 (3.0-1build2) ...
2024-08-11T14:51:54.0126668Z Setting up libalgorithm-diff-perl (1.19.03-2) ...
2024-08-11T14:51:54.0167706Z Setting up dpkg-dev (1.19.7ubuntu3.2) ...
2024-08-11T14:51:54.0219002Z Setting up liberror-perl (0.17029-1) ...
2024-08-11T14:51:54.0246417Z Setting up pkg-config (0.29.1-0ubuntu4) ...
2024-08-11T14:51:54.0592350Z Setting up git (1:2.25.1-1ubuntu3.13) ...
2024-08-11T14:51:54.0799762Z Setting up build-essential (12.8ubuntu1.1) ...
2024-08-11T14:51:54.0831997Z Setting up libalgorithm-diff-xs-perl (0.04-6) ...
2024-08-11T14:51:54.0864450Z Setting up libalgorithm-merge-perl (0.08-3) ...
2024-08-11T14:51:54.0893531Z Setting up libglib2.0-dev:amd64 (2.64.6-1~ubuntu20.04.7) ...
2024-08-11T14:51:54.0932451Z Processing triggers for libglib2.0-0:amd64 (2.64.6-1~ubuntu20.04.7) ...
2024-08-11T14:51:54.1048403Z Processing triggers for libc-bin (2.31-0ubuntu9.16) ...
2024-08-11T14:51:54.1203255Z Processing triggers for man-db (2.9.1-1) ...
2024-08-11T14:51:59.5254831Z Processing triggers for install-info (6.7.0.dfsg.2-5) ...
2024-08-11T14:52:00.9921959Z ##[group]Run # pawpaw debug
2024-08-11T14:52:00.9922440Z [36;1m# pawpaw debug[0m
2024-08-11T14:52:00.9922812Z [36;1mPAWPAW_DEBUG=0[0m
2024-08-11T14:52:00.9923190Z [36;1m[[ "false" = "true" ]] && PAWPAW_DEBUG=1[0m
2024-08-11T14:52:00.9923791Z [36;1mecho "PAWPAW_DEBUG=${PAWPAW_DEBUG}" >> $GITHUB_ENV[0m
2024-08-11T14:52:00.9924285Z [36;1m# pawpaw lto[0m
2024-08-11T14:52:00.9924840Z [36;1mPAWPAW_SKIP_LTO=1[0m
2024-08-11T14:52:00.9925325Z [36;1m[[ "false" = "true" ]] && PAWPAW_SKIP_LTO=0[0m
2024-08-11T14:52:00.9925911Z [36;1mecho "PAWPAW_SKIP_LTO=${PAWPAW_SKIP_LTO}" >> $GITHUB_ENV[0m
2024-08-11T14:52:00.9926441Z [36;1m# pawpaw target[0m
2024-08-11T14:52:00.9926806Z [36;1mPAWPAW_TARGET="source"[0m
2024-08-11T14:52:00.9927579Z [36;1m[[ "${PAWPAW_TARGET}" = "linux" || "${PAWPAW_TARGET}" = "pluginval" || "${PAWPAW_TARGET}" = "plugin-validation" ]] && PAWPAW_TARGET=linux-x86_64[0m
2024-08-11T14:52:00.9928541Z [36;1m[[ "${PAWPAW_TARGET}" = "macos" ]] && PAWPAW_TARGET=macos-universal[0m
2024-08-11T14:52:00.9929268Z [36;1m[[ "${PAWPAW_TARGET}" = "macos-intel" ]] && PAWPAW_TARGET=macos[0m
2024-08-11T14:52:00.9929901Z [36;1mecho "PAWPAW_TARGET=${PAWPAW_TARGET}" >> $GITHUB_ENV[0m
2024-08-11T14:52:00.9930427Z [36;1m# make extra args[0m
2024-08-11T14:52:00.9931030Z [36;1mecho "MAKE_EXTRA_ARGS=DEBUG=false HAVE_CAIRO=false WITH_LTO=false " >> $GITHUB_ENV[0m
2024-08-11T14:52:00.9967807Z shell: /usr/bin/bash --noprofile --norc -e -o pipefail {0}
2024-08-11T14:52:00.9968329Z env:
2024-08-11T14:52:00.9968624Z   PAWPAW_SKIP_LV2: 0
2024-08-11T14:52:00.9968998Z   DEBIAN_FRONTEND: noninteractive
2024-08-11T14:52:00.9969402Z   HOMEBREW_NO_AUTO_UPDATE: 1
2024-08-11T14:52:00.9969772Z   HOMEBREW_NO_INSTALL_CLEANUP: 1
2024-08-11T14:52:00.9970173Z   LIBGL_ALWAYS_SOFTWARE: true
2024-08-11T14:52:00.9970535Z   PAWPAW_CACHE_VERSION: 8
2024-08-11T14:52:00.9970985Z   PAWPAW_COMMIT_HASH: 80607a764da0b5a6b2daa4d5dd165beafa0535bc
2024-08-11T14:52:00.9971489Z   PAWPAW_SKIP_GLIB: 1
2024-08-11T14:52:00.9971827Z   UBUNTU_CODENAME: focal
2024-08-11T14:52:00.9972174Z   UBUNTU_VERSION: 20.04
2024-08-11T14:52:00.9972518Z ##[endgroup]
2024-08-11T14:52:01.0237168Z ##[group]Run echo "SHA8=$(echo 29fd60d6365c6df04f47ff0eb82b916dd948315e | cut -c1-8)" >> $GITHUB_ENV
2024-08-11T14:52:01.0238027Z [36;1mecho "SHA8=$(echo 29fd60d6365c6df04f47ff0eb82b916dd948315e | cut -c1-8)" >> $GITHUB_ENV[0m
2024-08-11T14:52:01.0270693Z shell: /usr/bin/bash --noprofile --norc -e -o pipefail {0}
2024-08-11T14:52:01.0271200Z env:
2024-08-11T14:52:01.0271498Z   PAWPAW_SKIP_LV2: 0
2024-08-11T14:52:01.0271883Z   DEBIAN_FRONTEND: noninteractive
2024-08-11T14:52:01.0272288Z   HOMEBREW_NO_AUTO_UPDATE: 1
2024-08-11T14:52:01.0272662Z   HOMEBREW_NO_INSTALL_CLEANUP: 1
2024-08-11T14:52:01.0273058Z   LIBGL_ALWAYS_SOFTWARE: true
2024-08-11T14:52:01.0273428Z   PAWPAW_CACHE_VERSION: 8
2024-08-11T14:52:01.0273892Z   PAWPAW_COMMIT_HASH: 80607a764da0b5a6b2daa4d5dd165beafa0535bc
2024-08-11T14:52:01.0274383Z   PAWPAW_SKIP_GLIB: 1
2024-08-11T14:52:01.0274896Z   UBUNTU_CODENAME: focal
2024-08-11T14:52:01.0275265Z   UBUNTU_VERSION: 20.04
2024-08-11T14:52:01.0275598Z   PAWPAW_DEBUG: 0
2024-08-11T14:52:01.0275912Z   PAWPAW_SKIP_LTO: 1
2024-08-11T14:52:01.0276253Z   PAWPAW_TARGET: source
2024-08-11T14:52:01.0276693Z   MAKE_EXTRA_ARGS: DEBUG=false HAVE_CAIRO=false WITH_LTO=false 
2024-08-11T14:52:01.0277170Z ##[endgroup]
2024-08-11T14:52:01.0370345Z ##[group]Run [[ "false" = "true" ]] && TARGET_SUFFIX="-debug"
2024-08-11T14:52:01.0370914Z [36;1m[[ "false" = "true" ]] && TARGET_SUFFIX="-debug"[0m
2024-08-11T14:52:01.0371661Z [36;1mecho "ARTIFACT_BASENAME=MonoSpatializer_ui-source${TARGET_SUFFIX}-29fd60d6" >> $GITHUB_ENV[0m
2024-08-11T14:52:01.0372578Z [36;1mecho "RELEASE_BASENAME=MonoSpatializer_ui-$(echo master | sed 's|/|-|g')" >> $GITHUB_ENV[0m
2024-08-11T14:52:01.0404693Z shell: /usr/bin/bash --noprofile --norc -e -o pipefail {0}
2024-08-11T14:52:01.0405179Z env:
2024-08-11T14:52:01.0405460Z   PAWPAW_SKIP_LV2: 0
2024-08-11T14:52:01.0405851Z   DEBIAN_FRONTEND: noninteractive
2024-08-11T14:52:01.0406269Z   HOMEBREW_NO_AUTO_UPDATE: 1
2024-08-11T14:52:01.0406612Z   HOMEBREW_NO_INSTALL_CLEANUP: 1
2024-08-11T14:52:01.0407020Z   LIBGL_ALWAYS_SOFTWARE: true
2024-08-11T14:52:01.0407413Z   PAWPAW_CACHE_VERSION: 8
2024-08-11T14:52:01.0407845Z   PAWPAW_COMMIT_HASH: 80607a764da0b5a6b2daa4d5dd165beafa0535bc
2024-08-11T14:52:01.0408365Z   PAWPAW_SKIP_GLIB: 1
2024-08-11T14:52:01.0408912Z   UBUNTU_CODENAME: focal
2024-08-11T14:52:01.0409230Z   UBUNTU_VERSION: 20.04
2024-08-11T14:52:01.0409611Z   PAWPAW_DEBUG: 0
2024-08-11T14:52:01.0409950Z   PAWPAW_SKIP_LTO: 1
2024-08-11T14:52:01.0410285Z   PAWPAW_TARGET: source
2024-08-11T14:52:01.0410732Z   MAKE_EXTRA_ARGS: DEBUG=false HAVE_CAIRO=false WITH_LTO=false 
2024-08-11T14:52:01.0411219Z   SHA8: 29fd60d6
2024-08-11T14:52:01.0411524Z ##[endgroup]
2024-08-11T14:52:01.0546819Z ##[group]Run tar chJf ../MonoSpatializer_ui-master-src.tar.xz \
2024-08-11T14:52:01.0547471Z [36;1mtar chJf ../MonoSpatializer_ui-master-src.tar.xz \[0m
2024-08-11T14:52:01.0548027Z [36;1m    --exclude=".git*" \[0m
2024-08-11T14:52:01.0548467Z [36;1m    --transform='s,^\.\.,-.-.,' \[0m
2024-08-11T14:52:01.0548946Z [36;1m    --transform='s,^\.,MonoSpatializer_ui-master,' \[0m
2024-08-11T14:52:01.0549484Z [36;1m    --transform='s,^-\.-\.,..,' \[0m
2024-08-11T14:52:01.0549903Z [36;1m    .[0m
2024-08-11T14:52:01.0550267Z [36;1mmv ../MonoSpatializer_ui-master-src.tar.xz .[0m
2024-08-11T14:52:01.0550955Z [36;1mecho RELEASE_FILENAME=MonoSpatializer_ui-master-src.tar.xz >> $GITHUB_ENV[0m
2024-08-11T14:52:01.0583636Z shell: /usr/bin/bash --noprofile --norc -e -o pipefail {0}
2024-08-11T14:52:01.0584217Z env:
2024-08-11T14:52:01.0584486Z   PAWPAW_SKIP_LV2: 0
2024-08-11T14:52:01.0584850Z   DEBIAN_FRONTEND: noninteractive
2024-08-11T14:52:01.0585294Z   HOMEBREW_NO_AUTO_UPDATE: 1
2024-08-11T14:52:01.0585651Z   HOMEBREW_NO_INSTALL_CLEANUP: 1
2024-08-11T14:52:01.0586041Z   LIBGL_ALWAYS_SOFTWARE: true
2024-08-11T14:52:01.0586454Z   PAWPAW_CACHE_VERSION: 8
2024-08-11T14:52:01.0586918Z   PAWPAW_COMMIT_HASH: 80607a764da0b5a6b2daa4d5dd165beafa0535bc
2024-08-11T14:52:01.0587405Z   PAWPAW_SKIP_GLIB: 1
2024-08-11T14:52:01.0587779Z   UBUNTU_CODENAME: focal
2024-08-11T14:52:01.0588129Z   UBUNTU_VERSION: 20.04
2024-08-11T14:52:01.0588450Z   PAWPAW_DEBUG: 0
2024-08-11T14:52:01.0588803Z   PAWPAW_SKIP_LTO: 1
2024-08-11T14:52:01.0589140Z   PAWPAW_TARGET: source
2024-08-11T14:52:01.0589589Z   MAKE_EXTRA_ARGS: DEBUG=false HAVE_CAIRO=false WITH_LTO=false 
2024-08-11T14:52:01.0590123Z   SHA8: 29fd60d6
2024-08-11T14:52:01.0590532Z   ARTIFACT_BASENAME: MonoSpatializer_ui-source-29fd60d6
2024-08-11T14:52:01.0591039Z   RELEASE_BASENAME: MonoSpatializer_ui-master
2024-08-11T14:52:01.0591497Z ##[endgroup]
2024-08-11T14:52:01.1323866Z Post job cleanup.
2024-08-11T14:52:01.1391224Z Post job cleanup.
2024-08-11T14:52:01.2103884Z [command]/usr/bin/git version
2024-08-11T14:52:01.2140646Z git version 2.25.1
2024-08-11T14:52:01.2183547Z Temporarily overriding HOME='/home/runner/work/_temp/5984acc8-2017-4a3e-a07d-4a335d93a7fd' before making global git config changes
2024-08-11T14:52:01.2185584Z Adding repository directory to the temporary git global config as a safe directory
2024-08-11T14:52:01.2188418Z [command]/usr/bin/git config --global --add safe.directory /home/runner/work/MonoSpatializer_ui/MonoSpatializer_ui
2024-08-11T14:52:01.2220344Z [command]/usr/bin/git config --local --name-only --get-regexp core\.sshCommand
2024-08-11T14:52:01.2249571Z [command]/usr/bin/git submodule foreach --recursive sh -c "git config --local --name-only --get-regexp 'core\.sshCommand' && git config --local --unset-all 'core.sshCommand' || :"
2024-08-11T14:52:01.2485522Z [command]/usr/bin/git config --local --name-only --get-regexp http\.https\:\/\/github\.com\/\.extraheader
2024-08-11T14:52:01.2504144Z http.https://github.com/.extraheader
2024-08-11T14:52:01.2516312Z [command]/usr/bin/git config --local --unset-all http.https://github.com/.extraheader
2024-08-11T14:52:01.2546764Z [command]/usr/bin/git submodule foreach --recursive sh -c "git config --local --name-only --get-regexp 'http\.https\:\/\/github\.com\/\.extraheader' && git config --local --unset-all 'http.https://github.com/.extraheader' || :"
2024-08-11T14:52:01.3000670Z Cleaning up orphan processes
